Unity Editor version:    6000.2.0b2 (2bdac9ac0d74)
Branch:                  6000.2/respin/6000.2.0b2-d4c40f50eb81
Build type:              Release
Batch mode:              YES
macOS version:           Version 15.5 (Build 24F74)
Darwin version:          24.5.0
Architecture:            arm64
Running under Rosetta:   NO
Available memory:        8192 MB
Date:                    2025-07-13T14:50:27Z
[Licensing::Module] Trying to connect to existing licensing client channel...
[Licensing::IpcConnector] Successfully connected to: "LicenseClient-devon" at "2025-07-13T14:50:27.555884Z"
Launching external process: /Applications/Unity/Hub/Editor/6000.2.0b2/Unity.app/Contents/Resources/PackageManager/Server/UnityPackageManager

COMMAND LINE ARGUMENTS:
/Applications/Unity/Hub/Editor/6000.2.0b2/Unity.app/Contents/MacOS/Unity
-batchmode
-quit
-projectPath
.
-logFile
compile.log
Successfully changed project path to: /Users/devon/Documents/Cursor/Projects
/Users/devon/Documents/Cursor/Projects
[UnityMemory] Configuration Parameters - Can be set up in boot.config
    "memorysetup-allocator-temp-initial-block-size-main=262144"
    "memorysetup-allocator-temp-initial-block-size-worker=262144"
    "memorysetup-bucket-allocator-granularity=16"
    "memorysetup-bucket-allocator-bucket-count=8"
    "memorysetup-bucket-allocator-block-size=33554432"
    "memorysetup-bucket-allocator-block-count=8"
    "memorysetup-main-allocator-block-size=16777216"
    "memorysetup-thread-allocator-block-size=16777216"
    "memorysetup-gfx-main-allocator-block-size=16777216"
    "memorysetup-gfx-thread-allocator-block-size=16777216"
    "memorysetup-cache-allocator-block-size=4194304"
    "memorysetup-typetree-allocator-block-size=2097152"
    "memorysetup-profiler-bucket-allocator-granularity=16"
    "memorysetup-profiler-bucket-allocator-bucket-count=8"
    "memorysetup-profiler-bucket-allocator-block-size=33554432"
    "memorysetup-profiler-bucket-allocator-block-count=8"
    "memorysetup-profiler-allocator-block-size=16777216"
    "memorysetup-profiler-editor-allocator-block-size=1048576"
    "memorysetup-temp-allocator-size-main=16777216"
    "memorysetup-job-temp-allocator-block-size=2097152"
    "memorysetup-job-temp-allocator-block-size-background=1048576"
    "memorysetup-job-temp-allocator-reduction-small-platforms=262144"
    "memorysetup-temp-allocator-size-background-worker=32768"
    "memorysetup-temp-allocator-size-job-worker=262144"
    "memorysetup-temp-allocator-size-preload-manager=33554432"
    "memorysetup-temp-allocator-size-nav-mesh-worker=65536"
    "memorysetup-temp-allocator-size-audio-worker=65536"
    "memorysetup-temp-allocator-size-cloud-worker=32768"
    "memorysetup-temp-allocator-size-gi-baking-worker=262144"
    "memorysetup-temp-allocator-size-gi-baking-worker=262144"
    "memorysetup-temp-allocator-size-gi-baking-worker=262144"
    "memorysetup-temp-allocator-size-gi-baking-worker=262144"
    "memorysetup-temp-allocator-size-gi-baking-worker=262144"
    "memorysetup-temp-allocator-size-gfx=262144"
Player connection [8390221568]  Target information:

Player connection [8390221568]  * "[IP] 192.168.0.89 [Port] 55505 [Flags] 2 [Guid] 1993497833 [EditorId] 1993497833 [Version] 1048832 [Id] OSXEditor(0,Devons-MacBook-Air.local) [Debug] 1 [PackageName] OSXEditor [ProjectName] Editor" 

Player connection [8390221568] Host joined multi-casting on [225.0.0.222:54997]...
Player connection [8390221568] Host joined alternative multi-casting on [225.0.0.222:34997]...
Input System module state changed to: Initialized.
[Physics::Module] Initialized fallback backend.
[Physics::Module] Id: 0xdecafbad
[Licensing::Client] Code 10 while verifying Licensing Client signature (process Id: 1672, path: "/Applications/Unity Hub.app/Contents/Frameworks/UnityLicensingClient_V1.app/Contents/MacOS/Unity.Licensing.Client")
[Licensing::Module] LicensingClient has failed validation; ignoring
[Licensing::Client] Handshaking with LicensingClient:
  Version:                 1.17.0+aa6cfba
  Session Id:              ba03fd8a3d7d4d368be7a28242309378
  Correlation Id:          f733ce8f0a0daa77bb7bf947ebf4e5b8
  External correlation Id: 91360040950268868
  Machine Id:              GsWKSAAWUnbEEE99YjM7pWSOBUs=
[Licensing::Module] Successfully connected to LicensingClient on channel: "LicenseClient-devon" (connect: 0.00s, validation: 0.01s, handshake: 0.69s)
[Licensing::IpcConnector] Successfully connected to: "LicenseClient-devon-notifications" at "2025-07-13T14:50:28.260934Z"
[Licensing::Module] Error: Access token is unavailable; failed to update
[Licensing::Client] Successfully resolved entitlement details
[Licensing::Module] License group:
  Id: 2475842261900-UnityPersXXXX
  Product: Unity Personal
  Type: Assigned
  Expiration: Unlimited
[Licensing::Client] Successfully updated license, isAsync: True, time: 0.01
[Licensing::Client] Successfully resolved entitlement details
[Licensing::Module] Licensing Background thread has ended after 0.72s
[Package Manager] Connected to IPC stream "Upm-66602" after 0.3 seconds.
Library Redirect Path: Library/
Rebuilding Library because the asset database could not be found!
[Package Manager] Done resolving packages in 1.57 seconds
[Licensing::Client] Successfully resolved entitlement details
[Package Manager] Lock file was modified
[Package Manager] Registered 35 packages:
  Built-in packages:
    com.unity.multiplayer.center@1.0.0 (location: /Users/devon/Documents/Cursor/Projects/Library/PackageCache/com.unity.multiplayer.center@f3fb577b3546)
    com.unity.modules.accessibility@1.0.0 (location: /Applications/Unity/Hub/Editor/6000.2.0b2/Unity.app/Contents/Resources/PackageManager/BuiltInPackages/com.unity.modules.accessibility)
    com.unity.modules.ai@1.0.0 (location: /Applications/Unity/Hub/Editor/6000.2.0b2/Unity.app/Contents/Resources/PackageManager/BuiltInPackages/com.unity.modules.ai)
    com.unity.modules.androidjni@1.0.0 (location: /Applications/Unity/Hub/Editor/6000.2.0b2/Unity.app/Contents/Resources/PackageManager/BuiltInPackages/com.unity.modules.androidjni)
    com.unity.modules.animation@1.0.0 (location: /Applications/Unity/Hub/Editor/6000.2.0b2/Unity.app/Contents/Resources/PackageManager/BuiltInPackages/com.unity.modules.animation)
    com.unity.modules.assetbundle@1.0.0 (location: /Applications/Unity/Hub/Editor/6000.2.0b2/Unity.app/Contents/Resources/PackageManager/BuiltInPackages/com.unity.modules.assetbundle)
    com.unity.modules.audio@1.0.0 (location: /Applications/Unity/Hub/Editor/6000.2.0b2/Unity.app/Contents/Resources/PackageManager/BuiltInPackages/com.unity.modules.audio)
    com.unity.modules.cloth@1.0.0 (location: /Applications/Unity/Hub/Editor/6000.2.0b2/Unity.app/Contents/Resources/PackageManager/BuiltInPackages/com.unity.modules.cloth)
    com.unity.modules.director@1.0.0 (location: /Applications/Unity/Hub/Editor/6000.2.0b2/Unity.app/Contents/Resources/PackageManager/BuiltInPackages/com.unity.modules.director)
    com.unity.modules.imageconversion@1.0.0 (location: /Applications/Unity/Hub/Editor/6000.2.0b2/Unity.app/Contents/Resources/PackageManager/BuiltInPackages/com.unity.modules.imageconversion)
    com.unity.modules.imgui@1.0.0 (location: /Applications/Unity/Hub/Editor/6000.2.0b2/Unity.app/Contents/Resources/PackageManager/BuiltInPackages/com.unity.modules.imgui)
    com.unity.modules.jsonserialize@1.0.0 (location: /Applications/Unity/Hub/Editor/6000.2.0b2/Unity.app/Contents/Resources/PackageManager/BuiltInPackages/com.unity.modules.jsonserialize)
    com.unity.modules.particlesystem@1.0.0 (location: /Applications/Unity/Hub/Editor/6000.2.0b2/Unity.app/Contents/Resources/PackageManager/BuiltInPackages/com.unity.modules.particlesystem)
    com.unity.modules.physics@1.0.0 (location: /Applications/Unity/Hub/Editor/6000.2.0b2/Unity.app/Contents/Resources/PackageManager/BuiltInPackages/com.unity.modules.physics)
    com.unity.modules.physics2d@1.0.0 (location: /Applications/Unity/Hub/Editor/6000.2.0b2/Unity.app/Contents/Resources/PackageManager/BuiltInPackages/com.unity.modules.physics2d)
    com.unity.modules.screencapture@1.0.0 (location: /Applications/Unity/Hub/Editor/6000.2.0b2/Unity.app/Contents/Resources/PackageManager/BuiltInPackages/com.unity.modules.screencapture)
    com.unity.modules.terrain@1.0.0 (location: /Applications/Unity/Hub/Editor/6000.2.0b2/Unity.app/Contents/Resources/PackageManager/BuiltInPackages/com.unity.modules.terrain)
    com.unity.modules.terrainphysics@1.0.0 (location: /Applications/Unity/Hub/Editor/6000.2.0b2/Unity.app/Contents/Resources/PackageManager/BuiltInPackages/com.unity.modules.terrainphysics)
    com.unity.modules.tilemap@1.0.0 (location: /Applications/Unity/Hub/Editor/6000.2.0b2/Unity.app/Contents/Resources/PackageManager/BuiltInPackages/com.unity.modules.tilemap)
    com.unity.modules.ui@1.0.0 (location: /Applications/Unity/Hub/Editor/6000.2.0b2/Unity.app/Contents/Resources/PackageManager/BuiltInPackages/com.unity.modules.ui)
    com.unity.modules.uielements@1.0.0 (location: /Applications/Unity/Hub/Editor/6000.2.0b2/Unity.app/Contents/Resources/PackageManager/BuiltInPackages/com.unity.modules.uielements)
    com.unity.modules.umbra@1.0.0 (location: /Applications/Unity/Hub/Editor/6000.2.0b2/Unity.app/Contents/Resources/PackageManager/BuiltInPackages/com.unity.modules.umbra)
    com.unity.modules.unityanalytics@1.0.0 (location: /Applications/Unity/Hub/Editor/6000.2.0b2/Unity.app/Contents/Resources/PackageManager/BuiltInPackages/com.unity.modules.unityanalytics)
    com.unity.modules.unitywebrequest@1.0.0 (location: /Applications/Unity/Hub/Editor/6000.2.0b2/Unity.app/Contents/Resources/PackageManager/BuiltInPackages/com.unity.modules.unitywebrequest)
    com.unity.modules.unitywebrequestassetbundle@1.0.0 (location: /Applications/Unity/Hub/Editor/6000.2.0b2/Unity.app/Contents/Resources/PackageManager/BuiltInPackages/com.unity.modules.unitywebrequestassetbundle)
    com.unity.modules.unitywebrequestaudio@1.0.0 (location: /Applications/Unity/Hub/Editor/6000.2.0b2/Unity.app/Contents/Resources/PackageManager/BuiltInPackages/com.unity.modules.unitywebrequestaudio)
    com.unity.modules.unitywebrequesttexture@1.0.0 (location: /Applications/Unity/Hub/Editor/6000.2.0b2/Unity.app/Contents/Resources/PackageManager/BuiltInPackages/com.unity.modules.unitywebrequesttexture)
    com.unity.modules.unitywebrequestwww@1.0.0 (location: /Applications/Unity/Hub/Editor/6000.2.0b2/Unity.app/Contents/Resources/PackageManager/BuiltInPackages/com.unity.modules.unitywebrequestwww)
    com.unity.modules.vehicles@1.0.0 (location: /Applications/Unity/Hub/Editor/6000.2.0b2/Unity.app/Contents/Resources/PackageManager/BuiltInPackages/com.unity.modules.vehicles)
    com.unity.modules.video@1.0.0 (location: /Applications/Unity/Hub/Editor/6000.2.0b2/Unity.app/Contents/Resources/PackageManager/BuiltInPackages/com.unity.modules.video)
    com.unity.modules.vr@1.0.0 (location: /Applications/Unity/Hub/Editor/6000.2.0b2/Unity.app/Contents/Resources/PackageManager/BuiltInPackages/com.unity.modules.vr)
    com.unity.modules.wind@1.0.0 (location: /Applications/Unity/Hub/Editor/6000.2.0b2/Unity.app/Contents/Resources/PackageManager/BuiltInPackages/com.unity.modules.wind)
    com.unity.modules.xr@1.0.0 (location: /Applications/Unity/Hub/Editor/6000.2.0b2/Unity.app/Contents/Resources/PackageManager/BuiltInPackages/com.unity.modules.xr)
    com.unity.modules.subsystems@1.0.0 (location: /Applications/Unity/Hub/Editor/6000.2.0b2/Unity.app/Contents/Resources/PackageManager/BuiltInPackages/com.unity.modules.subsystems)
    com.unity.modules.hierarchycore@1.0.0 (location: /Applications/Unity/Hub/Editor/6000.2.0b2/Unity.app/Contents/Resources/PackageManager/BuiltInPackages/com.unity.modules.hierarchycore)
[Physics::Module] Selected backend.
[Physics::Module] Name: PhysX
[Physics::Module] Id: 0xf2b8ea05
[Physics::Module] SDK Version: 4.1.2
[Physics::Module] Integration Version: 1.0.0
[Physics::Module] Threading Mode: Multi-Threaded
[Subsystems] No new subsystems found in resolved package list.
Package Manager log level set to [2]
[Package Manager] Done registering packages in 2.21 seconds
Refreshing native plugins compatible for Editor in 0.00 ms, found 0 plugins.
Preloading 0 native plugins for Editor in 0.00 ms.
Initialize engine version: 6000.2.0b2 (2bdac9ac0d74)
[Subsystems] Discovering subsystems at path /Applications/Unity/Hub/Editor/6000.2.0b2/Unity.app/Contents/Resources/UnitySubsystems
[Subsystems] Discovering subsystems at path /Users/devon/Documents/Cursor/Projects/Assets
GfxDevice: creating device client; kGfxThreadingModeNonThreaded
 preferred device: Apple M1 (high power)
Metal devices available: 1
0: Apple M1 (high power)
Using device Apple M1 (high power)
Initializing Metal device caps: Apple M1
Mac GPU Family: 2
Apple GPU Family: 7
MSL Version: 3.0
Has Float MSAA: 1
Has Float Filtering: 1
ReadWrite Texture Tier: 2
Initialize mono
Mono path[0] = '/Applications/Unity/Hub/Editor/6000.2.0b2/Unity.app/Contents/Managed'
Mono path[1] = '/Applications/Unity/Hub/Editor/6000.2.0b2/Unity.app/Contents/MonoBleedingEdge/lib/mono/unityjit-macos'
Mono config path = '/Applications/Unity/Hub/Editor/6000.2.0b2/Unity.app/Contents/MonoBleedingEdge/etc'
Using monoOptions --debugger-agent=transport=dt_socket,embedding=1,server=y,suspend=n,address=127.0.0.1:56602
Using cacheserver namespaces - metadata:defaultmetadata, artifacts:defaultartifacts
Using cacheserver namespaces - metadata:defaultmetadata, artifacts:defaultartifacts
ImportWorker Server TCP listen port: 0
AcceleratorClientConnectionCallback - disconnected - :0
Begin MonoManager ReloadAssembly
Registering precompiled unity dll's ...
Register platform support module: /Applications/Unity/Hub/Editor/6000.2.0b2/PlaybackEngines/WebGLSupport/UnityEditor.WebGL.Extensions.dll
Register platform support module: /Applications/Unity/Hub/Editor/6000.2.0b2/Unity.app/Contents/PlaybackEngines/MacStandaloneSupport/UnityEditor.OSXStandalone.Extensions.dll
Register platform support module: /Applications/Unity/Hub/Editor/6000.2.0b2/PlaybackEngines/WindowsStandaloneSupport/UnityEditor.WindowsStandalone.Extensions.dll
[Licensing::Client] Successfully resolved entitlement details
Register platform support module: /Applications/Unity/Hub/Editor/6000.2.0b2/PlaybackEngines/AndroidPlayer/UnityEditor.Android.Extensions.dll
[Licensing::Client] Successfully resolved entitlement details
Register platform support module: /Applications/Unity/Hub/Editor/6000.2.0b2/PlaybackEngines/iOSSupport/UnityEditor.iOS.Extensions.dll
Register platform support module: /Applications/Unity/Hub/Editor/6000.2.0b2/PlaybackEngines/AppleTVSupport/UnityEditor.AppleTV.Extensions.dll
Register platform support module: /Applications/Unity/Hub/Editor/6000.2.0b2/PlaybackEngines/LinuxStandaloneSupport/UnityEditor.LinuxStandalone.Extensions.dll
Registered in 0.009975 seconds.
- Loaded All Assemblies, in  0.346 seconds
Native extension for LinuxStandalone target not found
[usbmuxd] Start listen thread
[usbmuxd] Listen thread started
[usbmuxd] Send listen message
Native extension for AppleTV target not found
Native extension for iOS target not found
Native extension for Android target not found
Android Extension - Scanning For ADB Devices 262 ms
Native extension for WindowsStandalone target not found
Native extension for OSXStandalone target not found
Native extension for WebGL target not found
Mono: successfully reloaded assembly
- Finished resetting the current domain, in  0.570 seconds
Domain Reload Profiling: 916ms
	BeginReloadAssembly (128ms)
		ExecutionOrderSort (0ms)
		DisableScriptedObjects (0ms)
		BackupInstance (0ms)
		ReleaseScriptingObjects (0ms)
		CreateAndSetChildDomain (1ms)
	RebuildCommonClasses (30ms)
	RebuildNativeTypeToScriptingClass (9ms)
	initialDomainReloadingComplete (42ms)
	LoadAllAssembliesAndSetupDomain (137ms)
		LoadAssemblies (131ms)
		RebuildTransferFunctionScriptingTraits (0ms)
		AnalyzeDomain (130ms)
			TypeCache.Refresh (129ms)
				TypeCache.ScanAssembly (115ms)
			BuildScriptInfoCaches (0ms)
			ResolveRequiredComponents (1ms)
	FinalizeReload (570ms)
		ReleaseScriptCaches (0ms)
		RebuildScriptCaches (0ms)
		SetupLoadedEditorAssemblies (547ms)
			LogAssemblyErrors (0ms)
			InitializePlatformSupportModulesInManaged (401ms)
			SetLoadedEditorAssemblies (3ms)
			BeforeProcessingInitializeOnLoad (43ms)
			ProcessInitializeOnLoadAttributes (72ms)
			ProcessInitializeOnLoadMethodAttributes (28ms)
			AfterProcessingInitializeOnLoad (0ms)
			EditorAssembliesLoaded (0ms)
		ExecutionOrderSort2 (0ms)
		AwakeInstancesAfterBackupRestoration (0ms)
[Licensing::Client] Successfully resolved entitlement details
Application.AssetDatabase Initial Refresh Start
A meta data file (.meta) exists but its folder 'Assets/ProjectChimera/Audio' can't be found, and has been created. Empty directories cannot be stored in version control, so it's assumed that the meta data file is for an empty directory in version control. When moving or deleting folders outside of Unity, please ensure that the corresponding .meta file is moved or deleted along with it.
A meta data file (.meta) exists but its asset 'Assets/ProjectChimera/Data/Genetics/GeneDefinitionSO.cs' can't be found. When moving or deleting files outside of Unity, please ensure that the corresponding .meta file is moved or deleted along with it.
A meta data file (.meta) exists but its folder 'Assets/ProjectChimera/Editor/Tutorial' can't be found, and has been created. Empty directories cannot be stored in version control, so it's assumed that the meta data file is for an empty directory in version control. When moving or deleting folders outside of Unity, please ensure that the corresponding .meta file is moved or deleted along with it.
A meta data file (.meta) exists but its folder 'Assets/ProjectChimera/Prefabs/Facilities' can't be found, and has been created. Empty directories cannot be stored in version control, so it's assumed that the meta data file is for an empty directory in version control. When moving or deleting folders outside of Unity, please ensure that the corresponding .meta file is moved or deleted along with it.
A meta data file (.meta) exists but its folder 'Assets/ProjectChimera/Prefabs/Plants' can't be found, and has been created. Empty directories cannot be stored in version control, so it's assumed that the meta data file is for an empty directory in version control. When moving or deleting folders outside of Unity, please ensure that the corresponding .meta file is moved or deleted along with it.
A meta data file (.meta) exists but its folder 'Assets/ProjectChimera/Resources' can't be found, and has been created. Empty directories cannot be stored in version control, so it's assumed that the meta data file is for an empty directory in version control. When moving or deleting folders outside of Unity, please ensure that the corresponding .meta file is moved or deleted along with it.
A meta data file (.meta) exists but its folder 'Assets/ProjectChimera/Systems/DataCollection' can't be found, and has been created. Empty directories cannot be stored in version control, so it's assumed that the meta data file is for an empty directory in version control. When moving or deleting folders outside of Unity, please ensure that the corresponding .meta file is moved or deleted along with it.
A meta data file (.meta) exists but its folder 'Assets/ProjectChimera/Testing/Validation' can't be found, and has been created. Empty directories cannot be stored in version control, so it's assumed that the meta data file is for an empty directory in version control. When moving or deleting folders outside of Unity, please ensure that the corresponding .meta file is moved or deleted along with it.
A meta data file (.meta) exists but its asset 'Assets/ProjectChimera/Testing/Wave50ValidationTest.cs' can't be found. When moving or deleting files outside of Unity, please ensure that the corresponding .meta file is moved or deleted along with it.
A meta data file (.meta) exists but its asset 'Assets/ProjectChimera/Testing/Wave52ValidationTest.cs' can't be found. When moving or deleting files outside of Unity, please ensure that the corresponding .meta file is moved or deleted along with it.
A meta data file (.meta) exists but its folder 'Assets/ProjectChimera/UI/Construction' can't be found, and has been created. Empty directories cannot be stored in version control, so it's assumed that the meta data file is for an empty directory in version control. When moving or deleting folders outside of Unity, please ensure that the corresponding .meta file is moved or deleted along with it.
A meta data file (.meta) exists but its folder 'Assets/ProjectChimera/UI/Facility' can't be found, and has been created. Empty directories cannot be stored in version control, so it's assumed that the meta data file is for an empty directory in version control. When moving or deleting folders outside of Unity, please ensure that the corresponding .meta file is moved or deleted along with it.
A meta data file (.meta) exists but its folder 'Assets/ProjectChimera/UI/Genetics' can't be found, and has been created. Empty directories cannot be stored in version control, so it's assumed that the meta data file is for an empty directory in version control. When moving or deleting folders outside of Unity, please ensure that the corresponding .meta file is moved or deleted along with it.
A meta data file (.meta) exists but its folder 'Assets/ProjectChimera/UI/Progression' can't be found, and has been created. Empty directories cannot be stored in version control, so it's assumed that the meta data file is for an empty directory in version control. When moving or deleting folders outside of Unity, please ensure that the corresponding .meta file is moved or deleted along with it.
A meta data file (.meta) exists but its folder 'Assets/ProjectChimera/Visuals/Effects' can't be found, and has been created. Empty directories cannot be stored in version control, so it's assumed that the meta data file is for an empty directory in version control. When moving or deleting folders outside of Unity, please ensure that the corresponding .meta file is moved or deleted along with it.
A meta data file (.meta) exists but its folder 'Assets/ProjectChimera/Visuals/Equipment' can't be found, and has been created. Empty directories cannot be stored in version control, so it's assumed that the meta data file is for an empty directory in version control. When moving or deleting folders outside of Unity, please ensure that the corresponding .meta file is moved or deleted along with it.
A meta data file (.meta) exists but its folder 'Assets/ProjectChimera/Visuals/Facilities' can't be found, and has been created. Empty directories cannot be stored in version control, so it's assumed that the meta data file is for an empty directory in version control. When moving or deleting folders outside of Unity, please ensure that the corresponding .meta file is moved or deleted along with it.
A meta data file (.meta) exists but its folder 'Assets/ProjectChimera/Visuals/Infrastructure' can't be found, and has been created. Empty directories cannot be stored in version control, so it's assumed that the meta data file is for an empty directory in version control. When moving or deleting folders outside of Unity, please ensure that the corresponding .meta file is moved or deleted along with it.
A meta data file (.meta) exists but its folder 'Assets/ProjectChimera/Visuals/Plants' can't be found, and has been created. Empty directories cannot be stored in version control, so it's assumed that the meta data file is for an empty directory in version control. When moving or deleting folders outside of Unity, please ensure that the corresponding .meta file is moved or deleted along with it.
A meta data file (.meta) exists but its folder 'Assets/Settings' can't be found, and has been created. Empty directories cannot be stored in version control, so it's assumed that the meta data file is for an empty directory in version control. When moving or deleting folders outside of Unity, please ensure that the corresponding .meta file is moved or deleted along with it.
A meta data file (.meta) exists but its folder 'Assets/StreamingAssets' can't be found, and has been created. Empty directories cannot be stored in version control, so it's assumed that the meta data file is for an empty directory in version control. When moving or deleting folders outside of Unity, please ensure that the corresponding .meta file is moved or deleted along with it.
[ScriptCompilation] Requested script compilation because: Assembly Definition File(s) changed
[ScriptCompilation] Requested script compilation because: Assetdatabase observed changes in script compilation related files
Assembly for Assembly Definition File 'Assets/ProjectChimera/Testing/Tests/Tests.asmdef' will not be compiled, because it has no scripts associated with it.
UnityEngine.Debug:ExtractStackTraceNoAlloc (byte*,int,string)
UnityEngine.StackTraceUtility:ExtractStackTrace () (at /Users/bokken/build/output/unity/unity/Runtime/Export/Scripting/StackTrace.cs:37)
UnityEngine.DebugLogHandler:Internal_Log (UnityEngine.LogType,UnityEngine.LogOption,string,UnityEngine.Object)
UnityEngine.DebugLogHandler:LogFormat (UnityEngine.LogType,UnityEngine.Object,string,object[])
UnityEngine.Logger:LogFormat (UnityEngine.LogType,string,object[])
UnityEngine.Debug:LogWarningFormat (string,object[])
UnityEditor.Scripting.ScriptCompilation.EditorCompilation:WarnIfThereAreAssembliesWithoutAnyScripts (UnityEditor.Scripting.ScriptCompilation.ScriptAssemblySettings,UnityEditor.Scripting.ScriptCompilation.ScriptAssembly[]) (at /Users/bokken/build/output/unity/unity/Editor/Mono/Scripting/ScriptCompilation/EditorCompilation.cs:780)
UnityEditor.Scripting.ScriptCompilation.EditorCompilation:CompileScriptsWithSettings (UnityEditor.Scripting.ScriptCompilation.ScriptAssemblySettings) (at /Users/bokken/build/output/unity/unity/Editor/Mono/Scripting/ScriptCompilation/EditorCompilation.cs:833)
UnityEditor.Scripting.ScriptCompilation.EditorCompilation:CompileScripts (UnityEditor.Scripting.ScriptCompilation.EditorScriptCompilationOptions,UnityEditor.BuildTarget,int,string[]) (at /Users/bokken/build/output/unity/unity/Editor/Mono/Scripting/ScriptCompilation/EditorCompilation.cs:716)
UnityEditor.Scripting.ScriptCompilation.EditorCompilationInterface/<>c__DisplayClass21_0:<CompileScripts>b__0 () (at /Users/bokken/build/output/unity/unity/Editor/Mono/Scripting/ScriptCompilation/EditorCompilationInterface.cs:184)
UnityEditor.Scripting.ScriptCompilation.EditorCompilationInterface:EmitExceptionAsError<UnityEditor.Scripting.ScriptCompilation.EditorCompilation/CompileStatus> (System.Func`1<UnityEditor.Scripting.ScriptCompilation.EditorCompilation/CompileStatus>,UnityEditor.Scripting.ScriptCompilation.EditorCompilation/CompileStatus) (at /Users/bokken/build/output/unity/unity/Editor/Mono/Scripting/ScriptCompilation/EditorCompilationInterface.cs:49)
UnityEditor.Scripting.ScriptCompilation.EditorCompilationInterface:CompileScripts (UnityEditor.Scripting.ScriptCompilation.EditorScriptCompilationOptions,UnityEditor.BuildTarget,int,string[]) (at /Users/bokken/build/output/unity/unity/Editor/Mono/Scripting/ScriptCompilation/EditorCompilationInterface.cs:184)

(Filename: /Users/bokken/build/output/unity/unity/Editor/Mono/Scripting/ScriptCompilation/EditorCompilation.cs Line: 780)

Assembly for Assembly Definition File 'Assets/ProjectChimera/Systems/ProjectChimera.Systems.asmdef' will not be compiled, because it has no scripts associated with it.
UnityEngine.Debug:ExtractStackTraceNoAlloc (byte*,int,string)
UnityEngine.StackTraceUtility:ExtractStackTrace () (at /Users/bokken/build/output/unity/unity/Runtime/Export/Scripting/StackTrace.cs:37)
UnityEngine.DebugLogHandler:Internal_Log (UnityEngine.LogType,UnityEngine.LogOption,string,UnityEngine.Object)
UnityEngine.DebugLogHandler:LogFormat (UnityEngine.LogType,UnityEngine.Object,string,object[])
UnityEngine.Logger:LogFormat (UnityEngine.LogType,string,object[])
UnityEngine.Debug:LogWarningFormat (string,object[])
UnityEditor.Scripting.ScriptCompilation.EditorCompilation:WarnIfThereAreAssembliesWithoutAnyScripts (UnityEditor.Scripting.ScriptCompilation.ScriptAssemblySettings,UnityEditor.Scripting.ScriptCompilation.ScriptAssembly[]) (at /Users/bokken/build/output/unity/unity/Editor/Mono/Scripting/ScriptCompilation/EditorCompilation.cs:780)
UnityEditor.Scripting.ScriptCompilation.EditorCompilation:CompileScriptsWithSettings (UnityEditor.Scripting.ScriptCompilation.ScriptAssemblySettings) (at /Users/bokken/build/output/unity/unity/Editor/Mono/Scripting/ScriptCompilation/EditorCompilation.cs:833)
UnityEditor.Scripting.ScriptCompilation.EditorCompilation:CompileScripts (UnityEditor.Scripting.ScriptCompilation.EditorScriptCompilationOptions,UnityEditor.BuildTarget,int,string[]) (at /Users/bokken/build/output/unity/unity/Editor/Mono/Scripting/ScriptCompilation/EditorCompilation.cs:716)
UnityEditor.Scripting.ScriptCompilation.EditorCompilationInterface/<>c__DisplayClass21_0:<CompileScripts>b__0 () (at /Users/bokken/build/output/unity/unity/Editor/Mono/Scripting/ScriptCompilation/EditorCompilationInterface.cs:184)
UnityEditor.Scripting.ScriptCompilation.EditorCompilationInterface:EmitExceptionAsError<UnityEditor.Scripting.ScriptCompilation.EditorCompilation/CompileStatus> (System.Func`1<UnityEditor.Scripting.ScriptCompilation.EditorCompilation/CompileStatus>,UnityEditor.Scripting.ScriptCompilation.EditorCompilation/CompileStatus) (at /Users/bokken/build/output/unity/unity/Editor/Mono/Scripting/ScriptCompilation/EditorCompilationInterface.cs:49)
UnityEditor.Scripting.ScriptCompilation.EditorCompilationInterface:CompileScripts (UnityEditor.Scripting.ScriptCompilation.EditorScriptCompilationOptions,UnityEditor.BuildTarget,int,string[]) (at /Users/bokken/build/output/unity/unity/Editor/Mono/Scripting/ScriptCompilation/EditorCompilationInterface.cs:184)

(Filename: /Users/bokken/build/output/unity/unity/Editor/Mono/Scripting/ScriptCompilation/EditorCompilation.cs Line: 780)

[40m[32minfo[39m[22m[49m: Microsoft.Hosting.Lifetime[14]
      Now listening on: http://unix:/tmp/ilpp.sock-2a4291e03b8adfd6b9b7a9f026f09835
[40m[32minfo[39m[22m[49m: Microsoft.Hosting.Lifetime[0]
      Application started. Press Ctrl+C to shut down.
[40m[32minfo[39m[22m[49m: Microsoft.Hosting.Lifetime[0]
      Hosting environment: Production
[40m[32minfo[39m[22m[49m: Microsoft.Hosting.Lifetime[0]
      Content root path: /Users/devon/Documents/Cursor/Projects/
[40m[32minfo[39m[22m[49m: Microsoft.AspNetCore.Hosting.Diagnostics[1]
      Request starting HTTP/2 POST http://ilpp/UnityILPP.PostProcessing/Ping application/grpc -
[40m[32minfo[39m[22m[49m: Microsoft.AspNetCore.Routing.EndpointMiddleware[0]
      Executing endpoint 'gRPC - /UnityILPP.PostProcessing/Ping'
[40m[32minfo[39m[22m[49m: Microsoft.AspNetCore.Routing.EndpointMiddleware[1]
      Executed endpoint 'gRPC - /UnityILPP.PostProcessing/Ping'
[40m[32minfo[39m[22m[49m: Microsoft.AspNetCore.Hosting.Diagnostics[2]
      Request finished HTTP/2 POST http://ilpp/UnityILPP.PostProcessing/Ping application/grpc - - 200 - application/grpc 38.0327ms
Starting: /Applications/Unity/Hub/Editor/6000.2.0b2/Unity.app/Contents/bee_backend --ipc --defer-dag-verification --dagfile="Library/Bee/200b0aE.dag" --continue-on-failure --profile="Library/Bee/backend1.traceevents" ScriptAssemblies
WorkingDir: /Users/devon/Documents/Cursor/Projects
ExitCode: 4 Duration: 0s19ms
[             ] Require frontend run.  Library/Bee/200b0aE.dag couldn't be loaded
DisplayProgressbar: Compiling Scripts
Starting: /Applications/Unity/Hub/Editor/6000.2.0b2/Unity.app/Contents/Tools/netcorerun/netcorerun "/Applications/Unity/Hub/Editor/6000.2.0b2/Unity.app/Contents/Tools/BuildPipeline/ScriptCompilationBuildProgram.exe" "Library/Bee/200b0aE.dag.json" "Library/Bee/200b0aE-inputdata.json" "Library/Bee/buildprogram0.traceevents"
WorkingDir: /Users/devon/Documents/Cursor/Projects
ExitCode: 0 Duration: 0s511ms
Starting: /Applications/Unity/Hub/Editor/6000.2.0b2/Unity.app/Contents/bee_backend --ipc --defer-dag-verification --dagfile="Library/Bee/200b0aE.dag" --continue-on-failure --dagfilejson="Library/Bee/200b0aE.dag.json" --profile="Library/Bee/backend2.traceevents" ScriptAssemblies
WorkingDir: /Users/devon/Documents/Cursor/Projects
ExitCode: 3 Duration: 4s311ms
Finished compiling graph: 438 nodes, 6642 flattened edges (6084 ToBuild, 74 ToUse), maximum node priority 217
[  1/435    0s] MovedFromExtractor Library/Bee/artifacts/mvdfrm/UnityEditor.Apple.Extensions.Common.dll_D068251A8151CC26.mvfrm
[  2/435    0s] MovedFromExtractor Library/Bee/artifacts/mvdfrm/UnityEditor.Apple.Extensions.Common.dll_C38ECFE3FB447E75.mvfrm
[  3/435    0s] MovedFromExtractor Library/Bee/artifacts/mvdfrm/UnityEditor.XRModule.dll_B0B5CCF864528F80.mvfrm
[  4/435    0s] MovedFromExtractor Library/Bee/artifacts/mvdfrm/Unity.Android.Gradle.dll_91A59B894350701B.mvfrm
[  5/435    0s] MovedFromExtractor Library/Bee/artifacts/mvdfrm/Unity.Android.Types.dll_4B149CF5E4BDDC51.mvfrm
[  6/435    0s] MovedFromExtractor Library/Bee/artifacts/mvdfrm/UnityEngine.AccessibilityModule.dll_723A8881690B7FE1.mvfrm
[  7/435    0s] MovedFromExtractor Library/Bee/artifacts/mvdfrm/UnityEditor.iOS.Extensions.Xcode.dll_8C82DE5FB1584633.mvfrm
[  8/435    0s] MovedFromExtractor Library/Bee/artifacts/mvdfrm/UnityEditor.iOS.Extensions.Common.dll_5A1FDED2A0694598.mvfrm
[  9/435    0s] MovedFromExtractor Library/Bee/artifacts/mvdfrm/UnityEngine.AndroidJNIModule.dll_CA6FF40346C71507.mvfrm
[ 10/435    0s] MovedFromExtractor Library/Bee/artifacts/mvdfrm/UnityEditor.iOS.Extensions.Xcode.dll_C7BB88F5C5BFA334.mvfrm
[ 11/435    0s] MovedFromExtractor Library/Bee/artifacts/mvdfrm/UnityEngine.AnimationModule.dll_330A90C2A53FFE47.mvfrm
[ 12/435    0s] MovedFromExtractor Library/Bee/artifacts/mvdfrm/UnityEngine.ARModule.dll_27929BD3A5B14992.mvfrm
[ 13/435    0s] MovedFromExtractor Library/Bee/artifacts/mvdfrm/UnityEngine.AIModule.dll_6E1FD6D04893EAC9.mvfrm
[ 14/435    0s] MovedFromExtractor Library/Bee/artifacts/mvdfrm/UnityEngine.AssetBundleModule.dll_57F3ADEDA24AB455.mvfrm
[ 15/435    0s] MovedFromExtractor Library/Bee/artifacts/mvdfrm/UnityEditor.AccessibilityModule.dll_E5F99659F012FCBC.mvfrm
[ 16/435    0s] MovedFromExtractor Library/Bee/artifacts/mvdfrm/UnityEditor.AdaptivePerformanceModule.dll_AA9B423F840F7A08.mvfrm
[ 17/435    0s] MovedFromExtractor Library/Bee/artifacts/mvdfrm/UnityEditor.BuildProfileModule.dll_FAC30547B92CC131.mvfrm
[ 18/435    0s] MovedFromExtractor Library/Bee/artifacts/mvdfrm/UnityEditor.ClothModule.dll_C8CDDD06ED61A3B8.mvfrm
[ 19/435    0s] MovedFromExtractor Library/Bee/artifacts/mvdfrm/UnityEditor.CoreBusinessMetricsModule.dll_2A863BB9AA56A902.mvfrm
[ 20/435    0s] MovedFromExtractor Library/Bee/artifacts/mvdfrm/UnityEngine.ClothModule.dll_8EFA996B1EDED45D.mvfrm
[ 21/435    0s] MovedFromExtractor Library/Bee/artifacts/mvdfrm/UnityEngine.AudioModule.dll_28123C7044C1F579.mvfrm
[ 22/435    0s] MovedFromExtractor Library/Bee/artifacts/mvdfrm/UnityEngine.ClusterInputModule.dll_759987D38F987911.mvfrm
[ 23/435    0s] MovedFromExtractor Library/Bee/artifacts/mvdfrm/UnityEngine.ClusterRendererModule.dll_FDF876BFEB502D40.mvfrm
[ 24/435    0s] MovedFromExtractor Library/Bee/artifacts/mvdfrm/UnityEditor.CoreModule.dll_60638B9391A26D15.mvfrm
[ 25/435    0s] MovedFromExtractor Library/Bee/artifacts/mvdfrm/UnityEngine.ContentLoadModule.dll_F10A072E70CD5C42.mvfrm
[ 26/435    0s] MovedFromExtractor Library/Bee/artifacts/mvdfrm/UnityEngine.CrashReportingModule.dll_A404BAB4425C13D8.mvfrm
[ 27/435    0s] MovedFromExtractor Library/Bee/artifacts/mvdfrm/UnityEngine.DirectorModule.dll_5180200977AE365D.mvfrm
[ 28/435    0s] MovedFromExtractor Library/Bee/artifacts/mvdfrm/UnityEngine.CoreModule.dll_83845EE639A7D840.mvfrm
[ 29/435    0s] MovedFromExtractor Library/Bee/artifacts/mvdfrm/UnityEngine.dll_3345CFED6A2D5D55.mvfrm
[ 30/435    0s] MovedFromExtractor Library/Bee/artifacts/mvdfrm/UnityEngine.GameCenterModule.dll_F4BD3E1E0D0805F8.mvfrm
[ 31/435    0s] MovedFromExtractor Library/Bee/artifacts/mvdfrm/UnityEngine.DSPGraphModule.dll_56D18172EA0F077E.mvfrm
[ 32/435    0s] MovedFromExtractor Library/Bee/artifacts/mvdfrm/UnityEngine.GIModule.dll_065C1FDDE442D2E3.mvfrm
[ 33/435    0s] MovedFromExtractor Library/Bee/artifacts/mvdfrm/UnityEditor.DiagnosticsModule.dll_88FAF9EEE70D030A.mvfrm
[ 34/435    0s] MovedFromExtractor Library/Bee/artifacts/mvdfrm/UnityEditor.DeviceSimulatorModule.dll_F84BB44E7B951FBC.mvfrm
[ 35/435    0s] MovedFromExtractor Library/Bee/artifacts/mvdfrm/UnityEngine.GridModule.dll_60F57AD451FC6E37.mvfrm
[ 36/435    0s] MovedFromExtractor Library/Bee/artifacts/mvdfrm/UnityEngine.GraphicsStateCollectionSerializerModule.dll_1291E33AEFCC9349.mvfrm
[ 37/435    0s] MovedFromExtractor Library/Bee/artifacts/mvdfrm/UnityEditor.EditorToolbarModule.dll_1BF5AC2C69A8AE0C.mvfrm
[ 38/435    0s] MovedFromExtractor Library/Bee/artifacts/mvdfrm/UnityEditor.dll_00A189150BB9D070.mvfrm
[ 39/435    0s] MovedFromExtractor Library/Bee/artifacts/mvdfrm/UnityEngine.HierarchyCoreModule.dll_E955255BD7B8D8D7.mvfrm
[ 40/435    0s] MovedFromExtractor Library/Bee/artifacts/mvdfrm/UnityEngine.HotReloadModule.dll_B4534EC8807319C9.mvfrm
[ 41/435    0s] MovedFromExtractor Library/Bee/artifacts/mvdfrm/UnityEditor.EmbreeModule.dll_0AEA6C1BC56379FE.mvfrm
[ 42/435    0s] MovedFromExtractor Library/Bee/artifacts/mvdfrm/UnityEditor.GraphViewModule.dll_64851499CAE329A1.mvfrm
[ 43/435    0s] MovedFromExtractor Library/Bee/artifacts/mvdfrm/UnityEngine.IdentifiersModule.dll_307D35E364C3826D.mvfrm
[ 44/435    0s] MovedFromExtractor Library/Bee/artifacts/mvdfrm/UnityEditor.GraphicsStateCollectionSerializerModule.dll_099E164B22CD49E4.mvfrm
[ 45/435    0s] MovedFromExtractor Library/Bee/artifacts/mvdfrm/UnityEditor.GIModule.dll_C7ED8E4E78C59F18.mvfrm
[ 46/435    0s] MovedFromExtractor Library/Bee/artifacts/mvdfrm/UnityEngine.IMGUIModule.dll_6071DBD70AF3895A.mvfrm
[ 47/435    0s] MovedFromExtractor Library/Bee/artifacts/mvdfrm/UnityEngine.ImageConversionModule.dll_69EA74706D74E534.mvfrm
[ 48/435    0s] MovedFromExtractor Library/Bee/artifacts/mvdfrm/UnityEngine.InputForUIModule.dll_F76F98376D28A2B4.mvfrm
[ 49/435    0s] MovedFromExtractor Library/Bee/artifacts/mvdfrm/UnityEditor.GridAndSnapModule.dll_92B3E0706A71BFF9.mvfrm
[ 50/435    0s] MovedFromExtractor Library/Bee/artifacts/mvdfrm/UnityEditor.GridModule.dll_3DD4A781A9F7030C.mvfrm
[ 51/435    0s] MovedFromExtractor Library/Bee/artifacts/mvdfrm/UnityEditor.Physics2DModule.dll_C9CA8FCA60BD43F7.mvfrm
[ 52/435    0s] MovedFromExtractor Library/Bee/artifacts/mvdfrm/UnityEditor.MultiplayerModule.dll_D1D5FAEB48D83148.mvfrm
[ 53/435    0s] MovedFromExtractor Library/Bee/artifacts/mvdfrm/UnityEditor.PhysicsModule.dll_6CC2F8CC78661225.mvfrm
[ 54/435    0s] MovedFromExtractor Library/Bee/artifacts/mvdfrm/UnityEngine.InputLegacyModule.dll_E938C90C3A3C6A46.mvfrm
[ 55/435    0s] MovedFromExtractor Library/Bee/artifacts/mvdfrm/UnityEditor.PresetsUIModule.dll_1FEB4D7BCD3B81A6.mvfrm
[ 56/435    0s] MovedFromExtractor Library/Bee/artifacts/mvdfrm/UnityEngine.InputModule.dll_8E880420BAFA1A1D.mvfrm
[ 57/435    0s] MovedFromExtractor Library/Bee/artifacts/mvdfrm/UnityEditor.QuickSearchModule.dll_140A7AFC3FE3FF63.mvfrm
[ 58/435    0s] MovedFromExtractor Library/Bee/artifacts/mvdfrm/UnityEditor.SceneTemplateModule.dll_3F951CEA68955844.mvfrm
[ 59/435    0s] MovedFromExtractor Library/Bee/artifacts/mvdfrm/UnityEditor.PropertiesModule.dll_214A10147DAF50E9.mvfrm
[ 60/435    0s] MovedFromExtractor Library/Bee/artifacts/mvdfrm/UnityEditor.SafeModeModule.dll_56695D88F3E35ED6.mvfrm
[ 61/435    0s] MovedFromExtractor Library/Bee/artifacts/mvdfrm/UnityEngine.JSONSerializeModule.dll_D25211BD6846E06B.mvfrm
[ 62/435    0s] MovedFromExtractor Library/Bee/artifacts/mvdfrm/UnityEngine.MultiplayerModule.dll_D79BCA7A5B1241CD.mvfrm
[ 63/435    0s] MovedFromExtractor Library/Bee/artifacts/mvdfrm/UnityEngine.LocalizationModule.dll_B3E6522627146C0A.mvfrm
[ 64/435    0s] MovedFromExtractor Library/Bee/artifacts/mvdfrm/UnityEngine.MarshallingModule.dll_005C4C828672E1A7.mvfrm
[ 65/435    0s] MovedFromExtractor Library/Bee/artifacts/mvdfrm/UnityEngine.ParticleSystemModule.dll_F7170400B06D9F66.mvfrm
[ 66/435    0s] MovedFromExtractor Library/Bee/artifacts/mvdfrm/UnityEngine.Physics2DModule.dll_7FB080B3463CF5DC.mvfrm
[ 67/435    0s] MovedFromExtractor Library/Bee/artifacts/mvdfrm/UnityEngine.PerformanceReportingModule.dll_CBE529D864E7ACFF.mvfrm
[ 68/435    0s] MovedFromExtractor Library/Bee/artifacts/mvdfrm/UnityEngine.PropertiesModule.dll_21F87D5C7FF36A34.mvfrm
[ 69/435    0s] MovedFromExtractor Library/Bee/artifacts/mvdfrm/UnityEngine.RuntimeInitializeOnLoadManagerInitializerModule.dll_B594675674581EA5.mvfrm
[ 70/435    0s] MovedFromExtractor Library/Bee/artifacts/mvdfrm/UnityEngine.PhysicsModule.dll_5F3DB176DD74F96A.mvfrm
[ 71/435    0s] MovedFromExtractor Library/Bee/artifacts/mvdfrm/UnityEngine.ShaderVariantAnalyticsModule.dll_E01B16A80AAD31C7.mvfrm
[ 72/435    0s] MovedFromExtractor Library/Bee/artifacts/mvdfrm/UnityEngine.ScreenCaptureModule.dll_EC39BF427CB30CCD.mvfrm
[ 73/435    0s] MovedFromExtractor Library/Bee/artifacts/mvdfrm/UnityEngine.SharedInternalsModule.dll_EDFBB345E4A2E084.mvfrm
[ 74/435    0s] MovedFromExtractor Library/Bee/artifacts/mvdfrm/UnityEditor.ShaderFoundryModule.dll_7E74ED2D8B44D4D2.mvfrm
[ 75/435    0s] MovedFromExtractor Library/Bee/artifacts/mvdfrm/UnityEditor.SketchUpModule.dll_3E7E42D93F14FAED.mvfrm
[ 76/435    0s] MovedFromExtractor Library/Bee/artifacts/mvdfrm/UnityEditor.SceneViewModule.dll_A334F7A1C005F6AF.mvfrm
[ 77/435    0s] MovedFromExtractor Library/Bee/artifacts/mvdfrm/UnityEditor.SpriteMaskModule.dll_DD3B43662C338227.mvfrm
[ 78/435    0s] MovedFromExtractor Library/Bee/artifacts/mvdfrm/UnityEngine.StreamingModule.dll_E79F7E12F4C7B585.mvfrm
[ 79/435    0s] MovedFromExtractor Library/Bee/artifacts/mvdfrm/UnityEngine.SpriteShapeModule.dll_7154DB4857ECEC5F.mvfrm
[ 80/435    0s] MovedFromExtractor Library/Bee/artifacts/mvdfrm/UnityEngine.SpriteMaskModule.dll_DDE9B0AE2E779B72.mvfrm
[ 81/435    0s] MovedFromExtractor Library/Bee/artifacts/mvdfrm/UnityEngine.TerrainPhysicsModule.dll_F791ACD3C9B099F3.mvfrm
[ 82/435    0s] MovedFromExtractor Library/Bee/artifacts/mvdfrm/UnityEditor.SpriteShapeModule.dll_6B8F0BB945B2DBDA.mvfrm
[ 83/435    0s] MovedFromExtractor Library/Bee/artifacts/mvdfrm/UnityEngine.TerrainModule.dll_79842CE5B3334258.mvfrm
[ 84/435    0s] MovedFromExtractor Library/Bee/artifacts/mvdfrm/UnityEngine.SubstanceModule.dll_C44A925C401AB393.mvfrm
[ 85/435    0s] MovedFromExtractor Library/Bee/artifacts/mvdfrm/UnityEngine.SubsystemsModule.dll_4897170FFCBF8385.mvfrm
[ 86/435    0s] MovedFromExtractor Library/Bee/artifacts/mvdfrm/UnityEditor.SubstanceModule.dll_0E64A1735A9B01AE.mvfrm
[ 87/435    0s] MovedFromExtractor Library/Bee/artifacts/mvdfrm/UnityEditor.TextCoreFontEngineModule.dll_AA69021344F422F3.mvfrm
[ 88/435    0s] MovedFromExtractor Library/Bee/artifacts/mvdfrm/UnityEditor.TerrainModule.dll_8709743B4E245B13.mvfrm
[ 89/435    0s] MovedFromExtractor Library/Bee/artifacts/mvdfrm/UnityEngine.TextCoreFontEngineModule.dll_28C87D6657F1E1BE.mvfrm
[ 90/435    0s] MovedFromExtractor Library/Bee/artifacts/mvdfrm/UnityEngine.TilemapModule.dll_18809466CAF02361.mvfrm
[ 91/435    0s] MovedFromExtractor Library/Bee/artifacts/mvdfrm/UnityEngine.TLSModule.dll_AC20C7BB711BDFBE.mvfrm
[ 92/435    0s] MovedFromExtractor Library/Bee/artifacts/mvdfrm/UnityEngine.UIElementsModule.dll_4CD57877FFEBBF7C.mvfrm
[ 93/435    0s] MovedFromExtractor Library/Bee/artifacts/mvdfrm/UnityEngine.TextCoreTextEngineModule.dll_70B0B3D7E7759ADC.mvfrm
[ 94/435    0s] MovedFromExtractor Library/Bee/artifacts/mvdfrm/UnityEngine.TextRenderingModule.dll_1579314D33EA8CC2.mvfrm
[ 95/435    0s] MovedFromExtractor Library/Bee/artifacts/mvdfrm/UnityEngine.UmbraModule.dll_A2E6E888D1E8A0EC.mvfrm
[ 96/435    0s] MovedFromExtractor Library/Bee/artifacts/mvdfrm/UnityEngine.UIModule.dll_699374FDA4DAF075.mvfrm
[ 97/435    0s] MovedFromExtractor Library/Bee/artifacts/mvdfrm/UnityEditor.TextCoreTextEngineModule.dll_F2513884D477DC11.mvfrm
[ 98/435    0s] MovedFromExtractor Library/Bee/artifacts/mvdfrm/UnityEditor.TextRenderingModule.dll_89383F25BAF2099D.mvfrm
[ 99/435    0s] MovedFromExtractor Library/Bee/artifacts/mvdfrm/UnityEngine.UnityAnalyticsCommonModule.dll_6723E71C7ED04B5D.mvfrm
[100/435    0s] MovedFromExtractor Library/Bee/artifacts/mvdfrm/UnityEditor.TilemapModule.dll_2605DBBC65E13C1C.mvfrm
[101/435    0s] MovedFromExtractor Library/Bee/artifacts/mvdfrm/UnityEditor.TreeModule.dll_BE0F80A219680254.mvfrm
[102/435    0s] MovedFromExtractor Library/Bee/artifacts/mvdfrm/UnityEngine.UnityAnalyticsModule.dll_16B674CA5C94F162.mvfrm
[103/435    0s] MovedFromExtractor Library/Bee/artifacts/mvdfrm/UnityEngine.UnityCurlModule.dll_662731F41553F034.mvfrm
[104/435    0s] MovedFromExtractor Library/Bee/artifacts/mvdfrm/UnityEngine.UnityConnectModule.dll_E35C96CCD898A6F6.mvfrm
[105/435    0s] MovedFromExtractor Library/Bee/artifacts/mvdfrm/UnityEngine.UnityWebRequestAssetBundleModule.dll_CD3909D313B64DB3.mvfrm
[106/435    0s] MovedFromExtractor Library/Bee/artifacts/mvdfrm/UnityEngine.UnityTestProtocolModule.dll_5A6CCB2EA25C1EA2.mvfrm
[107/435    0s] MovedFromExtractor Library/Bee/artifacts/mvdfrm/UnityEngine.UnityWebRequestTextureModule.dll_1F60F8F75EE0F64C.mvfrm
[108/435    0s] MovedFromExtractor Library/Bee/artifacts/mvdfrm/UnityEngine.UnityWebRequestWWWModule.dll_3B72F933D7355748.mvfrm
[109/435    0s] MovedFromExtractor Library/Bee/artifacts/mvdfrm/UnityEngine.UnityWebRequestModule.dll_7B897C1A78697FB3.mvfrm
[110/435    0s] MovedFromExtractor Library/Bee/artifacts/mvdfrm/UnityEngine.UnityWebRequestAudioModule.dll_43E17DB6EB527797.mvfrm
[111/435    0s] MovedFromExtractor Library/Bee/artifacts/mvdfrm/UnityEngine.VehiclesModule.dll_C9431988F1D805F8.mvfrm
[112/435    0s] MovedFromExtractor Library/Bee/artifacts/mvdfrm/UnityEngine.VFXModule.dll_2CFF602A4789492B.mvfrm
[113/435    0s] MovedFromExtractor Library/Bee/artifacts/mvdfrm/UnityEditor.VideoModule.dll_86EF0476D5D6E079.mvfrm
[114/435    0s] MovedFromExtractor Library/Bee/artifacts/mvdfrm/UnityEditor.UIAutomationModule.dll_AB63F43855A089F1.mvfrm
[115/435    0s] MovedFromExtractor Library/Bee/artifacts/mvdfrm/UnityEditor.UIBuilderModule.dll_B90DC1B63D9BA2D5.mvfrm
[116/435    0s] MovedFromExtractor Library/Bee/artifacts/mvdfrm/UnityEngine.VirtualTexturingModule.dll_363D69FFD5FCD2DE.mvfrm
[117/435    0s] MovedFromExtractor Library/Bee/artifacts/mvdfrm/UnityEngine.VRModule.dll_BC659B83469575ED.mvfrm
[118/435    0s] MovedFromExtractor Library/Bee/artifacts/mvdfrm/UnityEngine.VideoModule.dll_4D1BC0DB0754111E.mvfrm
[119/435    0s] MovedFromExtractor Library/Bee/artifacts/mvdfrm/UnityEngine.WindModule.dll_F9D33A0ECADE56A9.mvfrm
[120/435    0s] WriteText Library/Bee/artifacts/200b0aE.dag/ProjectChimera.Core.rsp2
[121/435    0s] WriteText Library/Bee/artifacts/200b0aE.dag/ProjectChimera.Core.UnityAdditionalFile.txt
[122/435    0s] MovedFromExtractor Library/Bee/artifacts/mvdfrm/UnityEngine.XRModule.dll_EF245E87CFCFC34B.mvfrm
[123/435    0s] MovedFromExtractor Library/Bee/artifacts/mvdfrm/UnityEditor.iOS.Extensions.Xcode.dll_539EE98DC5BA94D9.mvfrm
[124/435    0s] MovedFromExtractor Library/Bee/artifacts/mvdfrm/UnityEditor.UnityConnectModule.dll_F5FD12BDDE10A64B.mvfrm
[125/435    0s] MovedFromExtractor Library/Bee/artifacts/mvdfrm/UnityEditor.VFXModule.dll_20DDBDD6D7D93B26.mvfrm
[126/435    0s] MovedFromExtractor Library/Bee/artifacts/mvdfrm/UnityEditor.UIElementsModule.dll_4C270B2FFDA7A631.mvfrm
[127/435    0s] MovedFromExtractor Library/Bee/artifacts/mvdfrm/UnityEditor.UmbraModule.dll_DCBA2C24A06B7047.mvfrm
[128/435    0s] MovedFromExtractor Library/Bee/artifacts/mvdfrm/UnityEditor.UIElementsSamplesModule.dll_9EAA153C4860C94C.mvfrm
[129/435    0s] MovedFromExtractor Library/Bee/artifacts/mvdfrm/UnityEditor.Graphs.dll_73C511078ED9A247.mvfrm
[130/435    0s] MovedFromExtractor Library/Bee/artifacts/mvdfrm/UnityEditor.OSXStandalone.Extensions.dll_BCAC3A627C2DEB06.mvfrm
[131/435    0s] MovedFromExtractor Library/Bee/artifacts/mvdfrm/UnityEditor.WebGL.Extensions.dll_152016181E041CAD.mvfrm
[132/435    0s] WriteText Library/Bee/artifacts/200b0aE.dag/ProjectChimera.Core.rsp
[133/435    0s] WriteText Library/Bee/artifacts/200b0aE.dag/ProjectChimera.Data.UnityAdditionalFile.txt
[134/435    0s] WriteText Library/Bee/artifacts/200b0aE.dag/ProjectChimera.Data.dll.mvfrm.rsp
[135/435    0s] WriteText Library/Bee/artifacts/200b0aE.dag/ProjectChimera.Core.dll.mvfrm.rsp
[136/435    0s] WriteText Library/Bee/artifacts/200b0aE.dag/ProjectChimera.Data.rsp
[137/435    0s] WriteText Library/Bee/artifacts/200b0aE.dag/ProjectChimera.Data.rsp2
[138/435    0s] WriteText Library/Bee/artifacts/200b0aE.dag/ProjectChimera.Systems.Environment.rsp2
[139/435    0s] WriteText Library/Bee/artifacts/200b0aE.dag/ProjectChimera.Systems.Economy.rsp2
[140/435    0s] WriteText Library/Bee/artifacts/200b0aE.dag/ProjectChimera.Systems.Environment.dll.mvfrm.rsp
[141/435    0s] WriteText Library/Bee/artifacts/200b0aE.dag/ProjectChimera.Systems.Environment.rsp
[142/435    0s] WriteText Library/Bee/artifacts/200b0aE.dag/ProjectChimera.Systems.Economy.dll.mvfrm.rsp
[143/435    0s] WriteText Library/Bee/artifacts/200b0aE.dag/ProjectChimera.Systems.Economy.rsp
[144/435    0s] WriteText Library/Bee/artifacts/200b0aE.dag/ProjectChimera.Systems.Economy.UnityAdditionalFile.txt
[145/435    0s] WriteText Library/Bee/artifacts/200b0aE.dag/ProjectChimera.AI.UnityAdditionalFile.txt
[146/435    0s] WriteText Library/Bee/artifacts/200b0aE.dag/ProjectChimera.Systems.Environment.UnityAdditionalFile.txt
[147/435    0s] WriteText Library/Bee/artifacts/200b0aE.dag/ProjectChimera.AI.dll.mvfrm.rsp
[148/435    0s] WriteText Library/Bee/artifacts/200b0aE.dag/ProjectChimera.Systems.Facilities.UnityAdditionalFile.txt
[149/435    0s] WriteText Library/Bee/artifacts/200b0aE.dag/ProjectChimera.Systems.Automation.UnityAdditionalFile.txt
[150/435    0s] WriteText Library/Bee/artifacts/200b0aE.dag/ProjectChimera.AI.rsp2
[151/435    0s] WriteText Library/Bee/artifacts/200b0aE.dag/ProjectChimera.Systems.Automation.rsp2
[152/435    0s] WriteText Library/Bee/artifacts/200b0aE.dag/ProjectChimera.AI.rsp
[153/435    0s] WriteText Library/Bee/artifacts/200b0aE.dag/ProjectChimera.Events.rsp2
[154/435    0s] WriteText Library/Bee/artifacts/200b0aE.dag/ProjectChimera.Events.UnityAdditionalFile.txt
[155/435    0s] WriteText Library/Bee/artifacts/200b0aE.dag/ProjectChimera.Systems.Facilities.rsp2
[156/435    0s] WriteText Library/Bee/artifacts/200b0aE.dag/ProjectChimera.Systems.Facilities.rsp
[157/435    0s] WriteText Library/Bee/artifacts/200b0aE.dag/ProjectChimera.Systems.Cultivation.rsp2
[158/435    0s] WriteText Library/Bee/artifacts/200b0aE.dag/ProjectChimera.Systems.Cultivation.UnityAdditionalFile.txt
[159/435    0s] WriteText Library/Bee/artifacts/200b0aE.dag/ProjectChimera.Genetics.UnityAdditionalFile.txt
[160/435    0s] WriteText Library/Bee/artifacts/200b0aE.dag/ProjectChimera.Genetics.rsp2
[161/435    0s] WriteText Library/Bee/artifacts/200b0aE.dag/ProjectChimera.Systems.Automation.dll.mvfrm.rsp
[162/435    0s] WriteText Library/Bee/artifacts/200b0aE.dag/ProjectChimera.Systems.Facilities.dll.mvfrm.rsp
[163/435    0s] WriteText Library/Bee/artifacts/200b0aE.dag/ProjectChimera.Visuals.rsp2
[164/435    0s] WriteText Library/Bee/artifacts/200b0aE.dag/ProjectChimera.Systems.Automation.rsp
[165/435    0s] WriteText Library/Bee/artifacts/200b0aE.dag/ProjectChimera.Events.dll.mvfrm.rsp
[166/435    0s] WriteText Library/Bee/artifacts/200b0aE.dag/ProjectChimera.Visuals.dll.mvfrm.rsp
[167/435    0s] WriteText Library/Bee/artifacts/200b0aE.dag/ProjectChimera.Events.rsp
[168/435    0s] WriteText Library/Bee/artifacts/200b0aE.dag/ProjectChimera.Genetics.dll.mvfrm.rsp
[169/435    0s] WriteText Library/Bee/artifacts/200b0aE.dag/ProjectChimera.Genetics.rsp
[170/435    0s] WriteText Library/Bee/artifacts/200b0aE.dag/ProjectChimera.Systems.Progression.UnityAdditionalFile.txt
[171/435    0s] WriteText Library/Bee/artifacts/200b0aE.dag/ProjectChimera.Visuals.rsp
[172/435    0s] WriteText Library/Bee/artifacts/200b0aE.dag/ProjectChimera.Systems.Progression.rsp2
[173/435    0s] WriteText Library/Bee/artifacts/200b0aE.dag/ProjectChimera.Systems.Cultivation.rsp
[174/435    0s] WriteText Library/Bee/artifacts/200b0aE.dag/ProjectChimera.Systems.Cultivation.dll.mvfrm.rsp
[175/435    0s] WriteText Library/Bee/artifacts/200b0aE.dag/ProjectChimera.Systems.Progression.dll.mvfrm.rsp
[176/435    0s] WriteText Library/Bee/artifacts/200b0aE.dag/ProjectChimera.Systems.Construction.UnityAdditionalFile.txt
[177/435    0s] WriteText Library/Bee/artifacts/200b0aE.dag/ProjectChimera.Systems.Progression.rsp
[178/435    0s] WriteText Library/Bee/artifacts/200b0aE.dag/ProjectChimera.Tutorial.UnityAdditionalFile.txt
[179/435    0s] WriteText Library/Bee/artifacts/200b0aE.dag/ProjectChimera.Tutorial.rsp2
[180/435    0s] WriteText Library/Bee/artifacts/200b0aE.dag/ProjectChimera.Community.rsp2
[181/435    0s] WriteText Library/Bee/artifacts/200b0aE.dag/ProjectChimera.Visuals.UnityAdditionalFile.txt
[182/435    0s] WriteText Library/Bee/artifacts/200b0aE.dag/ProjectChimera.Community.UnityAdditionalFile.txt
[183/435    0s] WriteText Library/Bee/artifacts/200b0aE.dag/ProjectChimera.Systems.Construction.rsp2
[184/435    0s] WriteText Library/Bee/artifacts/200b0aE.dag/ProjectChimera.Systems.Construction.rsp
[185/435    0s] WriteText Library/Bee/artifacts/200b0aE.dag/ProjectChimera.Tutorial.dll.mvfrm.rsp
[186/435    0s] WriteText Library/Bee/artifacts/200b0aE.dag/ProjectChimera.Community.dll.mvfrm.rsp
[187/435    0s] WriteText Library/Bee/artifacts/200b0aE.dag/ProjectChimera.Tutorial.rsp
[188/435    0s] WriteText Library/Bee/artifacts/200b0aE.dag/ProjectChimera.Community.rsp
[189/435    0s] WriteText Library/Bee/artifacts/200b0aE.dag/ProjectChimera.Scripts.UnityAdditionalFile.txt
[190/435    0s] WriteText Library/Bee/artifacts/200b0aE.dag/ProjectChimera.Scripts.rsp2
[191/435    0s] WriteText Library/Bee/artifacts/200b0aE.dag/ProjectChimera.Systems.Events.rsp2
[192/435    0s] WriteText Library/Bee/artifacts/200b0aE.dag/ProjectChimera.Effects.rsp2
[193/435    0s] WriteText Library/Bee/artifacts/200b0aE.dag/ProjectChimera.Effects.UnityAdditionalFile.txt
[194/435    0s] WriteText Library/Bee/artifacts/200b0aE.dag/ProjectChimera.Systems.Events.UnityAdditionalFile.txt
[195/435    0s] WriteText Library/Bee/artifacts/200b0aE.dag/ProjectChimera.Scripts.rsp
[196/435    0s] WriteText Library/Bee/artifacts/200b0aE.dag/ProjectChimera.Systems.Events.dll.mvfrm.rsp
[197/435    0s] WriteText Library/Bee/artifacts/200b0aE.dag/ProjectChimera.Effects.dll.mvfrm.rsp
[198/435    0s] WriteText Library/Bee/artifacts/200b0aE.dag/ProjectChimera.Effects.rsp
[199/435    0s] WriteText Library/Bee/artifacts/200b0aE.dag/ProjectChimera.Systems.Events.rsp
[200/435    0s] WriteText Library/Bee/artifacts/200b0aE.dag/ProjectChimera.UI.UnityAdditionalFile.txt
[201/435    0s] WriteText Library/Bee/artifacts/200b0aE.dag/ProjectChimera.UI.rsp2
[202/435    0s] WriteText Library/Bee/artifacts/200b0aE.dag/Unity.Multiplayer.Center.Common.UnityAdditionalFile.txt
[203/435    0s] WriteText Library/Bee/artifacts/200b0aE.dag/Unity.Multiplayer.Center.Common.rsp2
[204/435    0s] WriteText Library/Bee/artifacts/200b0aE.dag/ProjectChimera.UI.dll.mvfrm.rsp
[205/435    0s] WriteText Library/Bee/artifacts/200b0aE.dag/Unity.Multiplayer.Center.Common.dll.mvfrm.rsp
[206/435    0s] WriteText Library/Bee/artifacts/200b0aE.dag/ProjectChimera.UI.rsp
[207/435    0s] WriteText Library/Bee/artifacts/200b0aE.dag/Unity.Multiplayer.Center.Common.rsp
[208/435    0s] WriteText Library/Bee/artifacts/200b0aE.dag/ProjectChimera.Prefabs.UnityAdditionalFile.txt
[209/435    0s] WriteText Library/Bee/artifacts/200b0aE.dag/ProjectChimera.Prefabs.rsp2
[210/435    0s] WriteText Library/Bee/artifacts/200b0aE.dag/ProjectChimera.Settings.UnityAdditionalFile.txt
[211/435    0s] WriteText Library/Bee/artifacts/200b0aE.dag/ProjectChimera.Prefabs.dll.mvfrm.rsp
[212/435    0s] WriteText Library/Bee/artifacts/200b0aE.dag/ProjectChimera.Systems.Construction.dll.mvfrm.rsp
[213/435    0s] WriteText Library/Bee/artifacts/200b0aE.dag/ProjectChimera.Scripts.dll.mvfrm.rsp
[214/435    0s] WriteText Library/Bee/artifacts/200b0aE.dag/ProjectChimera.Analytics.rsp2
[215/435    0s] WriteText Library/Bee/artifacts/200b0aE.dag/ProjectChimera.Gaming.rsp2
[216/435    0s] WriteText Library/Bee/artifacts/200b0aE.dag/ProjectChimera.Settings.rsp2
[217/435    0s] WriteText Library/Bee/artifacts/200b0aE.dag/ProjectChimera.Gaming.UnityAdditionalFile.txt
[218/435    0s] WriteText Library/Bee/artifacts/200b0aE.dag/ProjectChimera.Analytics.UnityAdditionalFile.txt
[219/435    0s] WriteText Library/Bee/artifacts/200b0aE.dag/ProjectChimera.Prefabs.rsp
[220/435    0s] WriteText Library/Bee/artifacts/200b0aE.dag/Unity.Multiplayer.Center.Editor.UnityAdditionalFile.txt
[221/435    0s] WriteText Library/Bee/artifacts/200b0aE.dag/Unity.Multiplayer.Center.Editor.rsp2
[222/435    0s] MovedFromExtractor Library/Bee/artifacts/mvdfrm/UnityEditor.Android.Extensions.dll_86CCE5271345BB3B.mvfrm
[223/435    0s] WriteText Library/Bee/artifacts/200b0aE.dag/ProjectChimera.Analytics.dll.mvfrm.rsp
[224/435    0s] WriteText Library/Bee/artifacts/200b0aE.dag/ProjectChimera.SpeedTree.rsp2
[225/435    0s] WriteText Library/Bee/artifacts/200b0aE.dag/ProjectChimera.Settings.dll.mvfrm.rsp
[226/435    0s] WriteText Library/Bee/artifacts/200b0aE.dag/ProjectChimera.SpeedTree.UnityAdditionalFile.txt
[227/435    0s] WriteText Library/Bee/artifacts/200b0aE.dag/ProjectChimera.Audio.UnityAdditionalFile.txt
[228/435    0s] WriteText Library/Bee/artifacts/200b0aE.dag/ProjectChimera.Save.rsp2
[229/435    0s] WriteText Library/Bee/artifacts/200b0aE.dag/ProjectChimera.Save.UnityAdditionalFile.txt
[230/435    0s] WriteText Library/Bee/artifacts/200b0aE.dag/ProjectChimera.Audio.rsp2
[231/435    0s] WriteText Library/Bee/artifacts/200b0aE.dag/Unity.Multiplayer.Center.Editor.dll.mvfrm.rsp
[232/435    0s] WriteText Library/Bee/artifacts/200b0aE.dag/ProjectChimera.Save.dll.mvfrm.rsp
[233/435    0s] WriteText Library/Bee/artifacts/200b0aE.dag/ProjectChimera.Analytics.rsp
[234/435    0s] WriteText Library/Bee/artifacts/200b0aE.dag/ProjectChimera.Settings.rsp
[235/435    0s] WriteText Library/Bee/artifacts/200b0aE.dag/ProjectChimera.SpeedTree.dll.mvfrm.rsp
[236/435    0s] WriteText Library/Bee/artifacts/200b0aE.dag/ProjectChimera.IPM.rsp2
[237/435    0s] WriteText Library/Bee/artifacts/200b0aE.dag/ProjectChimera.IPM.UnityAdditionalFile.txt
[238/435    0s] WriteText Library/Bee/artifacts/200b0aE.dag/ProjectChimera.Audio.dll.mvfrm.rsp
[239/435    0s] WriteText Library/Bee/artifacts/200b0aE.dag/ProjectChimera.Gaming.rsp
[240/435    0s] WriteText Library/Bee/artifacts/200b0aE.dag/Unity.Multiplayer.Center.Editor.rsp
[241/435    0s] WriteText Library/Bee/artifacts/200b0aE.dag/ProjectChimera.Save.rsp
[242/435    0s] WriteText Library/Bee/artifacts/200b0aE.dag/ProjectChimera.Audio.rsp
[243/435    0s] WriteText Library/Bee/artifacts/200b0aE.dag/ProjectChimera.Testing.Core.rsp2
[244/435    0s] WriteText Library/Bee/artifacts/200b0aE.dag/ProjectChimera.Testing.Core.UnityAdditionalFile.txt
[245/435    0s] WriteText Library/Bee/artifacts/200b0aE.dag/ProjectChimera.SpeedTree.rsp
[246/435    0s] WriteText Library/Bee/artifacts/200b0aE.dag/ProjectChimera.IPM.dll.mvfrm.rsp
[247/435    0s] WriteText Library/Bee/artifacts/200b0aE.dag/ProjectChimera.Examples.rsp2
[248/435    0s] WriteText Library/Bee/artifacts/200b0aE.dag/ProjectChimera.Examples.UnityAdditionalFile.txt
[249/435    0s] WriteText Library/Bee/artifacts/200b0aE.dag/ProjectChimera.Systems.Narrative.rsp2
[250/435    0s] WriteText Library/Bee/artifacts/200b0aE.dag/ProjectChimera.Editor.rsp2
[251/435    0s] WriteText Library/Bee/artifacts/200b0aE.dag/ProjectChimera.Systems.Narrative.UnityAdditionalFile.txt
[252/435    0s] WriteText Library/Bee/artifacts/200b0aE.dag/ProjectChimera.Testing.Core.dll.mvfrm.rsp
[253/435    0s] WriteText Library/Bee/artifacts/200b0aE.dag/ProjectChimera.Tutorial.Editor.UnityAdditionalFile.txt
[254/435    0s] WriteText Library/Bee/artifacts/200b0aE.dag/ProjectChimera.Editor.UnityAdditionalFile.txt
[255/435    0s] WriteText Library/Bee/artifacts/200b0aE.dag/ProjectChimera.Tutorial.Editor.rsp2
[256/435    0s] WriteText Library/Bee/artifacts/200b0aE.dag/ProjectChimera.Tutorial.Editor.dll.mvfrm.rsp
[257/435    0s] WriteText Library/Bee/artifacts/200b0aE.dag/ProjectChimera.Examples.dll.mvfrm.rsp
[258/435    0s] WriteText Library/Bee/artifacts/200b0aE.dag/ProjectChimera.Gaming.dll.mvfrm.rsp
[259/435    0s] WriteText Library/Bee/artifacts/200b0aE.dag/ProjectChimera.Systems.Narrative.dll.mvfrm.rsp
[260/435    0s] WriteText Library/Bee/artifacts/200b0aE.dag/ProjectChimera.IPM.rsp
[261/435    0s] WriteText Library/Bee/artifacts/200b0aE.dag/ProjectChimera.Editor.dll.mvfrm.rsp
[262/435    0s] WriteText Library/Bee/artifacts/200b0aE.dag/ProjectChimera.Testing.Core.rsp
[263/435    0s] WriteText Library/Bee/artifacts/200b0aE.dag/ProjectChimera.Tutorial.Editor.rsp
[264/435    0s] WriteText Library/Bee/artifacts/200b0aE.dag/ProjectChimera.Editor.rsp
[265/435    0s] WriteText Library/Bee/artifacts/200b0aE.dag/ProjectChimera.Systems.Narrative.rsp
[266/435    0s] WriteText Library/Bee/artifacts/200b0aE.dag/ProjectChimera.Examples.rsp
[267/435    0s] WriteText Library/Bee/artifacts/200b0aE.dag/ProjectChimera.Testing.Systems.dll.mvfrm.rsp
[268/435    0s] WriteText Library/Bee/artifacts/200b0aE.dag/ProjectChimera.Testing.UnityAdditionalFile.txt
[269/435    0s] WriteText Library/Bee/artifacts/200b0aE.dag/Assembly-CSharp.rsp2
[270/435    0s] WriteText Library/Bee/artifacts/200b0aE.dag/ProjectChimera.Testing.rsp2
[271/435    0s] WriteText Library/Bee/artifacts/200b0aE.dag/ProjectChimera.Testing.dll.mvfrm.rsp
[272/435    0s] WriteText Library/Bee/artifacts/200b0aE.dag/ProjectChimera.Testing.Systems.rsp2
[273/435    0s] WriteText Library/Bee/artifacts/200b0aE.dag/Assembly-CSharp.dll.mvfrm.rsp
[274/435    0s] WriteText Library/Bee/artifacts/200b0aE.dag/ProjectChimera.Testing.Systems.UnityAdditionalFile.txt
[275/435    0s] WriteText Library/Bee/artifacts/200b0aE.dag/Assembly-CSharp.UnityAdditionalFile.txt
[276/435    0s] MovedFromExtractor Library/Bee/artifacts/mvdfrm/UnityEditor.AppleTV.Extensions.dll_918A931DDC55171D.mvfrm
[277/435    0s] MovedFromExtractor Library/Bee/artifacts/mvdfrm/UnityEditor.WindowsStandalone.Extensions.dll_B365EDAE527A0B1D.mvfrm
[278/435    0s] MovedFromExtractor Library/Bee/artifacts/mvdfrm/UnityEditor.iOS.Extensions.dll_E41AF5294CE64B8D.mvfrm
[279/435    0s] WriteText Library/Bee/artifacts/200b0aE.dag/Assembly-CSharp.rsp
[280/435    0s] WriteText Library/Bee/artifacts/200b0aE.dag/ProjectChimera.Testing.Systems.rsp
[281/435    0s] WriteText Library/Bee/artifacts/200b0aE.dag/ProjectChimera.Testing.rsp
[282/435    0s] MovedFromExtractor Library/Bee/artifacts/mvdfrm/UnityEditor.LinuxStandalone.Extensions.dll_EE8C43725701C50D.mvfrm
[283/435    0s] MovedFromExtractor-Combine Library/Bee/artifacts/200b0aE.dag/ProjectChimera.Testing.Systems.dll.mvfrm
[284/435    0s] MovedFromExtractor-Combine Library/Bee/artifacts/200b0aE.dag/ProjectChimera.Testing.Core.dll.mvfrm
[285/435    0s] MovedFromExtractor Library/Bee/artifacts/mvdfrm/UnityEngine.AMDModule.dll_AD91045649EB646B.mvfrm
[286/435    0s] MovedFromExtractor-Combine Library/Bee/artifacts/200b0aE.dag/ProjectChimera.Testing.dll.mvfrm
[287/435    0s] MovedFromExtractor Library/Bee/artifacts/mvdfrm/UnityEngine.NVIDIAModule.dll_62FB8403230094AC.mvfrm
[288/435    0s] MovedFromExtractor-Combine Library/Bee/artifacts/200b0aE.dag/ProjectChimera.Data.dll.mvfrm
[289/435    0s] MovedFromExtractor-Combine Library/Bee/artifacts/200b0aE.dag/ProjectChimera.Core.dll.mvfrm
[290/435    0s] MovedFromExtractor-Combine Library/Bee/artifacts/200b0aE.dag/ProjectChimera.Systems.Environment.dll.mvfrm
[291/435    0s] MovedFromExtractor-Combine Library/Bee/artifacts/200b0aE.dag/ProjectChimera.Systems.Economy.dll.mvfrm
[292/435    0s] MovedFromExtractor-Combine Library/Bee/artifacts/200b0aE.dag/ProjectChimera.AI.dll.mvfrm
[293/435    0s] MovedFromExtractor-Combine Library/Bee/artifacts/200b0aE.dag/ProjectChimera.Genetics.dll.mvfrm
[294/435    0s] MovedFromExtractor-Combine Library/Bee/artifacts/200b0aE.dag/ProjectChimera.Visuals.dll.mvfrm
[295/435    0s] MovedFromExtractor-Combine Library/Bee/artifacts/200b0aE.dag/ProjectChimera.Systems.Cultivation.dll.mvfrm
[296/435    0s] MovedFromExtractor-Combine Library/Bee/artifacts/200b0aE.dag/ProjectChimera.Systems.Automation.dll.mvfrm
[297/435    0s] MovedFromExtractor-Combine Library/Bee/artifacts/200b0aE.dag/ProjectChimera.Events.dll.mvfrm
[298/435    0s] MovedFromExtractor-Combine Library/Bee/artifacts/200b0aE.dag/ProjectChimera.Systems.Facilities.dll.mvfrm
[299/435    0s] MovedFromExtractor-Combine Library/Bee/artifacts/200b0aE.dag/ProjectChimera.Systems.Progression.dll.mvfrm
[300/435    0s] MovedFromExtractor-Combine Library/Bee/artifacts/200b0aE.dag/ProjectChimera.Systems.Construction.dll.mvfrm
[301/435    0s] MovedFromExtractor-Combine Library/Bee/artifacts/200b0aE.dag/ProjectChimera.Community.dll.mvfrm
[302/435    0s] MovedFromExtractor-Combine Library/Bee/artifacts/200b0aE.dag/ProjectChimera.Tutorial.dll.mvfrm
[303/435    0s] MovedFromExtractor-Combine Library/Bee/artifacts/200b0aE.dag/ProjectChimera.UI.dll.mvfrm
[304/435    0s] MovedFromExtractor-Combine Library/Bee/artifacts/200b0aE.dag/ProjectChimera.Scripts.dll.mvfrm
[305/435    0s] MovedFromExtractor-Combine Library/Bee/artifacts/200b0aE.dag/ProjectChimera.Effects.dll.mvfrm
[306/435    0s] MovedFromExtractor-Combine Library/Bee/artifacts/200b0aE.dag/ProjectChimera.Systems.Events.dll.mvfrm
[307/435    0s] MovedFromExtractor-Combine Library/Bee/artifacts/200b0aE.dag/ProjectChimera.Analytics.dll.mvfrm
[308/435    0s] MovedFromExtractor-Combine Library/Bee/artifacts/200b0aE.dag/ProjectChimera.Gaming.dll.mvfrm
[309/435    0s] MovedFromExtractor-Combine Library/Bee/artifacts/200b0aE.dag/ProjectChimera.Audio.dll.mvfrm
[310/435    0s] MovedFromExtractor-Combine Library/Bee/artifacts/200b0aE.dag/ProjectChimera.SpeedTree.dll.mvfrm
[311/435    0s] MovedFromExtractor-Combine Library/Bee/artifacts/200b0aE.dag/Unity.Multiplayer.Center.Common.dll.mvfrm
[312/435    0s] MovedFromExtractor-Combine Library/Bee/artifacts/200b0aE.dag/ProjectChimera.Prefabs.dll.mvfrm
[313/435    0s] MovedFromExtractor-Combine Library/Bee/artifacts/200b0aE.dag/ProjectChimera.Settings.dll.mvfrm
[313/435    0s] Csc Library/Bee/artifacts/200b0aE.dag/Unity.Multiplayer.Center.Common.dll (+2 others) [CacheHit 2227e3af7d0e307c1c5829e3670db24d00000000000000000000000000000004]
[314/435   1752418236s] Csc Library/Bee/artifacts/200b0aE.dag/Unity.Multiplayer.Center.Common.dll (+2 others)
[316/435    0s] MovedFromExtractor-Combine Library/Bee/artifacts/200b0aE.dag/ProjectChimera.Save.dll.mvfrm
[317/435    0s] CopyFiles Library/ScriptAssemblies/Unity.Multiplayer.Center.Common.dll
[318/435    0s] CopyFiles Library/ScriptAssemblies/Unity.Multiplayer.Center.Common.pdb
[319/435    0s] MovedFromExtractor-Combine Library/Bee/artifacts/200b0aE.dag/ProjectChimera.IPM.dll.mvfrm
[320/435    0s] MovedFromExtractor-Combine Library/Bee/artifacts/200b0aE.dag/ProjectChimera.Editor.dll.mvfrm
[321/435    0s] MovedFromExtractor-Combine Library/Bee/artifacts/200b0aE.dag/ProjectChimera.Tutorial.Editor.dll.mvfrm
[322/435    0s] MovedFromExtractor-Combine Library/Bee/artifacts/200b0aE.dag/ProjectChimera.Systems.Narrative.dll.mvfrm
[323/435    0s] MovedFromExtractor-Combine Library/Bee/artifacts/200b0aE.dag/ProjectChimera.Examples.dll.mvfrm
[324/435    0s] MovedFromExtractor Library/Bee/artifacts/mvdfrm/Unity.Multiplayer.Center.Common.ref.dll_70C63ADD63245F54.mvfrm
[325/435    0s] MovedFromExtractor-Combine Library/Bee/artifacts/200b0aE.dag/Unity.Multiplayer.Center.Editor.dll.mvfrm
[324/435    0s] Csc Library/Bee/artifacts/200b0aE.dag/Unity.Multiplayer.Center.Editor.dll (+2 others) [CacheHit 1a2fb3816e47c6d1e26603c94d5c55ec00000000000000000000000000000004]
[326/435   1752418237s] Csc Library/Bee/artifacts/200b0aE.dag/Unity.Multiplayer.Center.Editor.dll (+2 others)
[328/435    0s] CopyFiles Library/ScriptAssemblies/Unity.Multiplayer.Center.Editor.pdb
[329/435    0s] CopyFiles Library/ScriptAssemblies/Unity.Multiplayer.Center.Editor.dll
[330/435    0s] MovedFromExtractor Library/Bee/artifacts/mvdfrm/Unity.Multiplayer.Center.Editor.ref.dll_6DAF32D8644B89D6.mvfrm
[331/435    0s] MovedFromExtractor-Combine Library/Bee/artifacts/200b0aE.dag/Assembly-CSharp.dll.mvfrm
[332/435    1s] Csc Library/Bee/artifacts/200b0aE.dag/ProjectChimera.Core.dll (+2 others)
Assets/ProjectChimera/Core/ChimeraConfigSO.cs(79,24): warning CS0108: 'ChimeraConfigSO.LogWarning(string)' hides inherited member 'ChimeraScriptableObject.LogWarning(string)'. Use the new keyword if hiding was intended.
Assets/ProjectChimera/Core/ChimeraConfigSO.cs(88,24): warning CS0108: 'ChimeraConfigSO.LogError(string)' hides inherited member 'ChimeraScriptableObject.LogError(string)'. Use the new keyword if hiding was intended.
Assets/ProjectChimera/Core/ChimeraDataSO.cs(52,24): warning CS0108: 'ChimeraDataSO.LogWarning(string)' hides inherited member 'ChimeraScriptableObject.LogWarning(string)'. Use the new keyword if hiding was intended.
Assets/ProjectChimera/Core/ChimeraDataSO.cs(61,24): warning CS0108: 'ChimeraDataSO.LogError(string)' hides inherited member 'ChimeraScriptableObject.LogError(string)'. Use the new keyword if hiding was intended.
Assets/ProjectChimera/Core/GameManager.cs(259,18): warning CS0114: 'GameManager.GetManager<T>()' hides inherited member 'ChimeraManager.GetManager<T>()'. To make the current member override that implementation, add the override keyword. Otherwise add the new keyword.
Assets/ProjectChimera/Core/ChimeraManager.cs(73,52): warning CS0067: The event 'ChimeraManager.OnPlantAdded' is never used
Assets/ProjectChimera/Core/ChimeraManager.cs(78,52): warning CS0067: The event 'ChimeraManager.OnSaleCompleted' is never used
Assets/ProjectChimera/Core/ChimeraManager.cs(77,52): warning CS0067: The event 'ChimeraManager.OnResearchStarted' is never used
Assets/ProjectChimera/Core/ChimeraManager.cs(66,52): warning CS0067: The event 'ChimeraManager.OnProjectStartedObject' is never used
Assets/ProjectChimera/Core/ChimeraManager.cs(70,52): warning CS0067: The event 'ChimeraManager.OnAlertTriggeredObject' is never used
Assets/ProjectChimera/Core/ChimeraManager.cs(81,52): warning CS0067: The event 'ChimeraManager.OnConstructionIssue' is never used
Assets/ProjectChimera/Core/ChimeraManager.cs(68,52): warning CS0067: The event 'ChimeraManager.OnConstructionIssueObject' is never used
Assets/ProjectChimera/Core/ChimeraManager.cs(75,52): warning CS0067: The event 'ChimeraManager.OnPlantStageChanged' is never used
Assets/ProjectChimera/Core/ChimeraManager.cs(69,52): warning CS0067: The event 'ChimeraManager.OnConditionsChangedObject' is never used
Assets/ProjectChimera/Core/ChimeraManager.cs(62,52): warning CS0067: The event 'ChimeraManager.OnPlantStageChangedObject' is never used
Assets/ProjectChimera/Core/ChimeraManager.cs(63,52): warning CS0067: The event 'ChimeraManager.OnResearchCompletedObject' is never used
Assets/ProjectChimera/Core/ChimeraManager.cs(76,52): warning CS0067: The event 'ChimeraManager.OnResearchCompleted' is never used
Assets/ProjectChimera/Core/ChimeraManager.cs(67,52): warning CS0067: The event 'ChimeraManager.OnProjectCompletedObject' is never used
Assets/ProjectChimera/Core/ChimeraManager.cs(74,52): warning CS0067: The event 'ChimeraManager.OnPlantHarvested' is never used
Assets/ProjectChimera/Core/ChimeraManager.cs(61,52): warning CS0067: The event 'ChimeraManager.OnPlantHarvestedObject' is never used
Assets/ProjectChimera/Core/ChimeraManager.cs(64,52): warning CS0067: The event 'ChimeraManager.OnResearchStartedObject' is never used
Assets/ProjectChimera/Core/ChimeraManager.cs(80,52): warning CS0067: The event 'ChimeraManager.OnProjectCompleted' is never used
Assets/ProjectChimera/Core/ChimeraManager.cs(79,52): warning CS0067: The event 'ChimeraManager.OnProjectStarted' is never used
Assets/ProjectChimera/Core/ChimeraManager.cs(65,52): warning CS0067: The event 'ChimeraManager.OnSaleCompletedObject' is never used
Assets/ProjectChimera/Core/ChimeraManager.cs(60,52): warning CS0067: The event 'ChimeraManager.OnPlantDeletedObject' is never used
Assets/ProjectChimera/Core/ChimeraManager.cs(59,52): warning CS0067: The event 'ChimeraManager.OnMarketConditionsChanged' is never used
[333/435    0s] CopyFiles Library/ScriptAssemblies/ProjectChimera.Core.pdb
[334/435    0s] CopyFiles Library/ScriptAssemblies/ProjectChimera.Core.dll
[335/435    1s] Csc Library/Bee/artifacts/200b0aE.dag/ProjectChimera.Data.dll (+2 others)
##### CommandLine
"/Applications/Unity/Hub/Editor/6000.2.0b2/Unity.app/Contents/NetCoreRuntime/dotnet" exec "/Applications/Unity/Hub/Editor/6000.2.0b2/Unity.app/Contents/DotNetSdkRoslyn/csc.dll" /nostdlib /noconfig /shared "@Library/Bee/artifacts/200b0aE.dag/ProjectChimera.Data.rsp" "@Library/Bee/artifacts/200b0aE.dag/ProjectChimera.Data.rsp2"
##### Contents of Library/Bee/artifacts/200b0aE.dag/ProjectChimera.Data.rsp
-target:library
-out:"Library/Bee/artifacts/200b0aE.dag/ProjectChimera.Data.dll"
-refout:"Library/Bee/artifacts/200b0aE.dag/ProjectChimera.Data.ref.dll"
-define:UNITY_6000_2_0
-define:UNITY_6000_2
-define:UNITY_6000
-define:UNITY_5_3_OR_NEWER
-define:UNITY_5_4_OR_NEWER
-define:UNITY_5_5_OR_NEWER
-define:UNITY_5_6_OR_NEWER
-define:UNITY_2017_1_OR_NEWER
-define:UNITY_2017_2_OR_NEWER
-define:UNITY_2017_3_OR_NEWER
-define:UNITY_2017_4_OR_NEWER
-define:UNITY_2018_1_OR_NEWER
-define:UNITY_2018_2_OR_NEWER
-define:UNITY_2018_3_OR_NEWER
-define:UNITY_2018_4_OR_NEWER
-define:UNITY_2019_1_OR_NEWER
-define:UNITY_2019_2_OR_NEWER
-define:UNITY_2019_3_OR_NEWER
-define:UNITY_2019_4_OR_NEWER
-define:UNITY_2020_1_OR_NEWER
-define:UNITY_2020_2_OR_NEWER
-define:UNITY_2020_3_OR_NEWER
-define:UNITY_2021_1_OR_NEWER
-define:UNITY_2021_2_OR_NEWER
-define:UNITY_2021_3_OR_NEWER
-define:UNITY_2022_1_OR_NEWER
-define:UNITY_2022_2_OR_NEWER
-define:UNITY_2022_3_OR_NEWER
-define:UNITY_2023_1_OR_NEWER
-define:UNITY_2023_2_OR_NEWER
-define:UNITY_2023_3_OR_NEWER
-define:UNITY_6000_0_OR_NEWER
-define:UNITY_6000_1_OR_NEWER
-define:UNITY_6000_2_OR_NEWER
-define:PLATFORM_ARCH_64
-define:UNITY_64
-define:UNITY_INCLUDE_TESTS
-define:ENABLE_AR
-define:ENABLE_AUDIO
-define:ENABLE_CACHING
-define:ENABLE_CLOTH
-define:ENABLE_MICROPHONE
-define:ENABLE_MULTIPLE_DISPLAYS
-define:ENABLE_PHYSICS
-define:ENABLE_TEXTURE_STREAMING
-define:ENABLE_VIRTUALTEXTURING
-define:ENABLE_LZMA
-define:ENABLE_UNITYEVENTS
-define:ENABLE_VR
-define:ENABLE_WEBCAM
-define:ENABLE_UNITYWEBREQUEST
-define:ENABLE_WWW
-define:ENABLE_CLOUD_SERVICES
-define:ENABLE_CLOUD_SERVICES_ADS
-define:ENABLE_CLOUD_SERVICES_USE_WEBREQUEST
-define:ENABLE_UNITY_CLOUD_IDENTIFIERS
-define:ENABLE_CLOUD_SERVICES_CRASH_REPORTING
-define:ENABLE_CLOUD_SERVICES_NATIVE_CRASH_REPORTING
-define:ENABLE_CLOUD_SERVICES_PURCHASING
-define:ENABLE_CLOUD_SERVICES_ANALYTICS
-define:ENABLE_CLOUD_SERVICES_BUILD
-define:ENABLE_EDITOR_GAME_SERVICES
-define:ENABLE_UNITY_GAME_SERVICES_ANALYTICS_SUPPORT
-define:ENABLE_CLOUD_LICENSE
-define:ENABLE_EDITOR_HUB_LICENSE
-define:ENABLE_WEBSOCKET_CLIENT
-define:ENABLE_GENERATE_NATIVE_PLUGINS_FOR_ASSEMBLIES_API
-define:ENABLE_DIRECTOR_AUDIO
-define:ENABLE_DIRECTOR_TEXTURE
-define:ENABLE_MANAGED_JOBS
-define:ENABLE_MANAGED_TRANSFORM_JOBS
-define:ENABLE_MANAGED_ANIMATION_JOBS
-define:ENABLE_MANAGED_AUDIO_JOBS
-define:ENABLE_MANAGED_UNITYTLS
-define:INCLUDE_DYNAMIC_GI
-define:ENABLE_SCRIPTING_GC_WBARRIERS
-define:PLATFORM_SUPPORTS_MONO
-define:RENDER_SOFTWARE_CURSOR
-define:ENABLE_MARSHALLING_TESTS
-define:ENABLE_VIDEO
-define:ENABLE_NAVIGATION_OFFMESHLINK_TO_NAVMESHLINK
-define:ENABLE_ACCELERATOR_CLIENT_DEBUGGING
-define:TEXTCORE_1_0_OR_NEWER
-define:EDITOR_ONLY_NAVMESH_BUILDER_DEPRECATED
-define:PLATFORM_STANDALONE_OSX
-define:PLATFORM_STANDALONE
-define:UNITY_STANDALONE_OSX
-define:UNITY_STANDALONE
-define:ENABLE_GAMECENTER
-define:ENABLE_RUNTIME_GI
-define:ENABLE_MOVIES
-define:ENABLE_NETWORK
-define:ENABLE_CRUNCH_TEXTURE_COMPRESSION
-define:ENABLE_CLUSTER_SYNC
-define:ENABLE_CLUSTERINPUT
-define:ENABLE_SPATIALTRACKING
-define:PLATFORM_HAS_CUSTOM_MUTEX
-define:PLATFORM_UPDATES_TIME_OUTSIDE_OF_PLAYER_LOOP
-define:ENABLE_MONO
-define:NET_STANDARD_2_0
-define:NET_STANDARD
-define:NET_STANDARD_2_1
-define:NETSTANDARD
-define:NETSTANDARD2_1
-define:ENABLE_PROFILER
-define:DEBUG
-define:TRACE
-define:UNITY_ASSERTIONS
-define:UNITY_EDITOR
-define:UNITY_EDITOR_64
-define:UNITY_EDITOR_OSX
-define:ENABLE_UNITY_COLLECTIONS_CHECKS
-define:ENABLE_BURST_AOT
-define:UNITY_TEAM_LICENSE
-define:ENABLE_CUSTOM_RENDER_TEXTURE
-define:ENABLE_DIRECTOR
-define:ENABLE_LOCALIZATION
-define:ENABLE_SPRITES
-define:ENABLE_TERRAIN
-define:ENABLE_TILEMAP
-define:ENABLE_TIMELINE
-define:ENABLE_LEGACY_INPUT_MANAGER
-define:TEXTCORE_FONT_ENGINE_1_5_OR_NEWER
-define:TEXTCORE_TEXT_ENGINE_1_5_OR_NEWER
-define:CSHARP_7_OR_LATER
-define:CSHARP_7_3_OR_NEWER
-r:"/Applications/Unity/Hub/Editor/6000.2.0b2/PlaybackEngines/AndroidPlayer/Unity.Android.Gradle.dll"
-r:"/Applications/Unity/Hub/Editor/6000.2.0b2/PlaybackEngines/AndroidPlayer/Unity.Android.Types.dll"
-r:"/Applications/Unity/Hub/Editor/6000.2.0b2/PlaybackEngines/AndroidPlayer/UnityEditor.Android.Extensions.dll"
-r:"/Applications/Unity/Hub/Editor/6000.2.0b2/PlaybackEngines/AppleTVSupport/UnityEditor.Apple.Extensions.Common.dll"
-r:"/Applications/Unity/Hub/Editor/6000.2.0b2/PlaybackEngines/AppleTVSupport/UnityEditor.AppleTV.Extensions.dll"
-r:"/Applications/Unity/Hub/Editor/6000.2.0b2/PlaybackEngines/AppleTVSupport/UnityEditor.iOS.Extensions.Xcode.dll"
-r:"/Applications/Unity/Hub/Editor/6000.2.0b2/PlaybackEngines/iOSSupport/UnityEditor.Apple.Extensions.Common.dll"
-r:"/Applications/Unity/Hub/Editor/6000.2.0b2/PlaybackEngines/iOSSupport/UnityEditor.iOS.Extensions.Common.dll"
-r:"/Applications/Unity/Hub/Editor/6000.2.0b2/PlaybackEngines/iOSSupport/UnityEditor.iOS.Extensions.dll"
-r:"/Applications/Unity/Hub/Editor/6000.2.0b2/PlaybackEngines/iOSSupport/UnityEditor.iOS.Extensions.Xcode.dll"
-r:"/Applications/Unity/Hub/Editor/6000.2.0b2/PlaybackEngines/LinuxStandaloneSupport/UnityEditor.LinuxStandalone.Extensions.dll"
-r:"/Applications/Unity/Hub/Editor/6000.2.0b2/PlaybackEngines/WebGLSupport/UnityEditor.WebGL.Extensions.dll"
-r:"/Applications/Unity/Hub/Editor/6000.2.0b2/PlaybackEngines/WindowsStandaloneSupport/UnityEditor.WindowsStandalone.Extensions.dll"
-r:"/Applications/Unity/Hub/Editor/6000.2.0b2/Unity.app/Contents/Managed/UnityEditor.Graphs.dll"
-r:"/Applications/Unity/Hub/Editor/6000.2.0b2/Unity.app/Contents/Managed/UnityEngine/UnityEditor.AccessibilityModule.dll"
-r:"/Applications/Unity/Hub/Editor/6000.2.0b2/Unity.app/Contents/Managed/UnityEngine/UnityEditor.AdaptivePerformanceModule.dll"
-r:"/Applications/Unity/Hub/Editor/6000.2.0b2/Unity.app/Contents/Managed/UnityEngine/UnityEditor.BuildProfileModule.dll"
-r:"/Applications/Unity/Hub/Editor/6000.2.0b2/Unity.app/Contents/Managed/UnityEngine/UnityEditor.ClothModule.dll"
-r:"/Applications/Unity/Hub/Editor/6000.2.0b2/Unity.app/Contents/Managed/UnityEngine/UnityEditor.CoreBusinessMetricsModule.dll"
-r:"/Applications/Unity/Hub/Editor/6000.2.0b2/Unity.app/Contents/Managed/UnityEngine/UnityEditor.CoreModule.dll"
-r:"/Applications/Unity/Hub/Editor/6000.2.0b2/Unity.app/Contents/Managed/UnityEngine/UnityEditor.DeviceSimulatorModule.dll"
-r:"/Applications/Unity/Hub/Editor/6000.2.0b2/Unity.app/Contents/Managed/UnityEngine/UnityEditor.DiagnosticsModule.dll"
-r:"/Applications/Unity/Hub/Editor/6000.2.0b2/Unity.app/Contents/Managed/UnityEngine/UnityEditor.dll"
-r:"/Applications/Unity/Hub/Editor/6000.2.0b2/Unity.app/Contents/Managed/UnityEngine/UnityEditor.EditorToolbarModule.dll"
-r:"/Applications/Unity/Hub/Editor/6000.2.0b2/Unity.app/Contents/Managed/UnityEngine/UnityEditor.EmbreeModule.dll"
-r:"/Applications/Unity/Hub/Editor/6000.2.0b2/Unity.app/Contents/Managed/UnityEngine/UnityEditor.GIModule.dll"
-r:"/Applications/Unity/Hub/Editor/6000.2.0b2/Unity.app/Contents/Managed/UnityEngine/UnityEditor.GraphicsStateCollectionSerializerModule.dll"
-r:"/Applications/Unity/Hub/Editor/6000.2.0b2/Unity.app/Contents/Managed/UnityEngine/UnityEditor.GraphViewModule.dll"
-r:"/Applications/Unity/Hub/Editor/6000.2.0b2/Unity.app/Contents/Managed/UnityEngine/UnityEditor.GridAndSnapModule.dll"
-r:"/Applications/Unity/Hub/Editor/6000.2.0b2/Unity.app/Contents/Managed/UnityEngine/UnityEditor.GridModule.dll"
-r:"/Applications/Unity/Hub/Editor/6000.2.0b2/Unity.app/Contents/Managed/UnityEngine/UnityEditor.MultiplayerModule.dll"
-r:"/Applications/Unity/Hub/Editor/6000.2.0b2/Unity.app/Contents/Managed/UnityEngine/UnityEditor.Physics2DModule.dll"
-r:"/Applications/Unity/Hub/Editor/6000.2.0b2/Unity.app/Contents/Managed/UnityEngine/UnityEditor.PhysicsModule.dll"
-r:"/Applications/Unity/Hub/Editor/6000.2.0b2/Unity.app/Contents/Managed/UnityEngine/UnityEditor.PresetsUIModule.dll"
-r:"/Applications/Unity/Hub/Editor/6000.2.0b2/Unity.app/Contents/Managed/UnityEngine/UnityEditor.PropertiesModule.dll"
-r:"/Applications/Unity/Hub/Editor/6000.2.0b2/Unity.app/Contents/Managed/UnityEngine/UnityEditor.QuickSearchModule.dll"
-r:"/Applications/Unity/Hub/Editor/6000.2.0b2/Unity.app/Contents/Managed/UnityEngine/UnityEditor.SafeModeModule.dll"
-r:"/Applications/Unity/Hub/Editor/6000.2.0b2/Unity.app/Contents/Managed/UnityEngine/UnityEditor.SceneTemplateModule.dll"
-r:"/Applications/Unity/Hub/Editor/6000.2.0b2/Unity.app/Contents/Managed/UnityEngine/UnityEditor.SceneViewModule.dll"
-r:"/Applications/Unity/Hub/Editor/6000.2.0b2/Unity.app/Contents/Managed/UnityEngine/UnityEditor.ShaderFoundryModule.dll"
-r:"/Applications/Unity/Hub/Editor/6000.2.0b2/Unity.app/Contents/Managed/UnityEngine/UnityEditor.SketchUpModule.dll"
-r:"/Applications/Unity/Hub/Editor/6000.2.0b2/Unity.app/Contents/Managed/UnityEngine/UnityEditor.SpriteMaskModule.dll"
-r:"/Applications/Unity/Hub/Editor/6000.2.0b2/Unity.app/Contents/Managed/UnityEngine/UnityEditor.SpriteShapeModule.dll"
-r:"/Applications/Unity/Hub/Editor/6000.2.0b2/Unity.app/Contents/Managed/UnityEngine/UnityEditor.SubstanceModule.dll"
-r:"/Applications/Unity/Hub/Editor/6000.2.0b2/Unity.app/Contents/Managed/UnityEngine/UnityEditor.TerrainModule.dll"
-r:"/Applications/Unity/Hub/Editor/6000.2.0b2/Unity.app/Contents/Managed/UnityEngine/UnityEditor.TextCoreFontEngineModule.dll"
-r:"/Applications/Unity/Hub/Editor/6000.2.0b2/Unity.app/Contents/Managed/UnityEngine/UnityEditor.TextCoreTextEngineModule.dll"
-r:"/Applications/Unity/Hub/Editor/6000.2.0b2/Unity.app/Contents/Managed/UnityEngine/UnityEditor.TextRenderingModule.dll"
-r:"/Applications/Unity/Hub/Editor/6000.2.0b2/Unity.app/Contents/Managed/UnityEngine/UnityEditor.TilemapModule.dll"
-r:"/Applications/Unity/Hub/Editor/6000.2.0b2/Unity.app/Contents/Managed/UnityEngine/UnityEditor.TreeModule.dll"
-r:"/Applications/Unity/Hub/Editor/6000.2.0b2/Unity.app/Contents/Managed/UnityEngine/UnityEditor.UIAutomationModule.dll"
-r:"/Applications/Unity/Hub/Editor/6000.2.0b2/Unity.app/Contents/Managed/UnityEngine/UnityEditor.UIBuilderModule.dll"
-r:"/Applications/Unity/Hub/Editor/6000.2.0b2/Unity.app/Contents/Managed/UnityEngine/UnityEditor.UIElementsModule.dll"
-r:"/Applications/Unity/Hub/Editor/6000.2.0b2/Unity.app/Contents/Managed/UnityEngine/UnityEditor.UIElementsSamplesModule.dll"
-r:"/Applications/Unity/Hub/Editor/6000.2.0b2/Unity.app/Contents/Managed/UnityEngine/UnityEditor.UmbraModule.dll"
-r:"/Applications/Unity/Hub/Editor/6000.2.0b2/Unity.app/Contents/Managed/UnityEngine/UnityEditor.UnityConnectModule.dll"
-r:"/Applications/Unity/Hub/Editor/6000.2.0b2/Unity.app/Contents/Managed/UnityEngine/UnityEditor.VFXModule.dll"
-r:"/Applications/Unity/Hub/Editor/6000.2.0b2/Unity.app/Contents/Managed/UnityEngine/UnityEditor.VideoModule.dll"
-r:"/Applications/Unity/Hub/Editor/6000.2.0b2/Unity.app/Contents/Managed/UnityEngine/UnityEditor.XRModule.dll"
-r:"/Applications/Unity/Hub/Editor/6000.2.0b2/Unity.app/Contents/Managed/UnityEngine/UnityEngine.AccessibilityModule.dll"
-r:"/Applications/Unity/Hub/Editor/6000.2.0b2/Unity.app/Contents/Managed/UnityEngine/UnityEngine.AIModule.dll"
-r:"/Applications/Unity/Hub/Editor/6000.2.0b2/Unity.app/Contents/Managed/UnityEngine/UnityEngine.AndroidJNIModule.dll"
-r:"/Applications/Unity/Hub/Editor/6000.2.0b2/Unity.app/Contents/Managed/UnityEngine/UnityEngine.AnimationModule.dll"
-r:"/Applications/Unity/Hub/Editor/6000.2.0b2/Unity.app/Contents/Managed/UnityEngine/UnityEngine.ARModule.dll"
-r:"/Applications/Unity/Hub/Editor/6000.2.0b2/Unity.app/Contents/Managed/UnityEngine/UnityEngine.AssetBundleModule.dll"
-r:"/Applications/Unity/Hub/Editor/6000.2.0b2/Unity.app/Contents/Managed/UnityEngine/UnityEngine.AudioModule.dll"
-r:"/Applications/Unity/Hub/Editor/6000.2.0b2/Unity.app/Contents/Managed/UnityEngine/UnityEngine.ClothModule.dll"
-r:"/Applications/Unity/Hub/Editor/6000.2.0b2/Unity.app/Contents/Managed/UnityEngine/UnityEngine.ClusterInputModule.dll"
-r:"/Applications/Unity/Hub/Editor/6000.2.0b2/Unity.app/Contents/Managed/UnityEngine/UnityEngine.ClusterRendererModule.dll"
-r:"/Applications/Unity/Hub/Editor/6000.2.0b2/Unity.app/Contents/Managed/UnityEngine/UnityEngine.ContentLoadModule.dll"
-r:"/Applications/Unity/Hub/Editor/6000.2.0b2/Unity.app/Contents/Managed/UnityEngine/UnityEngine.CoreModule.dll"
-r:"/Applications/Unity/Hub/Editor/6000.2.0b2/Unity.app/Contents/Managed/UnityEngine/UnityEngine.CrashReportingModule.dll"
-r:"/Applications/Unity/Hub/Editor/6000.2.0b2/Unity.app/Contents/Managed/UnityEngine/UnityEngine.DirectorModule.dll"
-r:"/Applications/Unity/Hub/Editor/6000.2.0b2/Unity.app/Contents/Managed/UnityEngine/UnityEngine.dll"
-r:"/Applications/Unity/Hub/Editor/6000.2.0b2/Unity.app/Contents/Managed/UnityEngine/UnityEngine.DSPGraphModule.dll"
-r:"/Applications/Unity/Hub/Editor/6000.2.0b2/Unity.app/Contents/Managed/UnityEngine/UnityEngine.GameCenterModule.dll"
-r:"/Applications/Unity/Hub/Editor/6000.2.0b2/Unity.app/Contents/Managed/UnityEngine/UnityEngine.GIModule.dll"
-r:"/Applications/Unity/Hub/Editor/6000.2.0b2/Unity.app/Contents/Managed/UnityEngine/UnityEngine.GraphicsStateCollectionSerializerModule.dll"
-r:"/Applications/Unity/Hub/Editor/6000.2.0b2/Unity.app/Contents/Managed/UnityEngine/UnityEngine.GridModule.dll"
-r:"/Applications/Unity/Hub/Editor/6000.2.0b2/Unity.app/Contents/Managed/UnityEngine/UnityEngine.HierarchyCoreModule.dll"
-r:"/Applications/Unity/Hub/Editor/6000.2.0b2/Unity.app/Contents/Managed/UnityEngine/UnityEngine.HotReloadModule.dll"
-r:"/Applications/Unity/Hub/Editor/6000.2.0b2/Unity.app/Contents/Managed/UnityEngine/UnityEngine.IdentifiersModule.dll"
-r:"/Applications/Unity/Hub/Editor/6000.2.0b2/Unity.app/Contents/Managed/UnityEngine/UnityEngine.ImageConversionModule.dll"
-r:"/Applications/Unity/Hub/Editor/6000.2.0b2/Unity.app/Contents/Managed/UnityEngine/UnityEngine.IMGUIModule.dll"
-r:"/Applications/Unity/Hub/Editor/6000.2.0b2/Unity.app/Contents/Managed/UnityEngine/UnityEngine.InputForUIModule.dll"
-r:"/Applications/Unity/Hub/Editor/6000.2.0b2/Unity.app/Contents/Managed/UnityEngine/UnityEngine.InputLegacyModule.dll"
-r:"/Applications/Unity/Hub/Editor/6000.2.0b2/Unity.app/Contents/Managed/UnityEngine/UnityEngine.InputModule.dll"
-r:"/Applications/Unity/Hub/Editor/6000.2.0b2/Unity.app/Contents/Managed/UnityEngine/UnityEngine.JSONSerializeModule.dll"
-r:"/Applications/Unity/Hub/Editor/6000.2.0b2/Unity.app/Contents/Managed/UnityEngine/UnityEngine.LocalizationModule.dll"
-r:"/Applications/Unity/Hub/Editor/6000.2.0b2/Unity.app/Contents/Managed/UnityEngine/UnityEngine.MarshallingModule.dll"
-r:"/Applications/Unity/Hub/Editor/6000.2.0b2/Unity.app/Contents/Managed/UnityEngine/UnityEngine.MultiplayerModule.dll"
-r:"/Applications/Unity/Hub/Editor/6000.2.0b2/Unity.app/Contents/Managed/UnityEngine/UnityEngine.ParticleSystemModule.dll"
-r:"/Applications/Unity/Hub/Editor/6000.2.0b2/Unity.app/Contents/Managed/UnityEngine/UnityEngine.PerformanceReportingModule.dll"
-r:"/Applications/Unity/Hub/Editor/6000.2.0b2/Unity.app/Contents/Managed/UnityEngine/UnityEngine.Physics2DModule.dll"
-r:"/Applications/Unity/Hub/Editor/6000.2.0b2/Unity.app/Contents/Managed/UnityEngine/UnityEngine.PhysicsModule.dll"
-r:"/Applications/Unity/Hub/Editor/6000.2.0b2/Unity.app/Contents/Managed/UnityEngine/UnityEngine.PropertiesModule.dll"
-r:"/Applications/Unity/Hub/Editor/6000.2.0b2/Unity.app/Contents/Managed/UnityEngine/UnityEngine.RuntimeInitializeOnLoadManagerInitializerModule.dll"
-r:"/Applications/Unity/Hub/Editor/6000.2.0b2/Unity.app/Contents/Managed/UnityEngine/UnityEngine.ScreenCaptureModule.dll"
-r:"/Applications/Unity/Hub/Editor/6000.2.0b2/Unity.app/Contents/Managed/UnityEngine/UnityEngine.ShaderVariantAnalyticsModule.dll"
-r:"/Applications/Unity/Hub/Editor/6000.2.0b2/Unity.app/Contents/Managed/UnityEngine/UnityEngine.SharedInternalsModule.dll"
-r:"/Applications/Unity/Hub/Editor/6000.2.0b2/Unity.app/Contents/Managed/UnityEngine/UnityEngine.SpriteMaskModule.dll"
-r:"/Applications/Unity/Hub/Editor/6000.2.0b2/Unity.app/Contents/Managed/UnityEngine/UnityEngine.SpriteShapeModule.dll"
-r:"/Applications/Unity/Hub/Editor/6000.2.0b2/Unity.app/Contents/Managed/UnityEngine/UnityEngine.StreamingModule.dll"
-r:"/Applications/Unity/Hub/Editor/6000.2.0b2/Unity.app/Contents/Managed/UnityEngine/UnityEngine.SubstanceModule.dll"
-r:"/Applications/Unity/Hub/Editor/6000.2.0b2/Unity.app/Contents/Managed/UnityEngine/UnityEngine.SubsystemsModule.dll"
-r:"/Applications/Unity/Hub/Editor/6000.2.0b2/Unity.app/Contents/Managed/UnityEngine/UnityEngine.TerrainModule.dll"
-r:"/Applications/Unity/Hub/Editor/6000.2.0b2/Unity.app/Contents/Managed/UnityEngine/UnityEngine.TerrainPhysicsModule.dll"
-r:"/Applications/Unity/Hub/Editor/6000.2.0b2/Unity.app/Contents/Managed/UnityEngine/UnityEngine.TextCoreFontEngineModule.dll"
-r:"/Applications/Unity/Hub/Editor/6000.2.0b2/Unity.app/Contents/Managed/UnityEngine/UnityEngine.TextCoreTextEngineModule.dll"
-r:"/Applications/Unity/Hub/Editor/6000.2.0b2/Unity.app/Contents/Managed/UnityEngine/UnityEngine.TextRenderingModule.dll"
-r:"/Applications/Unity/Hub/Editor/6000.2.0b2/Unity.app/Contents/Managed/UnityEngine/UnityEngine.TilemapModule.dll"
-r:"/Applications/Unity/Hub/Editor/6000.2.0b2/Unity.app/Contents/Managed/UnityEngine/UnityEngine.TLSModule.dll"
-r:"/Applications/Unity/Hub/Editor/6000.2.0b2/Unity.app/Contents/Managed/UnityEngine/UnityEngine.UIElementsModule.dll"
-r:"/Applications/Unity/Hub/Editor/6000.2.0b2/Unity.app/Contents/Managed/UnityEngine/UnityEngine.UIModule.dll"
-r:"/Applications/Unity/Hub/Editor/6000.2.0b2/Unity.app/Contents/Managed/UnityEngine/UnityEngine.UmbraModule.dll"
-r:"/Applications/Unity/Hub/Editor/6000.2.0b2/Unity.app/Contents/Managed/UnityEngine/UnityEngine.UnityAnalyticsCommonModule.dll"
-r:"/Applications/Unity/Hub/Editor/6000.2.0b2/Unity.app/Contents/Managed/UnityEngine/UnityEngine.UnityAnalyticsModule.dll"
-r:"/Applications/Unity/Hub/Editor/6000.2.0b2/Unity.app/Contents/Managed/UnityEngine/UnityEngine.UnityConnectModule.dll"
-r:"/Applications/Unity/Hub/Editor/6000.2.0b2/Unity.app/Contents/Managed/UnityEngine/UnityEngine.UnityCurlModule.dll"
-r:"/Applications/Unity/Hub/Editor/6000.2.0b2/Unity.app/Contents/Managed/UnityEngine/UnityEngine.UnityTestProtocolModule.dll"
-r:"/Applications/Unity/Hub/Editor/6000.2.0b2/Unity.app/Contents/Managed/UnityEngine/UnityEngine.UnityWebRequestAssetBundleModule.dll"
-r:"/Applications/Unity/Hub/Editor/6000.2.0b2/Unity.app/Contents/Managed/UnityEngine/UnityEngine.UnityWebRequestAudioModule.dll"
-r:"/Applications/Unity/Hub/Editor/6000.2.0b2/Unity.app/Contents/Managed/UnityEngine/UnityEngine.UnityWebRequestModule.dll"
-r:"/Applications/Unity/Hub/Editor/6000.2.0b2/Unity.app/Contents/Managed/UnityEngine/UnityEngine.UnityWebRequestTextureModule.dll"
-r:"/Applications/Unity/Hub/Editor/6000.2.0b2/Unity.app/Contents/Managed/UnityEngine/UnityEngine.UnityWebRequestWWWModule.dll"
-r:"/Applications/Unity/Hub/Editor/6000.2.0b2/Unity.app/Contents/Managed/UnityEngine/UnityEngine.VehiclesModule.dll"
-r:"/Applications/Unity/Hub/Editor/6000.2.0b2/Unity.app/Contents/Managed/UnityEngine/UnityEngine.VFXModule.dll"
-r:"/Applications/Unity/Hub/Editor/6000.2.0b2/Unity.app/Contents/Managed/UnityEngine/UnityEngine.VideoModule.dll"
-r:"/Applications/Unity/Hub/Editor/6000.2.0b2/Unity.app/Contents/Managed/UnityEngine/UnityEngine.VirtualTexturingModule.dll"
-r:"/Applications/Unity/Hub/Editor/6000.2.0b2/Unity.app/Contents/Managed/UnityEngine/UnityEngine.VRModule.dll"
-r:"/Applications/Unity/Hub/Editor/6000.2.0b2/Unity.app/Contents/Managed/UnityEngine/UnityEngine.WindModule.dll"
-r:"/Applications/Unity/Hub/Editor/6000.2.0b2/Unity.app/Contents/Managed/UnityEngine/UnityEngine.XRModule.dll"
-r:"/Applications/Unity/Hub/Editor/6000.2.0b2/Unity.app/Contents/NetStandard/compat/2.1.0/shims/netfx/mscorlib.dll"
-r:"/Applications/Unity/Hub/Editor/6000.2.0b2/Unity.app/Contents/NetStandard/compat/2.1.0/shims/netfx/System.ComponentModel.Composition.dll"
-r:"/Applications/Unity/Hub/Editor/6000.2.0b2/Unity.app/Contents/NetStandard/compat/2.1.0/shims/netfx/System.Core.dll"
-r:"/Applications/Unity/Hub/Editor/6000.2.0b2/Unity.app/Contents/NetStandard/compat/2.1.0/shims/netfx/System.Data.dll"
-r:"/Applications/Unity/Hub/Editor/6000.2.0b2/Unity.app/Contents/NetStandard/compat/2.1.0/shims/netfx/System.dll"
-r:"/Applications/Unity/Hub/Editor/6000.2.0b2/Unity.app/Contents/NetStandard/compat/2.1.0/shims/netfx/System.Drawing.dll"
-r:"/Applications/Unity/Hub/Editor/6000.2.0b2/Unity.app/Contents/NetStandard/compat/2.1.0/shims/netfx/System.IO.Compression.FileSystem.dll"
-r:"/Applications/Unity/Hub/Editor/6000.2.0b2/Unity.app/Contents/NetStandard/compat/2.1.0/shims/netfx/System.Net.dll"
-r:"/Applications/Unity/Hub/Editor/6000.2.0b2/Unity.app/Contents/NetStandard/compat/2.1.0/shims/netfx/System.Numerics.dll"
-r:"/Applications/Unity/Hub/Editor/6000.2.0b2/Unity.app/Contents/NetStandard/compat/2.1.0/shims/netfx/System.Runtime.Serialization.dll"
-r:"/Applications/Unity/Hub/Editor/6000.2.0b2/Unity.app/Contents/NetStandard/compat/2.1.0/shims/netfx/System.ServiceModel.Web.dll"
-r:"/Applications/Unity/Hub/Editor/6000.2.0b2/Unity.app/Contents/NetStandard/compat/2.1.0/shims/netfx/System.Transactions.dll"
-r:"/Applications/Unity/Hub/Editor/6000.2.0b2/Unity.app/Contents/NetStandard/compat/2.1.0/shims/netfx/System.Web.dll"
-r:"/Applications/Unity/Hub/Editor/6000.2.0b2/Unity.app/Contents/NetStandard/compat/2.1.0/shims/netfx/System.Windows.dll"
-r:"/Applications/Unity/Hub/Editor/6000.2.0b2/Unity.app/Contents/NetStandard/compat/2.1.0/shims/netfx/System.Xml.dll"
-r:"/Applications/Unity/Hub/Editor/6000.2.0b2/Unity.app/Contents/NetStandard/compat/2.1.0/shims/netfx/System.Xml.Linq.dll"
-r:"/Applications/Unity/Hub/Editor/6000.2.0b2/Unity.app/Contents/NetStandard/compat/2.1.0/shims/netfx/System.Xml.Serialization.dll"
-r:"/Applications/Unity/Hub/Editor/6000.2.0b2/Unity.app/Contents/NetStandard/compat/2.1.0/shims/netstandard/Microsoft.Win32.Primitives.dll"
-r:"/Applications/Unity/Hub/Editor/6000.2.0b2/Unity.app/Contents/NetStandard/compat/2.1.0/shims/netstandard/System.AppContext.dll"
-r:"/Applications/Unity/Hub/Editor/6000.2.0b2/Unity.app/Contents/NetStandard/compat/2.1.0/shims/netstandard/System.Buffers.dll"
-r:"/Applications/Unity/Hub/Editor/6000.2.0b2/Unity.app/Contents/NetStandard/compat/2.1.0/shims/netstandard/System.Collections.Concurrent.dll"
-r:"/Applications/Unity/Hub/Editor/6000.2.0b2/Unity.app/Contents/NetStandard/compat/2.1.0/shims/netstandard/System.Collections.dll"
-r:"/Applications/Unity/Hub/Editor/6000.2.0b2/Unity.app/Contents/NetStandard/compat/2.1.0/shims/netstandard/System.Collections.NonGeneric.dll"
-r:"/Applications/Unity/Hub/Editor/6000.2.0b2/Unity.app/Contents/NetStandard/compat/2.1.0/shims/netstandard/System.Collections.Specialized.dll"
-r:"/Applications/Unity/Hub/Editor/6000.2.0b2/Unity.app/Contents/NetStandard/compat/2.1.0/shims/netstandard/System.ComponentModel.dll"
-r:"/Applications/Unity/Hub/Editor/6000.2.0b2/Unity.app/Contents/NetStandard/compat/2.1.0/shims/netstandard/System.ComponentModel.EventBasedAsync.dll"
-r:"/Applications/Unity/Hub/Editor/6000.2.0b2/Unity.app/Contents/NetStandard/compat/2.1.0/shims/netstandard/System.ComponentModel.Primitives.dll"
-r:"/Applications/Unity/Hub/Editor/6000.2.0b2/Unity.app/Contents/NetStandard/compat/2.1.0/shims/netstandard/System.ComponentModel.TypeConverter.dll"
-r:"/Applications/Unity/Hub/Editor/6000.2.0b2/Unity.app/Contents/NetStandard/compat/2.1.0/shims/netstandard/System.Console.dll"
-r:"/Applications/Unity/Hub/Editor/6000.2.0b2/Unity.app/Contents/NetStandard/compat/2.1.0/shims/netstandard/System.Data.Common.dll"
-r:"/Applications/Unity/Hub/Editor/6000.2.0b2/Unity.app/Contents/NetStandard/compat/2.1.0/shims/netstandard/System.Diagnostics.Contracts.dll"
-r:"/Applications/Unity/Hub/Editor/6000.2.0b2/Unity.app/Contents/NetStandard/compat/2.1.0/shims/netstandard/System.Diagnostics.Debug.dll"
-r:"/Applications/Unity/Hub/Editor/6000.2.0b2/Unity.app/Contents/NetStandard/compat/2.1.0/shims/netstandard/System.Diagnostics.FileVersionInfo.dll"
-r:"/Applications/Unity/Hub/Editor/6000.2.0b2/Unity.app/Contents/NetStandard/compat/2.1.0/shims/netstandard/System.Diagnostics.Process.dll"
-r:"/Applications/Unity/Hub/Editor/6000.2.0b2/Unity.app/Contents/NetStandard/compat/2.1.0/shims/netstandard/System.Diagnostics.StackTrace.dll"
-r:"/Applications/Unity/Hub/Editor/6000.2.0b2/Unity.app/Contents/NetStandard/compat/2.1.0/shims/netstandard/System.Diagnostics.TextWriterTraceListener.dll"
-r:"/Applications/Unity/Hub/Editor/6000.2.0b2/Unity.app/Contents/NetStandard/compat/2.1.0/shims/netstandard/System.Diagnostics.Tools.dll"
-r:"/Applications/Unity/Hub/Editor/6000.2.0b2/Unity.app/Contents/NetStandard/compat/2.1.0/shims/netstandard/System.Diagnostics.TraceSource.dll"
-r:"/Applications/Unity/Hub/Editor/6000.2.0b2/Unity.app/Contents/NetStandard/compat/2.1.0/shims/netstandard/System.Diagnostics.Tracing.dll"
-r:"/Applications/Unity/Hub/Editor/6000.2.0b2/Unity.app/Contents/NetStandard/compat/2.1.0/shims/netstandard/System.Drawing.Primitives.dll"
-r:"/Applications/Unity/Hub/Editor/6000.2.0b2/Unity.app/Contents/NetStandard/compat/2.1.0/shims/netstandard/System.Dynamic.Runtime.dll"
-r:"/Applications/Unity/Hub/Editor/6000.2.0b2/Unity.app/Contents/NetStandard/compat/2.1.0/shims/netstandard/System.Globalization.Calendars.dll"
-r:"/Applications/Unity/Hub/Editor/6000.2.0b2/Unity.app/Contents/NetStandard/compat/2.1.0/shims/netstandard/System.Globalization.dll"
-r:"/Applications/Unity/Hub/Editor/6000.2.0b2/Unity.app/Contents/NetStandard/compat/2.1.0/shims/netstandard/System.Globalization.Extensions.dll"
-r:"/Applications/Unity/Hub/Editor/6000.2.0b2/Unity.app/Contents/NetStandard/compat/2.1.0/shims/netstandard/System.IO.Compression.dll"
-r:"/Applications/Unity/Hub/Editor/6000.2.0b2/Unity.app/Contents/NetStandard/compat/2.1.0/shims/netstandard/System.IO.Compression.ZipFile.dll"
-r:"/Applications/Unity/Hub/Editor/6000.2.0b2/Unity.app/Contents/NetStandard/compat/2.1.0/shims/netstandard/System.IO.dll"
-r:"/Applications/Unity/Hub/Editor/6000.2.0b2/Unity.app/Contents/NetStandard/compat/2.1.0/shims/netstandard/System.IO.FileSystem.dll"
-r:"/Applications/Unity/Hub/Editor/6000.2.0b2/Unity.app/Contents/NetStandard/compat/2.1.0/shims/netstandard/System.IO.FileSystem.DriveInfo.dll"
-r:"/Applications/Unity/Hub/Editor/6000.2.0b2/Unity.app/Contents/NetStandard/compat/2.1.0/shims/netstandard/System.IO.FileSystem.Primitives.dll"
-r:"/Applications/Unity/Hub/Editor/6000.2.0b2/Unity.app/Contents/NetStandard/compat/2.1.0/shims/netstandard/System.IO.FileSystem.Watcher.dll"
-r:"/Applications/Unity/Hub/Editor/6000.2.0b2/Unity.app/Contents/NetStandard/compat/2.1.0/shims/netstandard/System.IO.IsolatedStorage.dll"
-r:"/Applications/Unity/Hub/Editor/6000.2.0b2/Unity.app/Contents/NetStandard/compat/2.1.0/shims/netstandard/System.IO.MemoryMappedFiles.dll"
-r:"/Applications/Unity/Hub/Editor/6000.2.0b2/Unity.app/Contents/NetStandard/compat/2.1.0/shims/netstandard/System.IO.Pipes.dll"
-r:"/Applications/Unity/Hub/Editor/6000.2.0b2/Unity.app/Contents/NetStandard/compat/2.1.0/shims/netstandard/System.IO.UnmanagedMemoryStream.dll"
-r:"/Applications/Unity/Hub/Editor/6000.2.0b2/Unity.app/Contents/NetStandard/compat/2.1.0/shims/netstandard/System.Linq.dll"
-r:"/Applications/Unity/Hub/Editor/6000.2.0b2/Unity.app/Contents/NetStandard/compat/2.1.0/shims/netstandard/System.Linq.Expressions.dll"
-r:"/Applications/Unity/Hub/Editor/6000.2.0b2/Unity.app/Contents/NetStandard/compat/2.1.0/shims/netstandard/System.Linq.Parallel.dll"
-r:"/Applications/Unity/Hub/Editor/6000.2.0b2/Unity.app/Contents/NetStandard/compat/2.1.0/shims/netstandard/System.Linq.Queryable.dll"
-r:"/Applications/Unity/Hub/Editor/6000.2.0b2/Unity.app/Contents/NetStandard/compat/2.1.0/shims/netstandard/System.Memory.dll"
-r:"/Applications/Unity/Hub/Editor/6000.2.0b2/Unity.app/Contents/NetStandard/compat/2.1.0/shims/netstandard/System.Net.Http.dll"
-r:"/Applications/Unity/Hub/Editor/6000.2.0b2/Unity.app/Contents/NetStandard/compat/2.1.0/shims/netstandard/System.Net.NameResolution.dll"
-r:"/Applications/Unity/Hub/Editor/6000.2.0b2/Unity.app/Contents/NetStandard/compat/2.1.0/shims/netstandard/System.Net.NetworkInformation.dll"
-r:"/Applications/Unity/Hub/Editor/6000.2.0b2/Unity.app/Contents/NetStandard/compat/2.1.0/shims/netstandard/System.Net.Ping.dll"
-r:"/Applications/Unity/Hub/Editor/6000.2.0b2/Unity.app/Contents/NetStandard/compat/2.1.0/shims/netstandard/System.Net.Primitives.dll"
-r:"/Applications/Unity/Hub/Editor/6000.2.0b2/Unity.app/Contents/NetStandard/compat/2.1.0/shims/netstandard/System.Net.Requests.dll"
-r:"/Applications/Unity/Hub/Editor/6000.2.0b2/Unity.app/Contents/NetStandard/compat/2.1.0/shims/netstandard/System.Net.Security.dll"
-r:"/Applications/Unity/Hub/Editor/6000.2.0b2/Unity.app/Contents/NetStandard/compat/2.1.0/shims/netstandard/System.Net.Sockets.dll"
-r:"/Applications/Unity/Hub/Editor/6000.2.0b2/Unity.app/Contents/NetStandard/compat/2.1.0/shims/netstandard/System.Net.WebHeaderCollection.dll"
-r:"/Applications/Unity/Hub/Editor/6000.2.0b2/Unity.app/Contents/NetStandard/compat/2.1.0/shims/netstandard/System.Net.WebSockets.Client.dll"
-r:"/Applications/Unity/Hub/Editor/6000.2.0b2/Unity.app/Contents/NetStandard/compat/2.1.0/shims/netstandard/System.Net.WebSockets.dll"
-r:"/Applications/Unity/Hub/Editor/6000.2.0b2/Unity.app/Contents/NetStandard/compat/2.1.0/shims/netstandard/System.Numerics.Vectors.dll"
-r:"/Applications/Unity/Hub/Editor/6000.2.0b2/Unity.app/Contents/NetStandard/compat/2.1.0/shims/netstandard/System.ObjectModel.dll"
-r:"/Applications/Unity/Hub/Editor/6000.2.0b2/Unity.app/Contents/NetStandard/compat/2.1.0/shims/netstandard/System.Reflection.DispatchProxy.dll"
-r:"/Applications/Unity/Hub/Editor/6000.2.0b2/Unity.app/Contents/NetStandard/compat/2.1.0/shims/netstandard/System.Reflection.dll"
-r:"/Applications/Unity/Hub/Editor/6000.2.0b2/Unity.app/Contents/NetStandard/compat/2.1.0/shims/netstandard/System.Reflection.Emit.dll"
-r:"/Applications/Unity/Hub/Editor/6000.2.0b2/Unity.app/Contents/NetStandard/compat/2.1.0/shims/netstandard/System.Reflection.Emit.ILGeneration.dll"
-r:"/Applications/Unity/Hub/Editor/6000.2.0b2/Unity.app/Contents/NetStandard/compat/2.1.0/shims/netstandard/System.Reflection.Emit.Lightweight.dll"
-r:"/Applications/Unity/Hub/Editor/6000.2.0b2/Unity.app/Contents/NetStandard/compat/2.1.0/shims/netstandard/System.Reflection.Extensions.dll"
-r:"/Applications/Unity/Hub/Editor/6000.2.0b2/Unity.app/Contents/NetStandard/compat/2.1.0/shims/netstandard/System.Reflection.Primitives.dll"
-r:"/Applications/Unity/Hub/Editor/6000.2.0b2/Unity.app/Contents/NetStandard/compat/2.1.0/shims/netstandard/System.Resources.Reader.dll"
-r:"/Applications/Unity/Hub/Editor/6000.2.0b2/Unity.app/Contents/NetStandard/compat/2.1.0/shims/netstandard/System.Resources.ResourceManager.dll"
-r:"/Applications/Unity/Hub/Editor/6000.2.0b2/Unity.app/Contents/NetStandard/compat/2.1.0/shims/netstandard/System.Resources.Writer.dll"
-r:"/Applications/Unity/Hub/Editor/6000.2.0b2/Unity.app/Contents/NetStandard/compat/2.1.0/shims/netstandard/System.Runtime.CompilerServices.VisualC.dll"
-r:"/Applications/Unity/Hub/Editor/6000.2.0b2/Unity.app/Contents/NetStandard/compat/2.1.0/shims/netstandard/System.Runtime.dll"
-r:"/Applications/Unity/Hub/Editor/6000.2.0b2/Unity.app/Contents/NetStandard/compat/2.1.0/shims/netstandard/System.Runtime.Extensions.dll"
-r:"/Applications/Unity/Hub/Editor/6000.2.0b2/Unity.app/Contents/NetStandard/compat/2.1.0/shims/netstandard/System.Runtime.Handles.dll"
-r:"/Applications/Unity/Hub/Editor/6000.2.0b2/Unity.app/Contents/NetStandard/compat/2.1.0/shims/netstandard/System.Runtime.InteropServices.dll"
-r:"/Applications/Unity/Hub/Editor/6000.2.0b2/Unity.app/Contents/NetStandard/compat/2.1.0/shims/netstandard/System.Runtime.InteropServices.RuntimeInformation.dll"
-r:"/Applications/Unity/Hub/Editor/6000.2.0b2/Unity.app/Contents/NetStandard/compat/2.1.0/shims/netstandard/System.Runtime.Numerics.dll"
-r:"/Applications/Unity/Hub/Editor/6000.2.0b2/Unity.app/Contents/NetStandard/compat/2.1.0/shims/netstandard/System.Runtime.Serialization.Formatters.dll"
-r:"/Applications/Unity/Hub/Editor/6000.2.0b2/Unity.app/Contents/NetStandard/compat/2.1.0/shims/netstandard/System.Runtime.Serialization.Json.dll"
-r:"/Applications/Unity/Hub/Editor/6000.2.0b2/Unity.app/Contents/NetStandard/compat/2.1.0/shims/netstandard/System.Runtime.Serialization.Primitives.dll"
-r:"/Applications/Unity/Hub/Editor/6000.2.0b2/Unity.app/Contents/NetStandard/compat/2.1.0/shims/netstandard/System.Runtime.Serialization.Xml.dll"
-r:"/Applications/Unity/Hub/Editor/6000.2.0b2/Unity.app/Contents/NetStandard/compat/2.1.0/shims/netstandard/System.Security.Claims.dll"
-r:"/Applications/Unity/Hub/Editor/6000.2.0b2/Unity.app/Contents/NetStandard/compat/2.1.0/shims/netstandard/System.Security.Cryptography.Algorithms.dll"
-r:"/Applications/Unity/Hub/Editor/6000.2.0b2/Unity.app/Contents/NetStandard/compat/2.1.0/shims/netstandard/System.Security.Cryptography.Csp.dll"
-r:"/Applications/Unity/Hub/Editor/6000.2.0b2/Unity.app/Contents/NetStandard/compat/2.1.0/shims/netstandard/System.Security.Cryptography.Encoding.dll"
-r:"/Applications/Unity/Hub/Editor/6000.2.0b2/Unity.app/Contents/NetStandard/compat/2.1.0/shims/netstandard/System.Security.Cryptography.Primitives.dll"
-r:"/Applications/Unity/Hub/Editor/6000.2.0b2/Unity.app/Contents/NetStandard/compat/2.1.0/shims/netstandard/System.Security.Cryptography.X509Certificates.dll"
-r:"/Applications/Unity/Hub/Editor/6000.2.0b2/Unity.app/Contents/NetStandard/compat/2.1.0/shims/netstandard/System.Security.Principal.dll"
-r:"/Applications/Unity/Hub/Editor/6000.2.0b2/Unity.app/Contents/NetStandard/compat/2.1.0/shims/netstandard/System.Security.SecureString.dll"
-r:"/Applications/Unity/Hub/Editor/6000.2.0b2/Unity.app/Contents/NetStandard/compat/2.1.0/shims/netstandard/System.Text.Encoding.dll"
-r:"/Applications/Unity/Hub/Editor/6000.2.0b2/Unity.app/Contents/NetStandard/compat/2.1.0/shims/netstandard/System.Text.Encoding.Extensions.dll"
-r:"/Applications/Unity/Hub/Editor/6000.2.0b2/Unity.app/Contents/NetStandard/compat/2.1.0/shims/netstandard/System.Text.RegularExpressions.dll"
-r:"/Applications/Unity/Hub/Editor/6000.2.0b2/Unity.app/Contents/NetStandard/compat/2.1.0/shims/netstandard/System.Threading.dll"
-r:"/Applications/Unity/Hub/Editor/6000.2.0b2/Unity.app/Contents/NetStandard/compat/2.1.0/shims/netstandard/System.Threading.Overlapped.dll"
-r:"/Applications/Unity/Hub/Editor/6000.2.0b2/Unity.app/Contents/NetStandard/compat/2.1.0/shims/netstandard/System.Threading.Tasks.dll"
-r:"/Applications/Unity/Hub/Editor/6000.2.0b2/Unity.app/Contents/NetStandard/compat/2.1.0/shims/netstandard/System.Threading.Tasks.Extensions.dll"
-r:"/Applications/Unity/Hub/Editor/6000.2.0b2/Unity.app/Contents/NetStandard/compat/2.1.0/shims/netstandard/System.Threading.Tasks.Parallel.dll"
-r:"/Applications/Unity/Hub/Editor/6000.2.0b2/Unity.app/Contents/NetStandard/compat/2.1.0/shims/netstandard/System.Threading.Thread.dll"
-r:"/Applications/Unity/Hub/Editor/6000.2.0b2/Unity.app/Contents/NetStandard/compat/2.1.0/shims/netstandard/System.Threading.ThreadPool.dll"
-r:"/Applications/Unity/Hub/Editor/6000.2.0b2/Unity.app/Contents/NetStandard/compat/2.1.0/shims/netstandard/System.Threading.Timer.dll"
-r:"/Applications/Unity/Hub/Editor/6000.2.0b2/Unity.app/Contents/NetStandard/compat/2.1.0/shims/netstandard/System.ValueTuple.dll"
-r:"/Applications/Unity/Hub/Editor/6000.2.0b2/Unity.app/Contents/NetStandard/compat/2.1.0/shims/netstandard/System.Xml.ReaderWriter.dll"
-r:"/Applications/Unity/Hub/Editor/6000.2.0b2/Unity.app/Contents/NetStandard/compat/2.1.0/shims/netstandard/System.Xml.XDocument.dll"
-r:"/Applications/Unity/Hub/Editor/6000.2.0b2/Unity.app/Contents/NetStandard/compat/2.1.0/shims/netstandard/System.Xml.XmlDocument.dll"
-r:"/Applications/Unity/Hub/Editor/6000.2.0b2/Unity.app/Contents/NetStandard/compat/2.1.0/shims/netstandard/System.Xml.XmlSerializer.dll"
-r:"/Applications/Unity/Hub/Editor/6000.2.0b2/Unity.app/Contents/NetStandard/compat/2.1.0/shims/netstandard/System.Xml.XPath.dll"
-r:"/Applications/Unity/Hub/Editor/6000.2.0b2/Unity.app/Contents/NetStandard/compat/2.1.0/shims/netstandard/System.Xml.XPath.XDocument.dll"
-r:"/Applications/Unity/Hub/Editor/6000.2.0b2/Unity.app/Contents/NetStandard/Extensions/2.0.0/System.Runtime.InteropServices.WindowsRuntime.dll"
-r:"/Applications/Unity/Hub/Editor/6000.2.0b2/Unity.app/Contents/NetStandard/ref/2.1.0/netstandard.dll"
-r:"/Applications/Unity/Hub/Editor/6000.2.0b2/Unity.app/Contents/PlaybackEngines/MacStandaloneSupport/UnityEditor.iOS.Extensions.Xcode.dll"
-r:"/Applications/Unity/Hub/Editor/6000.2.0b2/Unity.app/Contents/PlaybackEngines/MacStandaloneSupport/UnityEditor.OSXStandalone.Extensions.dll"
-r:"Library/Bee/artifacts/200b0aE.dag/ProjectChimera.Core.ref.dll"
-analyzer:"/Applications/Unity/Hub/Editor/6000.2.0b2/Unity.app/Contents/Tools/Unity.SourceGenerators/Unity.Properties.SourceGenerator.dll"
-analyzer:"/Applications/Unity/Hub/Editor/6000.2.0b2/Unity.app/Contents/Tools/Unity.SourceGenerators/Unity.SourceGenerators.dll"
-analyzer:"/Applications/Unity/Hub/Editor/6000.2.0b2/Unity.app/Contents/Tools/Unity.SourceGenerators/Unity.UIToolkit.SourceGenerator.dll"
"Assets/ProjectChimera/Data/Achievements/AchievementConfigSO.cs"
"Assets/ProjectChimera/Data/Achievements/AchievementDataStructures.cs"
"Assets/ProjectChimera/Data/AI/AIDataStructures.cs"
"Assets/ProjectChimera/Data/AI/AIGamingDataStructures.cs"
"Assets/ProjectChimera/Data/Automation/AutomationDataStructures.cs"
"Assets/ProjectChimera/Data/Community/CommunityDataStructures.cs"
"Assets/ProjectChimera/Data/Community/CommunityGamingDataStructures.cs"
"Assets/ProjectChimera/Data/Construction/ConstructionDataStructures.cs"
"Assets/ProjectChimera/Data/Construction/ConstructionGamingDataStructures.cs"
"Assets/ProjectChimera/Data/Construction/IArchitecturalDesigner.cs"
"Assets/ProjectChimera/Data/Cultivation/AutomationUnlockLibrarySO.cs"
"Assets/ProjectChimera/Data/Cultivation/BurdenCalculationConfigSO.cs"
"Assets/ProjectChimera/Data/Cultivation/CareAudioLibrarySO.cs"
"Assets/ProjectChimera/Data/Cultivation/CareToolDataStructures.cs"
"Assets/ProjectChimera/Data/Cultivation/CareToolLibrarySO.cs"
"Assets/ProjectChimera/Data/Cultivation/ConsequenceCalculatorSO.cs"
"Assets/ProjectChimera/Data/Cultivation/CultivationDataStructures.cs"
"Assets/ProjectChimera/Data/Cultivation/CultivationGamingDataStructures.cs"
"Assets/ProjectChimera/Data/Cultivation/CultivationPathData.cs"
"Assets/ProjectChimera/Data/Cultivation/CultivationPathLibrarySO.cs"
"Assets/ProjectChimera/Data/Cultivation/CultivationTaskData.cs"
"Assets/ProjectChimera/Data/Cultivation/CultivationZoneSO.cs"
"Assets/ProjectChimera/Data/Cultivation/EarnedAutomationConfigSO.cs"
"Assets/ProjectChimera/Data/Cultivation/EnhancedCultivationGamingConfigSO.cs"
"Assets/ProjectChimera/Data/Cultivation/EnvironmentalAutomationSO.cs"
"Assets/ProjectChimera/Data/Cultivation/EnvironmentalConditions.cs"
"Assets/ProjectChimera/Data/Cultivation/ExpressionSystemSO.cs"
"Assets/ProjectChimera/Data/Cultivation/FacilityDesignLibrarySO.cs"
"Assets/ProjectChimera/Data/Cultivation/FertigationSystemSO.cs"
"Assets/ProjectChimera/Data/Cultivation/GrowthCalculationSO.cs"
"Assets/ProjectChimera/Data/Cultivation/InteractivePlant.cs"
"Assets/ProjectChimera/Data/Cultivation/InteractivePlantCareConfigSO.cs"
"Assets/ProjectChimera/Data/Cultivation/IPMSystemSO.cs"
"Assets/ProjectChimera/Data/Cultivation/LightSpectrum.cs"
"Assets/ProjectChimera/Data/Cultivation/PlantInstanceSO.cs"
"Assets/ProjectChimera/Data/Cultivation/PlantInteractionConfigSO.cs"
"Assets/ProjectChimera/Data/Cultivation/PlayerAgencyGamingConfigSO.cs"
"Assets/ProjectChimera/Data/Cultivation/PlayerChoiceManagerSO.cs"
"Assets/ProjectChimera/Data/Cultivation/SkillNodeEventData.cs"
"Assets/ProjectChimera/Data/Cultivation/SkillNodeLibrarySO.cs"
"Assets/ProjectChimera/Data/Cultivation/SkillTreeConfigSO.cs"
"Assets/ProjectChimera/Data/Cultivation/SkillTreeDataStructures.cs"
"Assets/ProjectChimera/Data/Cultivation/TimeAccelerationGamingConfigSO.cs"
"Assets/ProjectChimera/Data/Cultivation/TimeScaleLibrarySO.cs"
"Assets/ProjectChimera/Data/Cultivation/TimeTransitionConfigSO.cs"
"Assets/ProjectChimera/Data/Cultivation/TreeVisualizationData.cs"
"Assets/ProjectChimera/Data/Cultivation/VPDManagementSO.cs"
"Assets/ProjectChimera/Data/Economy/ContractSO.cs"
"Assets/ProjectChimera/Data/Economy/CurrencyDataStructures.cs"
"Assets/ProjectChimera/Data/Economy/EconomicDataStructures.cs"
"Assets/ProjectChimera/Data/Economy/EconomicGamingDataStructures.cs"
"Assets/ProjectChimera/Data/Economy/FinanceDataStructures.cs"
"Assets/ProjectChimera/Data/Economy/MarketProductSO.cs"
"Assets/ProjectChimera/Data/Economy/NPCProfileSO.cs"
"Assets/ProjectChimera/Data/Effects/VisualEffectsDataStructures.cs"
"Assets/ProjectChimera/Data/Environment/AtmosphericPhysicsDataStructures.cs"
"Assets/ProjectChimera/Data/Environment/ClimatePresetSO.cs"
"Assets/ProjectChimera/Data/Environment/ControllerDataStructures.cs"
"Assets/ProjectChimera/Data/Environment/EnvironmentalConditions.cs"
"Assets/ProjectChimera/Data/Environment/EnvironmentalParametersSO.cs"
"Assets/ProjectChimera/Data/Environment/EnvironmentalStressSO.cs"
"Assets/ProjectChimera/Data/Environment/GxE_ProfileSO.cs"
"Assets/ProjectChimera/Data/Environment/HVACDataStructures.cs"
"Assets/ProjectChimera/Data/Environment/LightingDataStructures.cs"
"Assets/ProjectChimera/Data/Environment/LightSpectrum.cs"
"Assets/ProjectChimera/Data/Equipment/EquipmentDataSO.cs"
"Assets/ProjectChimera/Data/Equipment/EquipmentPresetSO.cs"
"Assets/ProjectChimera/Data/Equipment/FacilityComponentSO.cs"
"Assets/ProjectChimera/Data/Events/CannabisHolidaySO.cs"
"Assets/ProjectChimera/Data/Events/CommunityChallengeSO.cs"
"Assets/ProjectChimera/Data/Events/CulturalEventSO.cs"
"Assets/ProjectChimera/Data/Events/DiscoveryEventSO.cs"
"Assets/ProjectChimera/Data/Events/EventCategorySO.cs"
"Assets/ProjectChimera/Data/Events/EventDatabaseSO.cs"
"Assets/ProjectChimera/Data/Events/GameEventChannelSO.cs"
"Assets/ProjectChimera/Data/Events/GlobalCompetitionEventSO.cs"
"Assets/ProjectChimera/Data/Events/GlobalEventChannelSO.cs"
"Assets/ProjectChimera/Data/Events/GlobalEventConfigSO.cs"
"Assets/ProjectChimera/Data/Events/LiveEventChannelConfigSO.cs"
"Assets/ProjectChimera/Data/Events/LiveEventChannelSO.cs"
"Assets/ProjectChimera/Data/Events/LiveEventConfigSO.cs"
"Assets/ProjectChimera/Data/Events/MissingEventTypes.cs"
"Assets/ProjectChimera/Data/Events/RandomEventDataStructures.cs"
"Assets/ProjectChimera/Data/Events/RewardTemplateSO.cs"
"Assets/ProjectChimera/Data/Events/ScientificGamingEventChannelsSO.cs"
"Assets/ProjectChimera/Data/Events/SeasonalContentConfigSO.cs"
"Assets/ProjectChimera/Data/Events/SeasonalContentLibrarySO.cs"
"Assets/ProjectChimera/Data/Events/SeasonalEventSO.cs"
"Assets/ProjectChimera/Data/Facilities/FacilityConfigSO.cs"
"Assets/ProjectChimera/Data/Facilities/FacilityData.cs"
"Assets/ProjectChimera/Data/Facilities/FacilityDataStructures.cs"
"Assets/ProjectChimera/Data/Facilities/FacilityDesignConfigSO.cs"
"Assets/ProjectChimera/Data/Facilities/FacilityEquipmentDataSO.cs"
"Assets/ProjectChimera/Data/Gaming/MiniGameConfigSO.cs"
"Assets/ProjectChimera/Data/Gaming/MiniGameScriptableObjects.cs"
"Assets/ProjectChimera/Data/Genetics/AchievementConfigSO.cs"
"Assets/ProjectChimera/Data/Genetics/AlleleSO.cs"
"Assets/ProjectChimera/Data/Genetics/AromaticGamingConfigSO.cs"
"Assets/ProjectChimera/Data/Genetics/AromaticProfileDatabaseSO.cs"
"Assets/ProjectChimera/Data/Genetics/AromaticVisualizationConfigSO.cs"
"Assets/ProjectChimera/Data/Genetics/BreedingChallengeLibrarySO.cs"
"Assets/ProjectChimera/Data/Genetics/CannabisBreedingConfigSO.cs"
"Assets/ProjectChimera/Data/Genetics/CannabisGeneLibrarySO.cs"
"Assets/ProjectChimera/Data/Genetics/CannabisGeneticsConfigSO.cs"
"Assets/ProjectChimera/Data/Genetics/CannabisGenotype.cs"
"Assets/ProjectChimera/Data/Genetics/CannabisStrainAsset.cs"
"Assets/ProjectChimera/Data/Genetics/CannabisStrainDatabaseSO.cs"
"Assets/ProjectChimera/Data/Genetics/CollaborativeProjectLibrarySO.cs"
"Assets/ProjectChimera/Data/Genetics/CommunityCollaborationConfigSO.cs"
"Assets/ProjectChimera/Data/Genetics/CompetitionRewardsLibrarySO.cs"
"Assets/ProjectChimera/Data/Genetics/EnhancedScientificGamingConfigSO.cs"
"Assets/ProjectChimera/Data/Genetics/ExperienceConfigSO.cs"
"Assets/ProjectChimera/Data/Genetics/GeneticDiscoveryDatabaseSO.cs"
"Assets/ProjectChimera/Data/Genetics/GeneticsGamingConfigSO.cs"
"Assets/ProjectChimera/Data/Genetics/GeneticsSharedTypes.cs"
"Assets/ProjectChimera/Data/Genetics/GeneticVisualizationConfigSO.cs"
"Assets/ProjectChimera/Data/Genetics/GenotypeDataSO.cs"
"Assets/ProjectChimera/Data/Genetics/GrowthStageSO.cs"
"Assets/ProjectChimera/Data/Genetics/MentorshipProgramConfigSO.cs"
"Assets/ProjectChimera/Data/Genetics/PlantPhenotypeSO.cs"
"Assets/ProjectChimera/Data/Genetics/PlantSpeciesSO.cs"
"Assets/ProjectChimera/Data/Genetics/PlantStrainSO.cs"
"Assets/ProjectChimera/Data/Genetics/ProgressionAnalyticsConfigSO.cs"
"Assets/ProjectChimera/Data/Genetics/ReputationConfigSO.cs"
"Assets/ProjectChimera/Data/Genetics/ScientificAchievementDatabaseSO.cs"
"Assets/ProjectChimera/Data/Genetics/ScientificAchievementDataStructures.cs"
"Assets/ProjectChimera/Data/Genetics/ScientificCompetitionConfigSO.cs"
"Assets/ProjectChimera/Data/Genetics/ScientificGamingDataStructures.cs"
"Assets/ProjectChimera/Data/Genetics/ScientificGamingEnums.cs"
"Assets/ProjectChimera/Data/Genetics/ScientificGamingUIConfigSO.cs"
"Assets/ProjectChimera/Data/Genetics/ScientificProgressionConfigSO.cs"
"Assets/ProjectChimera/Data/Genetics/ScientificSkillTreeLibrarySO.cs"
"Assets/ProjectChimera/Data/Genetics/SkillTreeConfigSO.cs"
"Assets/ProjectChimera/Data/Genetics/TerpeneLibrarySO.cs"
"Assets/ProjectChimera/Data/Genetics/TournamentLibrarySO.cs"
"Assets/ProjectChimera/Data/Genetics/TraitType.cs"
"Assets/ProjectChimera/Data/Genetics/TreeVisualizationConfigSO.cs"
"Assets/ProjectChimera/Data/IPM/IPMConfigSO.cs"
"Assets/ProjectChimera/Data/IPM/IPMDataStructures.cs"
"Assets/ProjectChimera/Data/IPM/IPMGamingDataStructures.cs"
"Assets/ProjectChimera/Data/IPM/IPMSharedTypes.cs"
"Assets/ProjectChimera/Data/Narrative/CampaignConfigSO.cs"
"Assets/ProjectChimera/Data/Narrative/CharacterDatabaseSO.cs"
"Assets/ProjectChimera/Data/Narrative/CharacterEventChannelSO.cs"
"Assets/ProjectChimera/Data/Narrative/CharacterEventData.cs"
"Assets/ProjectChimera/Data/Narrative/CharacterProfileSO.cs"
"Assets/ProjectChimera/Data/Narrative/ConsequenceEventChannelSO.cs"
"Assets/ProjectChimera/Data/Narrative/DialogueLibrarySO.cs"
"Assets/ProjectChimera/Data/Narrative/DialogueSystemConfigSO.cs"
"Assets/ProjectChimera/Data/Narrative/EffectivenessDataStructures.cs"
"Assets/ProjectChimera/Data/Narrative/NarrativeAnalyticsConfigSO.cs"
"Assets/ProjectChimera/Data/Narrative/NarrativeConfigSO.cs"
"Assets/ProjectChimera/Data/Narrative/NarrativeDataStructures.cs"
"Assets/ProjectChimera/Data/Narrative/NarrativeEventChannelSO.cs"
"Assets/ProjectChimera/Data/Narrative/PersonalityProfile.cs"
"Assets/ProjectChimera/Data/Narrative/QuestDatabaseSO.cs"
"Assets/ProjectChimera/Data/Narrative/StoryArcLibrarySO.cs"
"Assets/ProjectChimera/Data/Narrative/StoryArcSO.cs"
"Assets/ProjectChimera/Data/Narrative/StoryBeatSO.cs"
"Assets/ProjectChimera/Data/Narrative/StoryCategorySO.cs"
"Assets/ProjectChimera/Data/Narrative/StoryChapterSO.cs"
"Assets/ProjectChimera/Data/Narrative/StoryChoiceOptionSO.cs"
"Assets/ProjectChimera/Data/Narrative/StoryChoiceSO.cs"
"Assets/ProjectChimera/Data/Narrative/StoryDatabaseSO.cs"
"Assets/ProjectChimera/Data/Narrative/StoryEventSO.cs"
"Assets/ProjectChimera/Data/Narrative/StoryTagSO.cs"
"Assets/ProjectChimera/Data/Narrative/StoryThemeSO.cs"
"Assets/ProjectChimera/Data/Narrative/TaskDataStructures.cs"
"Assets/ProjectChimera/Data/Progression/AchievementBaseClasses.cs"
"Assets/ProjectChimera/Data/Progression/AchievementInterfaces.cs"
"Assets/ProjectChimera/Data/Progression/AchievementLibrarySO.cs"
"Assets/ProjectChimera/Data/Progression/AchievementSO.cs"
"Assets/ProjectChimera/Data/Progression/CampaignConfigSO.cs"
"Assets/ProjectChimera/Data/Progression/CampaignProgressionSO.cs"
"Assets/ProjectChimera/Data/Progression/ExperienceConfigSO.cs"
"Assets/ProjectChimera/Data/Progression/ProgressionDataStructures.cs"
"Assets/ProjectChimera/Data/Progression/ProgressionSharedTypes.cs"
"Assets/ProjectChimera/Data/Progression/ResearchCategorySO.cs"
"Assets/ProjectChimera/Data/Progression/ResearchDatabaseSO.cs"
"Assets/ProjectChimera/Data/Progression/ResearchDataStructures.cs"
"Assets/ProjectChimera/Data/Progression/ResearchProjectSO.cs"
"Assets/ProjectChimera/Data/Progression/SkillNodeLibrarySO.cs"
"Assets/ProjectChimera/Data/Progression/SkillNodeSO.cs"
"Assets/ProjectChimera/Data/Progression/SkillTreeLibrarySO.cs"
"Assets/ProjectChimera/Data/Progression/SkillTreeSO.cs"
"Assets/ProjectChimera/Data/Progression/TreeSkillProgressionConfigSO.cs"
"Assets/ProjectChimera/Data/Progression/UnlockConfigSO.cs"
"Assets/ProjectChimera/Data/Progression/UnlockSystemSO.cs"
"Assets/ProjectChimera/Data/Save/SaveDataStructures.cs"
"Assets/ProjectChimera/Data/SharedDataStructures.cs"
"Assets/ProjectChimera/Data/Tutorial/CultivationTutorialStepDefinitions.cs"
"Assets/ProjectChimera/Data/Tutorial/EconomicsTutorialStepDefinitions.cs"
"Assets/ProjectChimera/Data/Tutorial/GeneticsTutorialStepDefinitions.cs"
"Assets/ProjectChimera/Data/Tutorial/OnboardingStepDefinitions.cs"
"Assets/ProjectChimera/Data/Tutorial/TutorialConfigurationSO.cs"
"Assets/ProjectChimera/Data/Tutorial/TutorialDataAssetManager.cs"
"Assets/ProjectChimera/Data/Tutorial/TutorialDataStructures.cs"
"Assets/ProjectChimera/Data/Tutorial/TutorialSequenceSO.cs"
"Assets/ProjectChimera/Data/Tutorial/TutorialStepSO.cs"
"Assets/ProjectChimera/Data/UI/DashboardDataStructures.cs"
"Assets/ProjectChimera/Data/UI/DashboardLayoutSO.cs"
"Assets/ProjectChimera/Data/UI/UIAccessibilityDataStructures.cs"
"Assets/ProjectChimera/Data/UI/UIAccessibilityThemeSO.cs"
"Assets/ProjectChimera/Data/UI/UIConfigurationSO.cs"
"Assets/ProjectChimera/Data/UI/UIDataBindingSO.cs"
"Assets/ProjectChimera/Data/UI/UIDataStructures.cs"
"Assets/ProjectChimera/Data/UI/UIStatePersistenceSO.cs"
"Assets/ProjectChimera/Data/UI/UIThemeSO.cs"
"Assets/ProjectChimera/Data/Visuals/GrowthStageConfigurationSO.cs"
"Assets/ProjectChimera/Data/Visuals/SpeedTreeParameterMapperSO.cs"
"Assets/ProjectChimera/Data/Visuals/SpeedTreePlantAssetSO.cs"
-langversion:9.0
/deterministic
/optimize+
/debug:portable
/nologo
/RuntimeMetadataVersion:v4.0.30319
/nowarn:0169
/nowarn:0649
/nowarn:0282
/nowarn:1701
/nowarn:1702
/utf8output
/preferreduilang:en-US
/additionalfile:"Library/Bee/artifacts/200b0aE.dag/ProjectChimera.Data.UnityAdditionalFile.txt"
##### Custom Environment Variables
DOTNET_MULTILEVEL_LOOKUP=0
##### ExitCode
1
##### Output
Assets/ProjectChimera/Data/Cultivation/PlantInstanceSO.cs(4,22): error CS0234: The type or namespace name 'Systems' does not exist in the namespace 'ProjectChimera' (are you missing an assembly reference?)
Assets/ProjectChimera/Data/Environment/LightingDataStructures.cs(5,7): warning CS0105: The using directive for 'UnityEngine' appeared previously in this namespace
Assets/ProjectChimera/Data/Genetics/ScientificAchievementDataStructures.cs(18,18): error CS0101: The namespace 'ProjectChimera.Data.Genetics' already contains a definition for 'ScientificAchievement'
Assets/ProjectChimera/Data/Genetics/CannabisBreedingConfigSO.cs(362,17): error CS0101: The namespace 'ProjectChimera.Data.Genetics' already contains a definition for 'BreedingObjective'
Assets/ProjectChimera/Data/Genetics/ScientificGamingEnums.cs(53,17): error CS0101: The namespace 'ProjectChimera.Data.Genetics' already contains a definition for 'DifficultyLevel'
Assets/ProjectChimera/Data/Genetics/ScientificGamingEnums.cs(92,17): error CS0101: The namespace 'ProjectChimera.Data.Genetics' already contains a definition for 'BreedingChallengeType'
Assets/ProjectChimera/Data/Progression/SkillNodeLibrarySO.cs(72,16): error CS0246: The type or namespace name 'SkillCategory' could not be found (are you missing a using directive or an assembly reference?)
Assets/ProjectChimera/Data/Progression/TreeSkillProgressionConfigSO.cs(80,16): error CS0246: The type or namespace name 'SkillCategory' could not be found (are you missing a using directive or an assembly reference?)
Assets/ProjectChimera/Data/Economy/ContractSO.cs(67,33): warning CS0108: 'ContractSO.Category' hides inherited member 'ChimeraDataSO.Category'. Use the new keyword if hiding was intended.
Assets/ProjectChimera/Data/Economy/ContractSO.cs(68,23): warning CS0108: 'ContractSO.Description' hides inherited member 'ChimeraScriptableObject.Description'. Use the new keyword if hiding was intended.
Assets/ProjectChimera/Data/Genetics/AlleleSO.cs(75,16): error CS0246: The type or namespace name 'GeneDefinitionSO' could not be found (are you missing a using directive or an assembly reference?)
Assets/ProjectChimera/Data/Genetics/AlleleSO.cs(150,43): error CS0246: The type or namespace name 'PlantTrait' could not be found (are you missing a using directive or an assembly reference?)
Assets/ProjectChimera/Data/Genetics/AlleleSO.cs(193,120): error CS0246: The type or namespace name 'EnvironmentalFactor' could not be found (are you missing a using directive or an assembly reference?)
Assets/ProjectChimera/Data/Genetics/AlleleSO.cs(227,41): error CS0246: The type or namespace name 'PlantTrait' could not be found (are you missing a using directive or an assembly reference?)
Assets/ProjectChimera/Data/Genetics/AlleleSO.cs(15,34): error CS0246: The type or namespace name 'GeneDefinitionSO' could not be found (are you missing a using directive or an assembly reference?)
Assets/ProjectChimera/Data/Narrative/CharacterEventChannelSO.cs(19,49): warning CS0108: 'CharacterEventChannelSO.OnEventRaised' hides inherited member 'GameEventSO<CharacterEventData>.OnEventRaised'. Use the new keyword if hiding was intended.
Assets/ProjectChimera/Data/Genetics/AlleleSO.cs(314,16): error CS0246: The type or namespace name 'PlantTrait' could not be found (are you missing a using directive or an assembly reference?)
Assets/ProjectChimera/Data/Genetics/CannabisGeneLibrarySO.cs(38,21): error CS0246: The type or namespace name 'GeneDefinitionSO' could not be found (are you missing a using directive or an assembly reference?)
Assets/ProjectChimera/Data/Genetics/CannabisGeneLibrarySO.cs(76,21): error CS0246: The type or namespace name 'GeneDefinitionSO' could not be found (are you missing a using directive or an assembly reference?)
Assets/ProjectChimera/Data/Genetics/AlleleSO.cs(323,16): error CS0246: The type or namespace name 'EnvironmentalFactor' could not be found (are you missing a using directive or an assembly reference?)
Assets/ProjectChimera/Data/Genetics/CannabisGeneLibrarySO.cs(84,16): error CS0246: The type or namespace name 'GeneDefinitionSO' could not be found (are you missing a using directive or an assembly reference?)
Assets/ProjectChimera/Data/Genetics/AlleleSO.cs(333,16): error CS0246: The type or namespace name 'PlantTrait' could not be found (are you missing a using directive or an assembly reference?)
Assets/ProjectChimera/Data/Genetics/CannabisGeneLibrarySO.cs(96,58): error CS0246: The type or namespace name 'GeneCategory' could not be found (are you missing a using directive or an assembly reference?)
Assets/ProjectChimera/Data/Genetics/CannabisGeneLibrarySO.cs(96,21): error CS0246: The type or namespace name 'GeneDefinitionSO' could not be found (are you missing a using directive or an assembly reference?)
Assets/ProjectChimera/Data/Genetics/CannabisGeneLibrarySO.cs(108,21): error CS0246: The type or namespace name 'GeneDefinitionSO' could not be found (are you missing a using directive or an assembly reference?)
Assets/ProjectChimera/Data/Genetics/CannabisGeneLibrarySO.cs(140,29): error CS0246: The type or namespace name 'GeneDefinitionSO' could not be found (are you missing a using directive or an assembly reference?)
Assets/ProjectChimera/Data/Genetics/CannabisGeneLibrarySO.cs(196,21): error CS0246: The type or namespace name 'GeneDefinitionSO' could not be found (are you missing a using directive or an assembly reference?)
Assets/ProjectChimera/Data/Genetics/CannabisGeneLibrarySO.cs(210,21): error CS0246: The type or namespace name 'GeneDefinitionSO' could not be found (are you missing a using directive or an assembly reference?)
Assets/ProjectChimera/Data/Genetics/CannabisGeneLibrarySO.cs(228,21): error CS0246: The type or namespace name 'GeneDefinitionSO' could not be found (are you missing a using directive or an assembly reference?)
Assets/ProjectChimera/Data/Genetics/CannabisGeneLibrarySO.cs(16,39): error CS0246: The type or namespace name 'GeneDefinitionSO' could not be found (are you missing a using directive or an assembly reference?)
Assets/ProjectChimera/Data/Genetics/CannabisGeneLibrarySO.cs(26,39): error CS0246: The type or namespace name 'GeneCategory' could not be found (are you missing a using directive or an assembly reference?)
Assets/ProjectChimera/Data/Genetics/CannabisGeneLibrarySO.cs(29,36): error CS0246: The type or namespace name 'GeneDefinitionSO' could not be found (are you missing a using directive or an assembly reference?)
Assets/ProjectChimera/Data/Genetics/CannabisGeneLibrarySO.cs(30,41): error CS0246: The type or namespace name 'GeneDefinitionSO' could not be found (are you missing a using directive or an assembly reference?)
Assets/ProjectChimera/Data/Genetics/CannabisGeneLibrarySO.cs(31,43): error CS0246: The type or namespace name 'GeneDefinitionSO' could not be found (are you missing a using directive or an assembly reference?)
Assets/ProjectChimera/Data/Genetics/CannabisGeneLibrarySO.cs(412,27): error CS0246: The type or namespace name 'GeneCategory' could not be found (are you missing a using directive or an assembly reference?)
Assets/ProjectChimera/Data/Genetics/CannabisGeneticsConfigSO.cs(156,51): error CS0246: The type or namespace name 'PlantTrait' could not be found (are you missing a using directive or an assembly reference?)
Assets/ProjectChimera/Data/Genetics/CannabisGeneticsConfigSO.cs(178,49): error CS0246: The type or namespace name 'PlantTrait' could not be found (are you missing a using directive or an assembly reference?)
Assets/ProjectChimera/Data/Genetics/CannabisGeneticsConfigSO.cs(257,21): warning CS0114: 'CannabisGeneticsConfigSO.ResetToDefaults()' hides inherited member 'ChimeraConfigSO.ResetToDefaults()'. To make the current member override that implementation, add the override keyword. Otherwise add the new keyword.
Assets/ProjectChimera/Data/Economy/EconomicDataStructures.cs(1688,21): error CS0246: The type or namespace name 'GeopoliticalEvent' could not be found (are you missing a using directive or an assembly reference?)
Assets/ProjectChimera/Data/Economy/EconomicDataStructures.cs(1697,21): error CS0246: The type or namespace name 'RegulatoryChange' could not be found (are you missing a using directive or an assembly reference?)
Assets/ProjectChimera/Data/Tutorial/TutorialSequenceSO.cs(58,33): warning CS0108: 'TutorialSequenceSO.Category' hides inherited member 'ChimeraDataSO.Category'. Use the new keyword if hiding was intended.
Assets/ProjectChimera/Data/Genetics/CannabisBreedingConfigSO.cs(345,21): warning CS0114: 'CannabisBreedingConfigSO.ResetToDefaults()' hides inherited member 'ChimeraConfigSO.ResetToDefaults()'. To make the current member override that implementation, add the override keyword. Otherwise add the new keyword.
Assets/ProjectChimera/Data/Environment/GxE_ProfileSO.cs(48,21): error CS0246: The type or namespace name 'PlantTrait' could not be found (are you missing a using directive or an assembly reference?)
Assets/ProjectChimera/Data/UI/DashboardLayoutSO.cs(64,23): warning CS0108: 'DashboardLayoutSO.Description' hides inherited member 'ChimeraScriptableObject.Description'. Use the new keyword if hiding was intended.
Assets/ProjectChimera/Data/Environment/GxE_ProfileSO.cs(69,53): error CS0246: The type or namespace name 'PlantTrait' could not be found (are you missing a using directive or an assembly reference?)
Assets/ProjectChimera/Data/Environment/GxE_ProfileSO.cs(69,160): error CS0246: The type or namespace name 'GeneDefinitionSO' could not be found (are you missing a using directive or an assembly reference?)
Assets/ProjectChimera/Data/Environment/GxE_ProfileSO.cs(129,46): error CS0246: The type or namespace name 'PlantTrait' could not be found (are you missing a using directive or an assembly reference?)
Assets/ProjectChimera/Data/Environment/GxE_ProfileSO.cs(158,51): error CS0246: The type or namespace name 'GeneDefinitionSO' could not be found (are you missing a using directive or an assembly reference?)
Assets/ProjectChimera/Data/Environment/GxE_ProfileSO.cs(21,39): error CS0246: The type or namespace name 'PlantTrait' could not be found (are you missing a using directive or an assembly reference?)
Assets/ProjectChimera/Data/Environment/GxE_ProfileSO.cs(233,16): error CS0246: The type or namespace name 'GeneDefinitionSO' could not be found (are you missing a using directive or an assembly reference?)
Assets/ProjectChimera/Data/Environment/GxE_ProfileSO.cs(251,16): error CS0246: The type or namespace name 'PlantTrait' could not be found (are you missing a using directive or an assembly reference?)
Assets/ProjectChimera/Data/Genetics/GenotypeDataSO.cs(108,69): error CS0246: The type or namespace name 'GeneDefinitionSO' could not be found (are you missing a using directive or an assembly reference?)
Assets/ProjectChimera/Data/Genetics/GenotypeDataSO.cs(254,37): error CS0246: The type or namespace name 'GeneDefinitionSO' could not be found (are you missing a using directive or an assembly reference?)
Assets/ProjectChimera/Data/Economy/MarketProductSO.cs(64,32): warning CS0108: 'MarketProductSO.Category' hides inherited member 'ChimeraDataSO.Category'. Use the new keyword if hiding was intended.
Assets/ProjectChimera/Data/Economy/MarketProductSO.cs(66,23): warning CS0108: 'MarketProductSO.Description' hides inherited member 'ChimeraScriptableObject.Description'. Use the new keyword if hiding was intended.
Assets/ProjectChimera/Data/Environment/EnvironmentalStressSO.cs(170,40): error CS0246: The type or namespace name 'PlantTrait' could not be found (are you missing a using directive or an assembly reference?)
Assets/ProjectChimera/Data/Genetics/GenotypeDataSO.cs(299,42): error CS0246: The type or namespace name 'PlantTrait' could not be found (are you missing a using directive or an assembly reference?)
Assets/ProjectChimera/Data/Genetics/MentorshipProgramConfigSO.cs(35,23): warning CS0108: 'MentorshipProgramConfigSO.Description' hides inherited member 'ChimeraScriptableObject.Description'. Use the new keyword if hiding was intended.
Assets/ProjectChimera/Data/Environment/EnvironmentalStressSO.cs(268,16): error CS0246: The type or namespace name 'PlantTrait' could not be found (are you missing a using directive or an assembly reference?)
Assets/ProjectChimera/Data/Genetics/GenotypeDataSO.cs(371,49): error CS0246: The type or namespace name 'GeneDefinitionSO' could not be found (are you missing a using directive or an assembly reference?)
Assets/ProjectChimera/Data/Genetics/GenotypeDataSO.cs(389,22): error CS0246: The type or namespace name 'GeneDefinitionSO' could not be found (are you missing a using directive or an assembly reference?)
Assets/ProjectChimera/Data/Genetics/GenotypeDataSO.cs(396,43): error CS0246: The type or namespace name 'PlantTrait' could not be found (are you missing a using directive or an assembly reference?)
Assets/ProjectChimera/Data/Genetics/GenotypeDataSO.cs(409,45): error CS0246: The type or namespace name 'PlantTrait' could not be found (are you missing a using directive or an assembly reference?)
Assets/ProjectChimera/Data/Genetics/GenotypeDataSO.cs(496,40): error CS0246: The type or namespace name 'PlantTrait' could not be found (are you missing a using directive or an assembly reference?)
Assets/ProjectChimera/Data/Genetics/GenotypeDataSO.cs(489,16): error CS0246: The type or namespace name 'GeneDefinitionSO' could not be found (are you missing a using directive or an assembly reference?)
Assets/ProjectChimera/Data/Genetics/GenotypeDataSO.cs(506,16): error CS0246: The type or namespace name 'GeneDefinitionSO' could not be found (are you missing a using directive or an assembly reference?)
Assets/ProjectChimera/Data/Genetics/GenotypeDataSO.cs(517,16): error CS0246: The type or namespace name 'PlantTrait' could not be found (are you missing a using directive or an assembly reference?)
Assets/ProjectChimera/Data/Genetics/GenotypeDataSO.cs(527,16): error CS0246: The type or namespace name 'PlantTrait' could not be found (are you missing a using directive or an assembly reference?)
Assets/ProjectChimera/Data/UI/UIConfigurationSO.cs(103,23): warning CS0108: 'UIConfigurationSO.Description' hides inherited member 'ChimeraScriptableObject.Description'. Use the new keyword if hiding was intended.
Assets/ProjectChimera/Data/Environment/HVACDataStructures.cs(497,40): warning CS0108: 'FanEquipmentSO.NoiseLevel' hides inherited member 'EquipmentDataSO.NoiseLevel'. Use the new keyword if hiding was intended.
Assets/ProjectChimera/Data/UI/UIDataBindingSO.cs(47,23): warning CS0108: 'UIDataBindingSO.Description' hides inherited member 'ChimeraScriptableObject.Description'. Use the new keyword if hiding was intended.
Assets/ProjectChimera/Data/Environment/LightingDataStructures.cs(447,42): warning CS0108: 'LightingFixtureSO.PowerConsumption' hides inherited member 'EquipmentDataSO.PowerConsumption'. Use the new keyword if hiding was intended.
Assets/ProjectChimera/Data/Equipment/EquipmentDataSO.cs(73,34): warning CS0108: 'EquipmentDataSO.Category' hides inherited member 'ChimeraDataSO.Category'. Use the new keyword if hiding was intended.
Assets/ProjectChimera/Data/Equipment/EquipmentDataSO.cs(75,23): warning CS0108: 'EquipmentDataSO.Description' hides inherited member 'ChimeraScriptableObject.Description'. Use the new keyword if hiding was intended.
Assets/ProjectChimera/Data/Cultivation/EnhancedCultivationGamingConfigSO.cs(79,16): error CS0246: The type or namespace name 'TreeVisualizationConfigSO' could not be found (are you missing a using directive or an assembly reference?)
Assets/ProjectChimera/Data/Cultivation/EnhancedCultivationGamingConfigSO.cs(62,23): warning CS0108: 'EnhancedCultivationGamingConfigSO.Version' hides inherited member 'ChimeraScriptableObject.Version'. Use the new keyword if hiding was intended.
Assets/ProjectChimera/Data/Cultivation/EnhancedCultivationGamingConfigSO.cs(34,34): error CS0246: The type or namespace name 'TreeVisualizationConfigSO' could not be found (are you missing a using directive or an assembly reference?)
Assets/ProjectChimera/Data/Equipment/EquipmentPresetSO.cs(60,31): warning CS0108: 'EquipmentPresetSO.Category' hides inherited member 'ChimeraDataSO.Category'. Use the new keyword if hiding was intended.
Assets/ProjectChimera/Data/Equipment/EquipmentPresetSO.cs(62,23): warning CS0108: 'EquipmentPresetSO.Description' hides inherited member 'ChimeraScriptableObject.Description'. Use the new keyword if hiding was intended.
Assets/ProjectChimera/Data/Narrative/NarrativeEventChannelSO.cs(30,23): warning CS0108: 'NarrativeEventChannelSO.Description' hides inherited member 'ChimeraScriptableObject.Description'. Use the new keyword if hiding was intended.
Assets/ProjectChimera/Data/Narrative/QuestDatabaseSO.cs(96,22): warning CS0114: 'QuestDatabaseSO.OnEnable()' hides inherited member 'ChimeraScriptableObject.OnEnable()'. To make the current member override that implementation, add the override keyword. Otherwise add the new keyword.
Assets/ProjectChimera/Data/Genetics/ScientificAchievementDataStructures.cs(17,6): error CS0579: Duplicate 'System.Serializable' attribute
Assets/ProjectChimera/Data/UI/UIThemeSO.cs(93,23): warning CS0108: 'UIThemeSO.Description' hides inherited member 'ChimeraScriptableObject.Description'. Use the new keyword if hiding was intended.
Assets/ProjectChimera/Data/UI/UIThemeSO.cs(95,30): warning CS0108: 'UIThemeSO.Category' hides inherited member 'ChimeraDataSO.Category'. Use the new keyword if hiding was intended.
Assets/ProjectChimera/Data/Narrative/QuestDatabaseSO.cs(710,23): warning CS0108: 'QuestSO.Description' hides inherited member 'ChimeraScriptableObject.Description'. Use the new keyword if hiding was intended.
Assets/ProjectChimera/Data/Narrative/QuestDatabaseSO.cs(733,23): warning CS0108: 'ObjectiveSO.Description' hides inherited member 'ChimeraScriptableObject.Description'. Use the new keyword if hiding was intended.
Assets/ProjectChimera/Data/Equipment/FacilityComponentSO.cs(71,23): warning CS0108: 'FacilityComponentSO.Description' hides inherited member 'ChimeraScriptableObject.Description'. Use the new keyword if hiding was intended.
Assets/ProjectChimera/Data/Narrative/StoryArcLibrarySO.cs(518,22): warning CS0108: 'DelayedConsequence.DelayTime' hides inherited member 'Consequence.DelayTime'. Use the new keyword if hiding was intended.
Assets/ProjectChimera/Data/Narrative/StoryArcSO.cs(36,23): warning CS0108: 'StoryArcSO.Description' hides inherited member 'ChimeraScriptableObject.Description'. Use the new keyword if hiding was intended.
Assets/ProjectChimera/Data/Narrative/StoryArcSO.cs(37,33): warning CS0108: 'StoryArcSO.Category' hides inherited member 'ChimeraDataSO.Category'. Use the new keyword if hiding was intended.
Assets/ProjectChimera/Data/Events/CannabisHolidaySO.cs(54,23): warning CS0108: 'CannabisHolidaySO.Description' hides inherited member 'ChimeraScriptableObject.Description'. Use the new keyword if hiding was intended.
Assets/ProjectChimera/Data/Narrative/StoryBeatSO.cs(31,23): warning CS0108: 'StoryBeatSO.Description' hides inherited member 'ChimeraScriptableObject.Description'. Use the new keyword if hiding was intended.
Assets/ProjectChimera/Data/Narrative/StoryCategorySO.cs(42,23): warning CS0108: 'StoryCategorySO.Description' hides inherited member 'ChimeraScriptableObject.Description'. Use the new keyword if hiding was intended.
Assets/ProjectChimera/Data/Events/CommunityChallengeSO.cs(106,23): warning CS0108: 'CommunityChallengeSO.Description' hides inherited member 'ChimeraScriptableObject.Description'. Use the new keyword if hiding was intended.
Assets/ProjectChimera/Data/Narrative/StoryChapterSO.cs(42,23): warning CS0108: 'StoryChapterSO.Description' hides inherited member 'ChimeraScriptableObject.Description'. Use the new keyword if hiding was intended.
Assets/ProjectChimera/Data/Narrative/StoryChoiceSO.cs(28,23): warning CS0108: 'StoryChoiceSO.Description' hides inherited member 'ChimeraScriptableObject.Description'. Use the new keyword if hiding was intended.
Assets/ProjectChimera/Data/Narrative/StoryChoiceOptionSO.cs(52,23): warning CS0108: 'StoryChoiceOptionSO.Description' hides inherited member 'ChimeraScriptableObject.Description'. Use the new keyword if hiding was intended.
Assets/ProjectChimera/Data/Narrative/StoryDatabaseSO.cs(88,22): warning CS0114: 'StoryDatabaseSO.OnEnable()' hides inherited member 'ChimeraScriptableObject.OnEnable()'. To make the current member override that implementation, add the override keyword. Otherwise add the new keyword.
Assets/ProjectChimera/Data/Events/GameEventChannelSO.cs(20,30): warning CS0108: 'GameEventChannelSO.Category' hides inherited member 'ChimeraDataSO.Category'. Use the new keyword if hiding was intended.
Assets/ProjectChimera/Data/Events/GameEventChannelSO.cs(235,32): warning CS0114: 'GameEventChannelSO.OnValidate()' hides inherited member 'ChimeraScriptableObject.OnValidate()'. To make the current member override that implementation, add the override keyword. Otherwise add the new keyword.
Assets/ProjectChimera/Data/Narrative/StoryEventSO.cs(42,23): warning CS0108: 'StoryEventSO.Description' hides inherited member 'ChimeraScriptableObject.Description'. Use the new keyword if hiding was intended.
Assets/ProjectChimera/Data/Narrative/StoryTagSO.cs(42,23): warning CS0108: 'StoryTagSO.Description' hides inherited member 'ChimeraScriptableObject.Description'. Use the new keyword if hiding was intended.
Assets/ProjectChimera/Data/Narrative/StoryThemeSO.cs(49,23): warning CS0108: 'StoryThemeSO.Description' hides inherited member 'ChimeraScriptableObject.Description'. Use the new keyword if hiding was intended.
Assets/ProjectChimera/Data/Events/GlobalCompetitionEventSO.cs(84,23): warning CS0108: 'GlobalCompetitionEventSO.Description' hides inherited member 'ChimeraScriptableObject.Description'. Use the new keyword if hiding was intended.
Assets/ProjectChimera/Data/Events/MissingEventTypes.cs(148,23): warning CS0108: 'WeatherEventSO.Description' hides inherited member 'ChimeraScriptableObject.Description'. Use the new keyword if hiding was intended.
Assets/ProjectChimera/Data/Events/MissingEventTypes.cs(180,23): warning CS0108: 'ParticipationRequirementSO.Description' hides inherited member 'ChimeraScriptableObject.Description'. Use the new keyword if hiding was intended.
Assets/ProjectChimera/Data/Events/MissingEventTypes.cs(284,23): warning CS0108: 'CompetitionCategorySO.Description' hides inherited member 'ChimeraScriptableObject.Description'. Use the new keyword if hiding was intended.
Assets/ProjectChimera/Data/Events/MissingEventTypes.cs(384,23): warning CS0108: 'SpecialRecognitionSO.Description' hides inherited member 'ChimeraScriptableObject.Description'. Use the new keyword if hiding was intended.
Assets/ProjectChimera/Data/Events/MissingEventTypes.cs(405,23): warning CS0108: 'EducationalContentSO.Description' hides inherited member 'ChimeraScriptableObject.Description'. Use the new keyword if hiding was intended.
Assets/ProjectChimera/Data/Events/MissingEventTypes.cs(516,23): warning CS0108: 'GlobalEventTemplateSO.Description' hides inherited member 'ChimeraScriptableObject.Description'. Use the new keyword if hiding was intended.
Assets/ProjectChimera/Data/Progression/AchievementSO.cs(58,23): warning CS0108: 'AchievementSO.Description' hides inherited member 'ChimeraScriptableObject.Description'. Use the new keyword if hiding was intended.
Assets/ProjectChimera/Data/Progression/AchievementSO.cs(61,36): warning CS0108: 'AchievementSO.Category' hides inherited member 'ChimeraDataSO.Category'. Use the new keyword if hiding was intended.
Assets/ProjectChimera/Data/Events/MissingEventTypes.cs(560,23): warning CS0108: 'HistoricalEventSO.Description' hides inherited member 'ChimeraScriptableObject.Description'. Use the new keyword if hiding was intended.
Assets/ProjectChimera/Data/Events/MissingEventTypes.cs(60,23): warning CS0108: 'LimitedReleaseEventSO.Description' hides inherited member 'ChimeraScriptableObject.Description'. Use the new keyword if hiding was intended.
Assets/ProjectChimera/Data/Events/LiveEventChannelSO.cs(56,23): warning CS0108: 'LiveEventChannelSO.Description' hides inherited member 'ChimeraScriptableObject.Description'. Use the new keyword if hiding was intended.
Assets/ProjectChimera/Data/Events/LiveEventChannelSO.cs(63,22): warning CS0114: 'LiveEventChannelSO.OnEnable()' hides inherited member 'ChimeraScriptableObject.OnEnable()'. To make the current member override that implementation, add the override keyword. Otherwise add the new keyword.
Assets/ProjectChimera/Data/Events/CulturalEventSO.cs(62,23): warning CS0108: 'CulturalEventSO.Description' hides inherited member 'ChimeraScriptableObject.Description'. Use the new keyword if hiding was intended.
Assets/ProjectChimera/Data/Events/MissingEventTypes.cs(93,23): warning CS0108: 'CrisisEventTemplateSO.Description' hides inherited member 'ChimeraScriptableObject.Description'. Use the new keyword if hiding was intended.
Assets/ProjectChimera/Data/Events/MissingEventTypes.cs(124,23): warning CS0108: 'EmergencyResponseSO.Description' hides inherited member 'ChimeraScriptableObject.Description'. Use the new keyword if hiding was intended.
Assets/ProjectChimera/Data/Events/DiscoveryEventSO.cs(48,23): warning CS0108: 'DiscoveryEventSO.Description' hides inherited member 'ChimeraScriptableObject.Description'. Use the new keyword if hiding was intended.
Assets/ProjectChimera/Data/Events/RewardTemplateSO.cs(29,23): warning CS0108: 'RewardTemplateSO.Description' hides inherited member 'ChimeraScriptableObject.Description'. Use the new keyword if hiding was intended.
Assets/ProjectChimera/Data/Events/EventCategorySO.cs(28,23): warning CS0108: 'EventCategorySO.Description' hides inherited member 'ChimeraScriptableObject.Description'. Use the new keyword if hiding was intended.
Assets/ProjectChimera/Data/Events/GlobalEventChannelSO.cs(61,23): warning CS0108: 'GlobalEventChannelSO.Description' hides inherited member 'ChimeraScriptableObject.Description'. Use the new keyword if hiding was intended.
Assets/ProjectChimera/Data/Events/SeasonalEventSO.cs(44,23): warning CS0108: 'SeasonalEventSO.Description' hides inherited member 'ChimeraScriptableObject.Description'. Use the new keyword if hiding was intended.
Assets/ProjectChimera/Data/Events/EventDatabaseSO.cs(69,22): warning CS0114: 'EventDatabaseSO.OnEnable()' hides inherited member 'ChimeraScriptableObject.OnEnable()'. To make the current member override that implementation, add the override keyword. Otherwise add the new keyword.
Assets/ProjectChimera/Data/Progression/SkillTreeSO.cs(43,23): warning CS0108: 'SkillTreeSO.Description' hides inherited member 'ChimeraScriptableObject.Description'. Use the new keyword if hiding was intended.
Assets/ProjectChimera/Data/Progression/SkillTreeSO.cs(45,30): warning CS0108: 'SkillTreeSO.Category' hides inherited member 'ChimeraDataSO.Category'. Use the new keyword if hiding was intended.
Assets/ProjectChimera/Data/Events/SeasonalContentLibrarySO.cs(70,22): warning CS0114: 'SeasonalContentLibrarySO.OnEnable()' hides inherited member 'ChimeraScriptableObject.OnEnable()'. To make the current member override that implementation, add the override keyword. Otherwise add the new keyword.
Assets/ProjectChimera/Data/Progression/SkillNodeLibrarySO.cs(29,59): error CS0246: The type or namespace name 'SkillCategory' could not be found (are you missing a using directive or an assembly reference?)
Assets/ProjectChimera/Data/Facilities/FacilityConfigSO.cs(49,23): warning CS0108: 'FacilityConfigSO.Description' hides inherited member 'ChimeraScriptableObject.Description'. Use the new keyword if hiding was intended.
Assets/ProjectChimera/Data/Facilities/FacilityEquipmentDataSO.cs(68,34): warning CS0108: 'FacilityEquipmentDataSO.Category' hides inherited member 'ChimeraDataSO.Category'. Use the new keyword if hiding was intended.
Assets/ProjectChimera/Data/Facilities/FacilityEquipmentDataSO.cs(71,23): warning CS0108: 'FacilityEquipmentDataSO.Description' hides inherited member 'ChimeraScriptableObject.Description'. Use the new keyword if hiding was intended.
*** Tundra build failed (4.29 seconds), 331 items updated, 435 evaluated
## Script Compilation Error for: Csc Library/Bee/artifacts/200b0aE.dag/ProjectChimera.Data.dll (+2 others)
## CmdLine: "/Applications/Unity/Hub/Editor/6000.2.0b2/Unity.app/Contents/NetCoreRuntime/dotnet" exec "/Applications/Unity/Hub/Editor/6000.2.0b2/Unity.app/Contents/DotNetSdkRoslyn/csc.dll" /nostdlib /noconfig /shared "@Library/Bee/artifacts/200b0aE.dag/ProjectChimera.Data.rsp" "@Library/Bee/artifacts/200b0aE.dag/ProjectChimera.Data.rsp2"
## Output:
Assets/ProjectChimera/Data/Cultivation/PlantInstanceSO.cs(4,22): error CS0234: The type or namespace name 'Systems' does not exist in the namespace 'ProjectChimera' (are you missing an assembly reference?)
Assets/ProjectChimera/Data/Environment/LightingDataStructures.cs(5,7): warning CS0105: The using directive for 'UnityEngine' appeared previously in this namespace
Assets/ProjectChimera/Data/Genetics/ScientificAchievementDataStructures.cs(18,18): error CS0101: The namespace 'ProjectChimera.Data.Genetics' already contains a definition for 'ScientificAchievement'
Assets/ProjectChimera/Data/Genetics/CannabisBreedingConfigSO.cs(362,17): error CS0101: The namespace 'ProjectChimera.Data.Genetics' already contains a definition for 'BreedingObjective'
Assets/ProjectChimera/Data/Genetics/ScientificGamingEnums.cs(53,17): error CS0101: The namespace 'ProjectChimera.Data.Genetics' already contains a definition for 'DifficultyLevel'
Assets/ProjectChimera/Data/Genetics/ScientificGamingEnums.cs(92,17): error CS0101: The namespace 'ProjectChimera.Data.Genetics' already contains a definition for 'BreedingChallengeType'
Assets/ProjectChimera/Data/Progression/SkillNodeLibrarySO.cs(72,16): error CS0246: The type or namespace name 'SkillCategory' could not be found (are you missing a using directive or an assembly reference?)
Assets/ProjectChimera/Data/Progression/TreeSkillProgressionConfigSO.cs(80,16): error CS0246: The type or namespace name 'SkillCategory' could not be found (are you missing a using directive or an assembly reference?)
Assets/ProjectChimera/Data/Economy/ContractSO.cs(67,33): warning CS0108: 'ContractSO.Category' hides inherited member 'ChimeraDataSO.Category'. Use the new keyword if hiding was intended.
Assets/ProjectChimera/Data/Economy/ContractSO.cs(68,23): warning CS0108: 'ContractSO.Description' hides inherited member 'ChimeraScriptableObject.Description'. Use the new keyword if hiding was intended.
Assets/ProjectChimera/Data/Genetics/AlleleSO.cs(75,16): error CS0246: The type or namespace name 'GeneDefinitionSO' could not be found (are you missing a using directive or an assembly reference?)
Assets/ProjectChimera/Data/Genetics/AlleleSO.cs(150,43): error CS0246: The type or namespace name 'PlantTrait' could not be found (are you missing a using directive or an assembly reference?)
Assets/ProjectChimera/Data/Genetics/AlleleSO.cs(193,120): error CS0246: The type or namespace name 'EnvironmentalFactor' could not be found (are you missing a using directive or an assembly reference?)
Assets/ProjectChimera/Data/Genetics/AlleleSO.cs(227,41): error CS0246: The type or namespace name 'PlantTrait' could not be found (are you missing a using directive or an assembly reference?)
Assets/ProjectChimera/Data/Genetics/AlleleSO.cs(15,34): error CS0246: The type or namespace name 'GeneDefinitionSO' could not be found (are you missing a using directive or an assembly reference?)
Assets/ProjectChimera/Data/Narrative/CharacterEventChannelSO.cs(19,49): warning CS0108: 'CharacterEventChannelSO.OnEventRaised' hides inherited member 'GameEventSO<CharacterEventData>.OnEventRaised'. Use the new keyword if hiding was intended.
Assets/ProjectChimera/Data/Genetics/AlleleSO.cs(314,16): error CS0246: The type or namespace name 'PlantTrait' could not be found (are you missing a using directive or an assembly reference?)
Assets/ProjectChimera/Data/Genetics/CannabisGeneLibrarySO.cs(38,21): error CS0246: The type or namespace name 'GeneDefinitionSO' could not be found (are you missing a using directive or an assembly reference?)
Assets/ProjectChimera/Data/Genetics/CannabisGeneLibrarySO.cs(76,21): error CS0246: The type or namespace name 'GeneDefinitionSO' could not be found (are you missing a using directive or an assembly reference?)
Assets/ProjectChimera/Data/Genetics/AlleleSO.cs(323,16): error CS0246: The type or namespace name 'EnvironmentalFactor' could not be found (are you missing a using directive or an assembly reference?)
Assets/ProjectChimera/Data/Genetics/CannabisGeneLibrarySO.cs(84,16): error CS0246: The type or namespace name 'GeneDefinitionSO' could not be found (are you missing a using directive or an assembly reference?)
Assets/ProjectChimera/Data/Genetics/AlleleSO.cs(333,16): error CS0246: The type or namespace name 'PlantTrait' could not be found (are you missing a using directive or an assembly reference?)
Assets/ProjectChimera/Data/Genetics/CannabisGeneLibrarySO.cs(96,58): error CS0246: The type or namespace name 'GeneCategory' could not be found (are you missing a using directive or an assembly reference?)
Assets/ProjectChimera/Data/Genetics/CannabisGeneLibrarySO.cs(96,21): error CS0246: The type or namespace name 'GeneDefinitionSO' could not be found (are you missing a using directive or an assembly reference?)
Assets/ProjectChimera/Data/Genetics/CannabisGeneLibrarySO.cs(108,21): error CS0246: The type or namespace name 'GeneDefinitionSO' could not be found (are you missing a using directive or an assembly reference?)
Assets/ProjectChimera/Data/Genetics/CannabisGeneLibrarySO.cs(140,29): error CS0246: The type or namespace name 'GeneDefinitionSO' could not be found (are you missing a using directive or an assembly reference?)
Assets/ProjectChimera/Data/Genetics/CannabisGeneLibrarySO.cs(196,21): error CS0246: The type or namespace name 'GeneDefinitionSO' could not be found (are you missing a using directive or an assembly reference?)
Assets/ProjectChimera/Data/Genetics/CannabisGeneLibrarySO.cs(210,21): error CS0246: The type or namespace name 'GeneDefinitionSO' could not be found (are you missing a using directive or an assembly reference?)
Assets/ProjectChimera/Data/Genetics/CannabisGeneLibrarySO.cs(228,21): error CS0246: The type or namespace name 'GeneDefinitionSO' could not be found (are you missing a using directive or an assembly reference?)
Assets/ProjectChimera/Data/Genetics/CannabisGeneLibrarySO.cs(16,39): error CS0246: The type or namespace name 'GeneDefinitionSO' could not be found (are you missing a using directive or an assembly reference?)
Assets/ProjectChimera/Data/Genetics/CannabisGeneLibrarySO.cs(26,39): error CS0246: The type or namespace name 'GeneCategory' could not be found (are you missing a using directive or an assembly reference?)
Assets/ProjectChimera/Data/Genetics/CannabisGeneLibrarySO.cs(29,36): error CS0246: The type or namespace name 'GeneDefinitionSO' could not be found (are you missing a using directive or an assembly reference?)
Assets/ProjectChimera/Data/Genetics/CannabisGeneLibrarySO.cs(30,41): error CS0246: The type or namespace name 'GeneDefinitionSO' could not be found (are you missing a using directive or an assembly reference?)
Assets/ProjectChimera/Data/Genetics/CannabisGeneLibrarySO.cs(31,43): error CS0246: The type or namespace name 'GeneDefinitionSO' could not be found (are you missing a using directive or an assembly reference?)
Assets/ProjectChimera/Data/Genetics/CannabisGeneLibrarySO.cs(412,27): error CS0246: The type or namespace name 'GeneCategory' could not be found (are you missing a using directive or an assembly reference?)
Assets/ProjectChimera/Data/Genetics/CannabisGeneticsConfigSO.cs(156,51): error CS0246: The type or namespace name 'PlantTrait' could not be found (are you missing a using directive or an assembly reference?)
Assets/ProjectChimera/Data/Genetics/CannabisGeneticsConfigSO.cs(178,49): error CS0246: The type or namespace name 'PlantTrait' could not be found (are you missing a using directive or an assembly reference?)
Assets/ProjectChimera/Data/Genetics/CannabisGeneticsConfigSO.cs(257,21): warning CS0114: 'CannabisGeneticsConfigSO.ResetToDefaults()' hides inherited member 'ChimeraConfigSO.ResetToDefaults()'. To make the current member override that implementation, add the override keyword. Otherwise add the new keyword.
Assets/ProjectChimera/Data/Economy/EconomicDataStructures.cs(1688,21): error CS0246: The type or namespace name 'GeopoliticalEvent' could not be found (are you missing a using directive or an assembly reference?)
Assets/ProjectChimera/Data/Economy/EconomicDataStructures.cs(1697,21): error CS0246: The type or namespace name 'RegulatoryChange' could not be found (are you missing a using directive or an assembly reference?)
Assets/ProjectChimera/Data/Tutorial/TutorialSequenceSO.cs(58,33): warning CS0108: 'TutorialSequenceSO.Category' hides inherited member 'ChimeraDataSO.Category'. Use the new keyword if hiding was intended.
Assets/ProjectChimera/Data/Genetics/CannabisBreedingConfigSO.cs(345,21): warning CS0114: 'CannabisBreedingConfigSO.ResetToDefaults()' hides inherited member 'ChimeraConfigSO.ResetToDefaults()'. To make the current member override that implementation, add the override keyword. Otherwise add the new keyword.
Assets/ProjectChimera/Data/Environment/GxE_ProfileSO.cs(48,21): error CS0246: The type or namespace name 'PlantTrait' could not be found (are you missing a using directive or an assembly reference?)
Assets/ProjectChimera/Data/UI/DashboardLayoutSO.cs(64,23): warning CS0108: 'DashboardLayoutSO.Description' hides inherited member 'ChimeraScriptableObject.Description'. Use the new keyword if hiding was intended.
Assets/ProjectChimera/Data/Environment/GxE_ProfileSO.cs(69,53): error CS0246: The type or namespace name 'PlantTrait' could not be found (are you missing a using directive or an assembly reference?)
Assets/ProjectChimera/Data/Environment/GxE_ProfileSO.cs(69,160): error CS0246: The type or namespace name 'GeneDefinitionSO' could not be found (are you missing a using directive or an assembly reference?)
Assets/ProjectChimera/Data/Environment/GxE_ProfileSO.cs(129,46): error CS0246: The type or namespace name 'PlantTrait' could not be found (are you missing a using directive or an assembly reference?)
Assets/ProjectChimera/Data/Environment/GxE_ProfileSO.cs(158,51): error CS0246: The type or namespace name 'GeneDefinitionSO' could not be found (are you missing a using directive or an assembly reference?)
Assets/ProjectChimera/Data/Environment/GxE_ProfileSO.cs(21,39): error CS0246: The type or namespace name 'PlantTrait' could not be found (are you missing a using directive or an assembly reference?)
Assets/ProjectChimera/Data/Environment/GxE_ProfileSO.cs(233,16): error CS0246: The type or namespace name 'GeneDefinitionSO' could not be found (are you missing a using directive or an assembly reference?)
Assets/ProjectChimera/Data/Environment/GxE_ProfileSO.cs(251,16): error CS0246: The type or namespace name 'PlantTrait' could not be found (are you missing a using directive or an assembly reference?)
Assets/ProjectChimera/Data/Genetics/GenotypeDataSO.cs(108,69): error CS0246: The type or namespace name 'GeneDefinitionSO' could not be found (are you missing a using directive or an assembly reference?)
Assets/ProjectChimera/Data/Genetics/GenotypeDataSO.cs(254,37): error CS0246: The type or namespace name 'GeneDefinitionSO' could not be found (are you missing a using directive or an assembly reference?)
Assets/ProjectChimera/Data/Economy/MarketProductSO.cs(64,32): warning CS0108: 'MarketProductSO.Category' hides inherited member 'ChimeraDataSO.Category'. Use the new keyword if hiding was intended.
Assets/ProjectChimera/Data/Economy/MarketProductSO.cs(66,23): warning CS0108: 'MarketProductSO.Description' hides inherited member 'ChimeraScriptableObject.Description'. Use the new keyword if hiding was intended.
Assets/ProjectChimera/Data/Environment/EnvironmentalStressSO.cs(170,40): error CS0246: The type or namespace name 'PlantTrait' could not be found (are you missing a using directive or an assembly reference?)
Assets/ProjectChimera/Data/Genetics/GenotypeDataSO.cs(299,42): error CS0246: The type or namespace name 'PlantTrait' could not be found (are you missing a using directive or an assembly reference?)
Assets/ProjectChimera/Data/Genetics/MentorshipProgramConfigSO.cs(35,23): warning CS0108: 'MentorshipProgramConfigSO.Description' hides inherited member 'ChimeraScriptableObject.Description'. Use the new keyword if hiding was intended.
Assets/ProjectChimera/Data/Environment/EnvironmentalStressSO.cs(268,16): error CS0246: The type or namespace name 'PlantTrait' could not be found (are you missing a using directive or an assembly reference?)
Assets/ProjectChimera/Data/Genetics/GenotypeDataSO.cs(371,49): error CS0246: The type or namespace name 'GeneDefinitionSO' could not be found (are you missing a using directive or an assembly reference?)
Assets/ProjectChimera/Data/Genetics/GenotypeDataSO.cs(389,22): error CS0246: The type or namespace name 'GeneDefinitionSO' could not be found (are you missing a using directive or an assembly reference?)
Assets/ProjectChimera/Data/Genetics/GenotypeDataSO.cs(396,43): error CS0246: The type or namespace name 'PlantTrait' could not be found (are you missing a using directive or an assembly reference?)
Assets/ProjectChimera/Data/Genetics/GenotypeDataSO.cs(409,45): error CS0246: The type or namespace name 'PlantTrait' could not be found (are you missing a using directive or an assembly reference?)
Assets/ProjectChimera/Data/Genetics/GenotypeDataSO.cs(496,40): error CS0246: The type or namespace name 'PlantTrait' could not be found (are you missing a using directive or an assembly reference?)
Assets/ProjectChimera/Data/Genetics/GenotypeDataSO.cs(489,16): error CS0246: The type or namespace name 'GeneDefinitionSO' could not be found (are you missing a using directive or an assembly reference?)
Assets/ProjectChimera/Data/Genetics/GenotypeDataSO.cs(506,16): error CS0246: The type or namespace name 'GeneDefinitionSO' could not be found (are you missing a using directive or an assembly reference?)
Assets/ProjectChimera/Data/Genetics/GenotypeDataSO.cs(517,16): error CS0246: The type or namespace name 'PlantTrait' could not be found (are you missing a using directive or an assembly reference?)
Assets/ProjectChimera/Data/Genetics/GenotypeDataSO.cs(527,16): error CS0246: The type or namespace name 'PlantTrait' could not be found (are you missing a using directive or an assembly reference?)
Assets/ProjectChimera/Data/UI/UIConfigurationSO.cs(103,23): warning CS0108: 'UIConfigurationSO.Description' hides inherited member 'ChimeraScriptableObject.Description'. Use the new keyword if hiding was intended.
Assets/ProjectChimera/Data/Environment/HVACDataStructures.cs(497,40): warning CS0108: 'FanEquipmentSO.NoiseLevel' hides inherited member 'EquipmentDataSO.NoiseLevel'. Use the new keyword if hiding was intended.
Assets/ProjectChimera/Data/UI/UIDataBindingSO.cs(47,23): warning CS0108: 'UIDataBindingSO.Description' hides inherited member 'ChimeraScriptableObject.Description'. Use the new keyword if hiding was intended.
Assets/ProjectChimera/Data/Environment/LightingDataStructures.cs(447,42): warning CS0108: 'LightingFixtureSO.PowerConsumption' hides inherited member 'EquipmentDataSO.PowerConsumption'. Use the new keyword if hiding was intended.
Assets/ProjectChimera/Data/Equipment/EquipmentDataSO.cs(73,34): warning CS0108: 'EquipmentDataSO.Category' hides inherited member 'ChimeraDataSO.Category'. Use the new keyword if hiding was intended.
Assets/ProjectChimera/Data/Equipment/EquipmentDataSO.cs(75,23): warning CS0108: 'EquipmentDataSO.Description' hides inherited member 'ChimeraScriptableObject.Description'. Use the new keyword if hiding was intended.
Assets/ProjectChimera/Data/Cultivation/EnhancedCultivationGamingConfigSO.cs(79,16): error CS0246: The type or namespace name 'TreeVisualizationConfigSO' could not be found (are you missing a using directive or an assembly reference?)
Assets/ProjectChimera/Data/Cultivation/EnhancedCultivationGamingConfigSO.cs(62,23): warning CS0108: 'EnhancedCultivationGamingConfigSO.Version' hides inherited member 'ChimeraScriptableObject.Version'. Use the new keyword if hiding was intended.
Assets/ProjectChimera/Data/Cultivation/EnhancedCultivationGamingConfigSO.cs(34,34): error CS0246: The type or namespace name 'TreeVisualizationConfigSO' could not be found (are you missing a using directive or an assembly reference?)
Assets/ProjectChimera/Data/Equipment/EquipmentPresetSO.cs(60,31): warning CS0108: 'EquipmentPresetSO.Category' hides inherited member 'ChimeraDataSO.Category'. Use the new keyword if hiding was intended.
Assets/ProjectChimera/Data/Equipment/EquipmentPresetSO.cs(62,23): warning CS0108: 'EquipmentPresetSO.Description' hides inherited member 'ChimeraScriptableObject.Description'. Use the new keyword if hiding was intended.
Assets/ProjectChimera/Data/Narrative/NarrativeEventChannelSO.cs(30,23): warning CS0108: 'NarrativeEventChannelSO.Description' hides inherited member 'ChimeraScriptableObject.Description'. Use the new keyword if hiding was intended.
Assets/ProjectChimera/Data/Narrative/QuestDatabaseSO.cs(96,22): warning CS0114: 'QuestDatabaseSO.OnEnable()' hides inherited member 'ChimeraScriptableObject.OnEnable()'. To make the current member override that implementation, add the override keyword. Otherwise add the new keyword.
Assets/ProjectChimera/Data/Genetics/ScientificAchievementDataStructures.cs(17,6): error CS0579: Duplicate 'System.Serializable' attribute
Assets/ProjectChimera/Data/UI/UIThemeSO.cs(93,23): warning CS0108: 'UIThemeSO.Description' hides inherited member 'ChimeraScriptableObject.Description'. Use the new keyword if hiding was intended.
Assets/ProjectChimera/Data/UI/UIThemeSO.cs(95,30): warning CS0108: 'UIThemeSO.Category' hides inherited member 'ChimeraDataSO.Category'. Use the new keyword if hiding was intended.
Assets/ProjectChimera/Data/Narrative/QuestDatabaseSO.cs(710,23): warning CS0108: 'QuestSO.Description' hides inherited member 'ChimeraScriptableObject.Description'. Use the new keyword if hiding was intended.
Assets/ProjectChimera/Data/Narrative/QuestDatabaseSO.cs(733,23): warning CS0108: 'ObjectiveSO.Description' hides inherited member 'ChimeraScriptableObject.Description'. Use the new keyword if hiding was intended.
Assets/ProjectChimera/Data/Equipment/FacilityComponentSO.cs(71,23): warning CS0108: 'FacilityComponentSO.Description' hides inherited member 'ChimeraScriptableObject.Description'. Use the new keyword if hiding was intended.
Assets/ProjectChimera/Data/Narrative/StoryArcLibrarySO.cs(518,22): warning CS0108: 'DelayedConsequence.DelayTime' hides inherited member 'Consequence.DelayTime'. Use the new keyword if hiding was intended.
Assets/ProjectChimera/Data/Narrative/StoryArcSO.cs(36,23): warning CS0108: 'StoryArcSO.Description' hides inherited member 'ChimeraScriptableObject.Description'. Use the new keyword if hiding was intended.
Assets/ProjectChimera/Data/Narrative/StoryArcSO.cs(37,33): warning CS0108: 'StoryArcSO.Category' hides inherited member 'ChimeraDataSO.Category'. Use the new keyword if hiding was intended.
Assets/ProjectChimera/Data/Events/CannabisHolidaySO.cs(54,23): warning CS0108: 'CannabisHolidaySO.Description' hides inherited member 'ChimeraScriptableObject.Description'. Use the new keyword if hiding was intended.
Assets/ProjectChimera/Data/Narrative/StoryBeatSO.cs(31,23): warning CS0108: 'StoryBeatSO.Description' hides inherited member 'ChimeraScriptableObject.Description'. Use the new keyword if hiding was intended.
Assets/ProjectChimera/Data/Narrative/StoryCategorySO.cs(42,23): warning CS0108: 'StoryCategorySO.Description' hides inherited member 'ChimeraScriptableObject.Description'. Use the new keyword if hiding was intended.
Assets/ProjectChimera/Data/Events/CommunityChallengeSO.cs(106,23): warning CS0108: 'CommunityChallengeSO.Description' hides inherited member 'ChimeraScriptableObject.Description'. Use the new keyword if hiding was intended.
Assets/ProjectChimera/Data/Narrative/StoryChapterSO.cs(42,23): warning CS0108: 'StoryChapterSO.Description' hides inherited member 'ChimeraScriptableObject.Description'. Use the new keyword if hiding was intended.
Assets/ProjectChimera/Data/Narrative/StoryChoiceSO.cs(28,23): warning CS0108: 'StoryChoiceSO.Description' hides inherited member 'ChimeraScriptableObject.Description'. Use the new keyword if hiding was intended.
Assets/ProjectChimera/Data/Narrative/StoryChoiceOptionSO.cs(52,23): warning CS0108: 'StoryChoiceOptionSO.Description' hides inherited member 'ChimeraScriptableObject.Description'. Use the new keyword if hiding was intended.
Assets/ProjectChimera/Data/Narrative/StoryDatabaseSO.cs(88,22): warning CS0114: 'StoryDatabaseSO.OnEnable()' hides inherited member 'ChimeraScriptableObject.OnEnable()'. To make the current member override that implementation, add the override keyword. Otherwise add the new keyword.
Assets/ProjectChimera/Data/Events/GameEventChannelSO.cs(20,30): warning CS0108: 'GameEventChannelSO.Category' hides inherited member 'ChimeraDataSO.Category'. Use the new keyword if hiding was intended.
Assets/ProjectChimera/Data/Events/GameEventChannelSO.cs(235,32): warning CS0114: 'GameEventChannelSO.OnValidate()' hides inherited member 'ChimeraScriptableObject.OnValidate()'. To make the current member override that implementation, add the override keyword. Otherwise add the new keyword.
Assets/ProjectChimera/Data/Narrative/StoryEventSO.cs(42,23): warning CS0108: 'StoryEventSO.Description' hides inherited member 'ChimeraScriptableObject.Description'. Use the new keyword if hiding was intended.
Assets/ProjectChimera/Data/Narrative/StoryTagSO.cs(42,23): warning CS0108: 'StoryTagSO.Description' hides inherited member 'ChimeraScriptableObject.Description'. Use the new keyword if hiding was intended.
Assets/ProjectChimera/Data/Narrative/StoryThemeSO.cs(49,23): warning CS0108: 'StoryThemeSO.Description' hides inherited member 'ChimeraScriptableObject.Description'. Use the new keyword if hiding was intended.
Assets/ProjectChimera/Data/Events/GlobalCompetitionEventSO.cs(84,23): warning CS0108: 'GlobalCompetitionEventSO.Description' hides inherited member 'ChimeraScriptableObject.Description'. Use the new keyword if hiding was intended.
Assets/ProjectChimera/Data/Events/MissingEventTypes.cs(148,23): warning CS0108: 'WeatherEventSO.Description' hides inherited member 'ChimeraScriptableObject.Description'. Use the new keyword if hiding was intended.
Assets/ProjectChimera/Data/Events/MissingEventTypes.cs(180,23): warning CS0108: 'ParticipationRequirementSO.Description' hides inherited member 'ChimeraScriptableObject.Description'. Use the new keyword if hiding was intended.
Assets/ProjectChimera/Data/Events/MissingEventTypes.cs(284,23): warning CS0108: 'CompetitionCategorySO.Description' hides inherited member 'ChimeraScriptableObject.Description'. Use the new keyword if hiding was intended.
Assets/ProjectChimera/Data/Events/MissingEventTypes.cs(384,23): warning CS0108: 'SpecialRecognitionSO.Description' hides inherited member 'ChimeraScriptableObject.Description'. Use the new keyword if hiding was intended.
Assets/ProjectChimera/Data/Events/MissingEventTypes.cs(405,23): warning CS0108: 'EducationalContentSO.Description' hides inherited member 'ChimeraScriptableObject.Description'. Use the new keyword if hiding was intended.
Assets/ProjectChimera/Data/Events/MissingEventTypes.cs(516,23): warning CS0108: 'GlobalEventTemplateSO.Description' hides inherited member 'ChimeraScriptableObject.Description'. Use the new keyword if hiding was intended.
Assets/ProjectChimera/Data/Progression/AchievementSO.cs(58,23): warning CS0108: 'AchievementSO.Description' hides inherited member 'ChimeraScriptableObject.Description'. Use the new keyword if hiding was intended.
Assets/ProjectChimera/Data/Progression/AchievementSO.cs(61,36): warning CS0108: 'AchievementSO.Category' hides inherited member 'ChimeraDataSO.Category'. Use the new keyword if hiding was intended.
Assets/ProjectChimera/Data/Events/MissingEventTypes.cs(560,23): warning CS0108: 'HistoricalEventSO.Description' hides inherited member 'ChimeraScriptableObject.Description'. Use the new keyword if hiding was intended.
Assets/ProjectChimera/Data/Events/MissingEventTypes.cs(60,23): warning CS0108: 'LimitedReleaseEventSO.Description' hides inherited member 'ChimeraScriptableObject.Description'. Use the new keyword if hiding was intended.
Assets/ProjectChimera/Data/Events/LiveEventChannelSO.cs(56,23): warning CS0108: 'LiveEventChannelSO.Description' hides inherited member 'ChimeraScriptableObject.Description'. Use the new keyword if hiding was intended.
Assets/ProjectChimera/Data/Events/LiveEventChannelSO.cs(63,22): warning CS0114: 'LiveEventChannelSO.OnEnable()' hides inherited member 'ChimeraScriptableObject.OnEnable()'. To make the current member override that implementation, add the override keyword. Otherwise add the new keyword.
Assets/ProjectChimera/Data/Events/CulturalEventSO.cs(62,23): warning CS0108: 'CulturalEventSO.Description' hides inherited member 'ChimeraScriptableObject.Description'. Use the new keyword if hiding was intended.
Assets/ProjectChimera/Data/Events/MissingEventTypes.cs(93,23): warning CS0108: 'CrisisEventTemplateSO.Description' hides inherited member 'ChimeraScriptableObject.Description'. Use the new keyword if hiding was intended.
Assets/ProjectChimera/Data/Events/MissingEventTypes.cs(124,23): warning CS0108: 'EmergencyResponseSO.Description' hides inherited member 'ChimeraScriptableObject.Description'. Use the new keyword if hiding was intended.
Assets/ProjectChimera/Data/Events/DiscoveryEventSO.cs(48,23): warning CS0108: 'DiscoveryEventSO.Description' hides inherited member 'ChimeraScriptableObject.Description'. Use the new keyword if hiding was intended.
Assets/ProjectChimera/Data/Events/RewardTemplateSO.cs(29,23): warning CS0108: 'RewardTemplateSO.Description' hides inherited member 'ChimeraScriptableObject.Description'. Use the new keyword if hiding was intended.
Assets/ProjectChimera/Data/Events/EventCategorySO.cs(28,23): warning CS0108: 'EventCategorySO.Description' hides inherited member 'ChimeraScriptableObject.Description'. Use the new keyword if hiding was intended.
Assets/ProjectChimera/Data/Events/GlobalEventChannelSO.cs(61,23): warning CS0108: 'GlobalEventChannelSO.Description' hides inherited member 'ChimeraScriptableObject.Description'. Use the new keyword if hiding was intended.
Assets/ProjectChimera/Data/Events/SeasonalEventSO.cs(44,23): warning CS0108: 'SeasonalEventSO.Description' hides inherited member 'ChimeraScriptableObject.Description'. Use the new keyword if hiding was intended.
Assets/ProjectChimera/Data/Events/EventDatabaseSO.cs(69,22): warning CS0114: 'EventDatabaseSO.OnEnable()' hides inherited member 'ChimeraScriptableObject.OnEnable()'. To make the current member override that implementation, add the override keyword. Otherwise add the new keyword.
Assets/ProjectChimera/Data/Progression/SkillTreeSO.cs(43,23): warning CS0108: 'SkillTreeSO.Description' hides inherited member 'ChimeraScriptableObject.Description'. Use the new keyword if hiding was intended.
Assets/ProjectChimera/Data/Progression/SkillTreeSO.cs(45,30): warning CS0108: 'SkillTreeSO.Category' hides inherited member 'ChimeraDataSO.Category'. Use the new keyword if hiding was intended.
Assets/ProjectChimera/Data/Events/SeasonalContentLibrarySO.cs(70,22): warning CS0114: 'SeasonalContentLibrarySO.OnEnable()' hides inherited member 'ChimeraScriptableObject.OnEnable()'. To make the current member override that implementation, add the override keyword. Otherwise add the new keyword.
Assets/ProjectChimera/Data/Progression/SkillNodeLibrarySO.cs(29,59): error CS0246: The type or namespace name 'SkillCategory' could not be found (are you missing a using directive or an assembly reference?)
Assets/ProjectChimera/Data/Facilities/FacilityConfigSO.cs(49,23): warning CS0108: 'FacilityConfigSO.Description' hides inherited member 'ChimeraScriptableObject.Description'. Use the new keyword if hiding was intended.
Assets/ProjectChimera/Data/Facilities/FacilityEquipmentDataSO.cs(68,34): warning CS0108: 'FacilityEquipmentDataSO.Category' hides inherited member 'ChimeraDataSO.Category'. Use the new keyword if hiding was intended.
Assets/ProjectChimera/Data/Facilities/FacilityEquipmentDataSO.cs(71,23): warning CS0108: 'FacilityEquipmentDataSO.Description' hides inherited member 'ChimeraScriptableObject.Description'. Use the new keyword if hiding was intended.

Assets/ProjectChimera/Core/ChimeraConfigSO.cs(79,24): warning CS0108: 'ChimeraConfigSO.LogWarning(string)' hides inherited member 'ChimeraScriptableObject.LogWarning(string)'. Use the new keyword if hiding was intended.
Assets/ProjectChimera/Core/ChimeraConfigSO.cs(88,24): warning CS0108: 'ChimeraConfigSO.LogError(string)' hides inherited member 'ChimeraScriptableObject.LogError(string)'. Use the new keyword if hiding was intended.
Assets/ProjectChimera/Core/ChimeraDataSO.cs(52,24): warning CS0108: 'ChimeraDataSO.LogWarning(string)' hides inherited member 'ChimeraScriptableObject.LogWarning(string)'. Use the new keyword if hiding was intended.
Assets/ProjectChimera/Core/ChimeraDataSO.cs(61,24): warning CS0108: 'ChimeraDataSO.LogError(string)' hides inherited member 'ChimeraScriptableObject.LogError(string)'. Use the new keyword if hiding was intended.
Assets/ProjectChimera/Core/GameManager.cs(259,18): warning CS0114: 'GameManager.GetManager<T>()' hides inherited member 'ChimeraManager.GetManager<T>()'. To make the current member override that implementation, add the override keyword. Otherwise add the new keyword.
Assets/ProjectChimera/Core/ChimeraManager.cs(73,52): warning CS0067: The event 'ChimeraManager.OnPlantAdded' is never used
Assets/ProjectChimera/Core/ChimeraManager.cs(78,52): warning CS0067: The event 'ChimeraManager.OnSaleCompleted' is never used
Assets/ProjectChimera/Core/ChimeraManager.cs(77,52): warning CS0067: The event 'ChimeraManager.OnResearchStarted' is never used
Assets/ProjectChimera/Core/ChimeraManager.cs(66,52): warning CS0067: The event 'ChimeraManager.OnProjectStartedObject' is never used
Assets/ProjectChimera/Core/ChimeraManager.cs(70,52): warning CS0067: The event 'ChimeraManager.OnAlertTriggeredObject' is never used
Assets/ProjectChimera/Core/ChimeraManager.cs(81,52): warning CS0067: The event 'ChimeraManager.OnConstructionIssue' is never used
Assets/ProjectChimera/Core/ChimeraManager.cs(68,52): warning CS0067: The event 'ChimeraManager.OnConstructionIssueObject' is never used
Assets/ProjectChimera/Core/ChimeraManager.cs(75,52): warning CS0067: The event 'ChimeraManager.OnPlantStageChanged' is never used
Assets/ProjectChimera/Core/ChimeraManager.cs(69,52): warning CS0067: The event 'ChimeraManager.OnConditionsChangedObject' is never used
Assets/ProjectChimera/Core/ChimeraManager.cs(62,52): warning CS0067: The event 'ChimeraManager.OnPlantStageChangedObject' is never used
Assets/ProjectChimera/Core/ChimeraManager.cs(63,52): warning CS0067: The event 'ChimeraManager.OnResearchCompletedObject' is never used
Assets/ProjectChimera/Core/ChimeraManager.cs(76,52): warning CS0067: The event 'ChimeraManager.OnResearchCompleted' is never used
Assets/ProjectChimera/Core/ChimeraManager.cs(67,52): warning CS0067: The event 'ChimeraManager.OnProjectCompletedObject' is never used
Assets/ProjectChimera/Core/ChimeraManager.cs(74,52): warning CS0067: The event 'ChimeraManager.OnPlantHarvested' is never used
Assets/ProjectChimera/Core/ChimeraManager.cs(61,52): warning CS0067: The event 'ChimeraManager.OnPlantHarvestedObject' is never used
Assets/ProjectChimera/Core/ChimeraManager.cs(64,52): warning CS0067: The event 'ChimeraManager.OnResearchStartedObject' is never used
Assets/ProjectChimera/Core/ChimeraManager.cs(80,52): warning CS0067: The event 'ChimeraManager.OnProjectCompleted' is never used
Assets/ProjectChimera/Core/ChimeraManager.cs(79,52): warning CS0067: The event 'ChimeraManager.OnProjectStarted' is never used
Assets/ProjectChimera/Core/ChimeraManager.cs(65,52): warning CS0067: The event 'ChimeraManager.OnSaleCompletedObject' is never used
Assets/ProjectChimera/Core/ChimeraManager.cs(60,52): warning CS0067: The event 'ChimeraManager.OnPlantDeletedObject' is never used
Assets/ProjectChimera/Core/ChimeraManager.cs(59,52): warning CS0067: The event 'ChimeraManager.OnMarketConditionsChanged' is never used
Assets/ProjectChimera/Data/Cultivation/PlantInstanceSO.cs(4,22): error CS0234: The type or namespace name 'Systems' does not exist in the namespace 'ProjectChimera' (are you missing an assembly reference?)
Assets/ProjectChimera/Data/Environment/LightingDataStructures.cs(5,7): warning CS0105: The using directive for 'UnityEngine' appeared previously in this namespace
Assets/ProjectChimera/Data/Genetics/ScientificAchievementDataStructures.cs(18,18): error CS0101: The namespace 'ProjectChimera.Data.Genetics' already contains a definition for 'ScientificAchievement'
Assets/ProjectChimera/Data/Genetics/CannabisBreedingConfigSO.cs(362,17): error CS0101: The namespace 'ProjectChimera.Data.Genetics' already contains a definition for 'BreedingObjective'
Assets/ProjectChimera/Data/Genetics/ScientificGamingEnums.cs(53,17): error CS0101: The namespace 'ProjectChimera.Data.Genetics' already contains a definition for 'DifficultyLevel'
Assets/ProjectChimera/Data/Genetics/ScientificGamingEnums.cs(92,17): error CS0101: The namespace 'ProjectChimera.Data.Genetics' already contains a definition for 'BreedingChallengeType'
Assets/ProjectChimera/Data/Progression/SkillNodeLibrarySO.cs(72,16): error CS0246: The type or namespace name 'SkillCategory' could not be found (are you missing a using directive or an assembly reference?)
Assets/ProjectChimera/Data/Progression/TreeSkillProgressionConfigSO.cs(80,16): error CS0246: The type or namespace name 'SkillCategory' could not be found (are you missing a using directive or an assembly reference?)
Assets/ProjectChimera/Data/Economy/ContractSO.cs(67,33): warning CS0108: 'ContractSO.Category' hides inherited member 'ChimeraDataSO.Category'. Use the new keyword if hiding was intended.
Assets/ProjectChimera/Data/Economy/ContractSO.cs(68,23): warning CS0108: 'ContractSO.Description' hides inherited member 'ChimeraScriptableObject.Description'. Use the new keyword if hiding was intended.
Assets/ProjectChimera/Data/Genetics/AlleleSO.cs(75,16): error CS0246: The type or namespace name 'GeneDefinitionSO' could not be found (are you missing a using directive or an assembly reference?)
Assets/ProjectChimera/Data/Genetics/AlleleSO.cs(150,43): error CS0246: The type or namespace name 'PlantTrait' could not be found (are you missing a using directive or an assembly reference?)
Assets/ProjectChimera/Data/Genetics/AlleleSO.cs(193,120): error CS0246: The type or namespace name 'EnvironmentalFactor' could not be found (are you missing a using directive or an assembly reference?)
Assets/ProjectChimera/Data/Genetics/AlleleSO.cs(227,41): error CS0246: The type or namespace name 'PlantTrait' could not be found (are you missing a using directive or an assembly reference?)
Assets/ProjectChimera/Data/Genetics/AlleleSO.cs(15,34): error CS0246: The type or namespace name 'GeneDefinitionSO' could not be found (are you missing a using directive or an assembly reference?)
Assets/ProjectChimera/Data/Narrative/CharacterEventChannelSO.cs(19,49): warning CS0108: 'CharacterEventChannelSO.OnEventRaised' hides inherited member 'GameEventSO<CharacterEventData>.OnEventRaised'. Use the new keyword if hiding was intended.
Assets/ProjectChimera/Data/Genetics/AlleleSO.cs(314,16): error CS0246: The type or namespace name 'PlantTrait' could not be found (are you missing a using directive or an assembly reference?)
Assets/ProjectChimera/Data/Genetics/CannabisGeneLibrarySO.cs(38,21): error CS0246: The type or namespace name 'GeneDefinitionSO' could not be found (are you missing a using directive or an assembly reference?)
Assets/ProjectChimera/Data/Genetics/CannabisGeneLibrarySO.cs(76,21): error CS0246: The type or namespace name 'GeneDefinitionSO' could not be found (are you missing a using directive or an assembly reference?)
Assets/ProjectChimera/Data/Genetics/AlleleSO.cs(323,16): error CS0246: The type or namespace name 'EnvironmentalFactor' could not be found (are you missing a using directive or an assembly reference?)
Assets/ProjectChimera/Data/Genetics/CannabisGeneLibrarySO.cs(84,16): error CS0246: The type or namespace name 'GeneDefinitionSO' could not be found (are you missing a using directive or an assembly reference?)
Assets/ProjectChimera/Data/Genetics/AlleleSO.cs(333,16): error CS0246: The type or namespace name 'PlantTrait' could not be found (are you missing a using directive or an assembly reference?)
Assets/ProjectChimera/Data/Genetics/CannabisGeneLibrarySO.cs(96,58): error CS0246: The type or namespace name 'GeneCategory' could not be found (are you missing a using directive or an assembly reference?)
Assets/ProjectChimera/Data/Genetics/CannabisGeneLibrarySO.cs(96,21): error CS0246: The type or namespace name 'GeneDefinitionSO' could not be found (are you missing a using directive or an assembly reference?)
Assets/ProjectChimera/Data/Genetics/CannabisGeneLibrarySO.cs(108,21): error CS0246: The type or namespace name 'GeneDefinitionSO' could not be found (are you missing a using directive or an assembly reference?)
Assets/ProjectChimera/Data/Genetics/CannabisGeneLibrarySO.cs(140,29): error CS0246: The type or namespace name 'GeneDefinitionSO' could not be found (are you missing a using directive or an assembly reference?)
Assets/ProjectChimera/Data/Genetics/CannabisGeneLibrarySO.cs(196,21): error CS0246: The type or namespace name 'GeneDefinitionSO' could not be found (are you missing a using directive or an assembly reference?)
Assets/ProjectChimera/Data/Genetics/CannabisGeneLibrarySO.cs(210,21): error CS0246: The type or namespace name 'GeneDefinitionSO' could not be found (are you missing a using directive or an assembly reference?)
Assets/ProjectChimera/Data/Genetics/CannabisGeneLibrarySO.cs(228,21): error CS0246: The type or namespace name 'GeneDefinitionSO' could not be found (are you missing a using directive or an assembly reference?)
Assets/ProjectChimera/Data/Genetics/CannabisGeneLibrarySO.cs(16,39): error CS0246: The type or namespace name 'GeneDefinitionSO' could not be found (are you missing a using directive or an assembly reference?)
Assets/ProjectChimera/Data/Genetics/CannabisGeneLibrarySO.cs(26,39): error CS0246: The type or namespace name 'GeneCategory' could not be found (are you missing a using directive or an assembly reference?)
Assets/ProjectChimera/Data/Genetics/CannabisGeneLibrarySO.cs(29,36): error CS0246: The type or namespace name 'GeneDefinitionSO' could not be found (are you missing a using directive or an assembly reference?)
Assets/ProjectChimera/Data/Genetics/CannabisGeneLibrarySO.cs(30,41): error CS0246: The type or namespace name 'GeneDefinitionSO' could not be found (are you missing a using directive or an assembly reference?)
Assets/ProjectChimera/Data/Genetics/CannabisGeneLibrarySO.cs(31,43): error CS0246: The type or namespace name 'GeneDefinitionSO' could not be found (are you missing a using directive or an assembly reference?)
Assets/ProjectChimera/Data/Genetics/CannabisGeneLibrarySO.cs(412,27): error CS0246: The type or namespace name 'GeneCategory' could not be found (are you missing a using directive or an assembly reference?)
Assets/ProjectChimera/Data/Genetics/CannabisGeneticsConfigSO.cs(156,51): error CS0246: The type or namespace name 'PlantTrait' could not be found (are you missing a using directive or an assembly reference?)
Assets/ProjectChimera/Data/Genetics/CannabisGeneticsConfigSO.cs(178,49): error CS0246: The type or namespace name 'PlantTrait' could not be found (are you missing a using directive or an assembly reference?)
Assets/ProjectChimera/Data/Genetics/CannabisGeneticsConfigSO.cs(257,21): warning CS0114: 'CannabisGeneticsConfigSO.ResetToDefaults()' hides inherited member 'ChimeraConfigSO.ResetToDefaults()'. To make the current member override that implementation, add the override keyword. Otherwise add the new keyword.
Assets/ProjectChimera/Data/Economy/EconomicDataStructures.cs(1688,21): error CS0246: The type or namespace name 'GeopoliticalEvent' could not be found (are you missing a using directive or an assembly reference?)
Assets/ProjectChimera/Data/Economy/EconomicDataStructures.cs(1697,21): error CS0246: The type or namespace name 'RegulatoryChange' could not be found (are you missing a using directive or an assembly reference?)
Assets/ProjectChimera/Data/Tutorial/TutorialSequenceSO.cs(58,33): warning CS0108: 'TutorialSequenceSO.Category' hides inherited member 'ChimeraDataSO.Category'. Use the new keyword if hiding was intended.
Assets/ProjectChimera/Data/Genetics/CannabisBreedingConfigSO.cs(345,21): warning CS0114: 'CannabisBreedingConfigSO.ResetToDefaults()' hides inherited member 'ChimeraConfigSO.ResetToDefaults()'. To make the current member override that implementation, add the override keyword. Otherwise add the new keyword.
Assets/ProjectChimera/Data/Environment/GxE_ProfileSO.cs(48,21): error CS0246: The type or namespace name 'PlantTrait' could not be found (are you missing a using directive or an assembly reference?)
Assets/ProjectChimera/Data/UI/DashboardLayoutSO.cs(64,23): warning CS0108: 'DashboardLayoutSO.Description' hides inherited member 'ChimeraScriptableObject.Description'. Use the new keyword if hiding was intended.
Assets/ProjectChimera/Data/Environment/GxE_ProfileSO.cs(69,53): error CS0246: The type or namespace name 'PlantTrait' could not be found (are you missing a using directive or an assembly reference?)
Assets/ProjectChimera/Data/Environment/GxE_ProfileSO.cs(69,160): error CS0246: The type or namespace name 'GeneDefinitionSO' could not be found (are you missing a using directive or an assembly reference?)
Assets/ProjectChimera/Data/Environment/GxE_ProfileSO.cs(129,46): error CS0246: The type or namespace name 'PlantTrait' could not be found (are you missing a using directive or an assembly reference?)
Assets/ProjectChimera/Data/Environment/GxE_ProfileSO.cs(158,51): error CS0246: The type or namespace name 'GeneDefinitionSO' could not be found (are you missing a using directive or an assembly reference?)
Assets/ProjectChimera/Data/Environment/GxE_ProfileSO.cs(21,39): error CS0246: The type or namespace name 'PlantTrait' could not be found (are you missing a using directive or an assembly reference?)
Assets/ProjectChimera/Data/Environment/GxE_ProfileSO.cs(233,16): error CS0246: The type or namespace name 'GeneDefinitionSO' could not be found (are you missing a using directive or an assembly reference?)
Assets/ProjectChimera/Data/Environment/GxE_ProfileSO.cs(251,16): error CS0246: The type or namespace name 'PlantTrait' could not be found (are you missing a using directive or an assembly reference?)
Assets/ProjectChimera/Data/Genetics/GenotypeDataSO.cs(108,69): error CS0246: The type or namespace name 'GeneDefinitionSO' could not be found (are you missing a using directive or an assembly reference?)
Assets/ProjectChimera/Data/Genetics/GenotypeDataSO.cs(254,37): error CS0246: The type or namespace name 'GeneDefinitionSO' could not be found (are you missing a using directive or an assembly reference?)
Assets/ProjectChimera/Data/Economy/MarketProductSO.cs(64,32): warning CS0108: 'MarketProductSO.Category' hides inherited member 'ChimeraDataSO.Category'. Use the new keyword if hiding was intended.
Assets/ProjectChimera/Data/Economy/MarketProductSO.cs(66,23): warning CS0108: 'MarketProductSO.Description' hides inherited member 'ChimeraScriptableObject.Description'. Use the new keyword if hiding was intended.
Assets/ProjectChimera/Data/Environment/EnvironmentalStressSO.cs(170,40): error CS0246: The type or namespace name 'PlantTrait' could not be found (are you missing a using directive or an assembly reference?)
Assets/ProjectChimera/Data/Genetics/GenotypeDataSO.cs(299,42): error CS0246: The type or namespace name 'PlantTrait' could not be found (are you missing a using directive or an assembly reference?)
Assets/ProjectChimera/Data/Genetics/MentorshipProgramConfigSO.cs(35,23): warning CS0108: 'MentorshipProgramConfigSO.Description' hides inherited member 'ChimeraScriptableObject.Description'. Use the new keyword if hiding was intended.
Assets/ProjectChimera/Data/Environment/EnvironmentalStressSO.cs(268,16): error CS0246: The type or namespace name 'PlantTrait' could not be found (are you missing a using directive or an assembly reference?)
Assets/ProjectChimera/Data/Genetics/GenotypeDataSO.cs(371,49): error CS0246: The type or namespace name 'GeneDefinitionSO' could not be found (are you missing a using directive or an assembly reference?)
Assets/ProjectChimera/Data/Genetics/GenotypeDataSO.cs(389,22): error CS0246: The type or namespace name 'GeneDefinitionSO' could not be found (are you missing a using directive or an assembly reference?)
Assets/ProjectChimera/Data/Genetics/GenotypeDataSO.cs(396,43): error CS0246: The type or namespace name 'PlantTrait' could not be found (are you missing a using directive or an assembly reference?)
Assets/ProjectChimera/Data/Genetics/GenotypeDataSO.cs(409,45): error CS0246: The type or namespace name 'PlantTrait' could not be found (are you missing a using directive or an assembly reference?)
Assets/ProjectChimera/Data/Genetics/GenotypeDataSO.cs(496,40): error CS0246: The type or namespace name 'PlantTrait' could not be found (are you missing a using directive or an assembly reference?)
Assets/ProjectChimera/Data/Genetics/GenotypeDataSO.cs(489,16): error CS0246: The type or namespace name 'GeneDefinitionSO' could not be found (are you missing a using directive or an assembly reference?)
Assets/ProjectChimera/Data/Genetics/GenotypeDataSO.cs(506,16): error CS0246: The type or namespace name 'GeneDefinitionSO' could not be found (are you missing a using directive or an assembly reference?)
Assets/ProjectChimera/Data/Genetics/GenotypeDataSO.cs(517,16): error CS0246: The type or namespace name 'PlantTrait' could not be found (are you missing a using directive or an assembly reference?)
Assets/ProjectChimera/Data/Genetics/GenotypeDataSO.cs(527,16): error CS0246: The type or namespace name 'PlantTrait' could not be found (are you missing a using directive or an assembly reference?)
Assets/ProjectChimera/Data/UI/UIConfigurationSO.cs(103,23): warning CS0108: 'UIConfigurationSO.Description' hides inherited member 'ChimeraScriptableObject.Description'. Use the new keyword if hiding was intended.
Assets/ProjectChimera/Data/Environment/HVACDataStructures.cs(497,40): warning CS0108: 'FanEquipmentSO.NoiseLevel' hides inherited member 'EquipmentDataSO.NoiseLevel'. Use the new keyword if hiding was intended.
Assets/ProjectChimera/Data/UI/UIDataBindingSO.cs(47,23): warning CS0108: 'UIDataBindingSO.Description' hides inherited member 'ChimeraScriptableObject.Description'. Use the new keyword if hiding was intended.
Assets/ProjectChimera/Data/Environment/LightingDataStructures.cs(447,42): warning CS0108: 'LightingFixtureSO.PowerConsumption' hides inherited member 'EquipmentDataSO.PowerConsumption'. Use the new keyword if hiding was intended.
Assets/ProjectChimera/Data/Equipment/EquipmentDataSO.cs(73,34): warning CS0108: 'EquipmentDataSO.Category' hides inherited member 'ChimeraDataSO.Category'. Use the new keyword if hiding was intended.
Assets/ProjectChimera/Data/Equipment/EquipmentDataSO.cs(75,23): warning CS0108: 'EquipmentDataSO.Description' hides inherited member 'ChimeraScriptableObject.Description'. Use the new keyword if hiding was intended.
Assets/ProjectChimera/Data/Cultivation/EnhancedCultivationGamingConfigSO.cs(79,16): error CS0246: The type or namespace name 'TreeVisualizationConfigSO' could not be found (are you missing a using directive or an assembly reference?)
Assets/ProjectChimera/Data/Cultivation/EnhancedCultivationGamingConfigSO.cs(62,23): warning CS0108: 'EnhancedCultivationGamingConfigSO.Version' hides inherited member 'ChimeraScriptableObject.Version'. Use the new keyword if hiding was intended.
Assets/ProjectChimera/Data/Cultivation/EnhancedCultivationGamingConfigSO.cs(34,34): error CS0246: The type or namespace name 'TreeVisualizationConfigSO' could not be found (are you missing a using directive or an assembly reference?)
Assets/ProjectChimera/Data/Equipment/EquipmentPresetSO.cs(60,31): warning CS0108: 'EquipmentPresetSO.Category' hides inherited member 'ChimeraDataSO.Category'. Use the new keyword if hiding was intended.
Assets/ProjectChimera/Data/Equipment/EquipmentPresetSO.cs(62,23): warning CS0108: 'EquipmentPresetSO.Description' hides inherited member 'ChimeraScriptableObject.Description'. Use the new keyword if hiding was intended.
Assets/ProjectChimera/Data/Narrative/NarrativeEventChannelSO.cs(30,23): warning CS0108: 'NarrativeEventChannelSO.Description' hides inherited member 'ChimeraScriptableObject.Description'. Use the new keyword if hiding was intended.
Assets/ProjectChimera/Data/Narrative/QuestDatabaseSO.cs(96,22): warning CS0114: 'QuestDatabaseSO.OnEnable()' hides inherited member 'ChimeraScriptableObject.OnEnable()'. To make the current member override that implementation, add the override keyword. Otherwise add the new keyword.
Assets/ProjectChimera/Data/Genetics/ScientificAchievementDataStructures.cs(17,6): error CS0579: Duplicate 'System.Serializable' attribute
Assets/ProjectChimera/Data/UI/UIThemeSO.cs(93,23): warning CS0108: 'UIThemeSO.Description' hides inherited member 'ChimeraScriptableObject.Description'. Use the new keyword if hiding was intended.
Assets/ProjectChimera/Data/UI/UIThemeSO.cs(95,30): warning CS0108: 'UIThemeSO.Category' hides inherited member 'ChimeraDataSO.Category'. Use the new keyword if hiding was intended.
Assets/ProjectChimera/Data/Narrative/QuestDatabaseSO.cs(710,23): warning CS0108: 'QuestSO.Description' hides inherited member 'ChimeraScriptableObject.Description'. Use the new keyword if hiding was intended.
Assets/ProjectChimera/Data/Narrative/QuestDatabaseSO.cs(733,23): warning CS0108: 'ObjectiveSO.Description' hides inherited member 'ChimeraScriptableObject.Description'. Use the new keyword if hiding was intended.
Assets/ProjectChimera/Data/Equipment/FacilityComponentSO.cs(71,23): warning CS0108: 'FacilityComponentSO.Description' hides inherited member 'ChimeraScriptableObject.Description'. Use the new keyword if hiding was intended.
Assets/ProjectChimera/Data/Narrative/StoryArcLibrarySO.cs(518,22): warning CS0108: 'DelayedConsequence.DelayTime' hides inherited member 'Consequence.DelayTime'. Use the new keyword if hiding was intended.
Assets/ProjectChimera/Data/Narrative/StoryArcSO.cs(36,23): warning CS0108: 'StoryArcSO.Description' hides inherited member 'ChimeraScriptableObject.Description'. Use the new keyword if hiding was intended.
Assets/ProjectChimera/Data/Narrative/StoryArcSO.cs(37,33): warning CS0108: 'StoryArcSO.Category' hides inherited member 'ChimeraDataSO.Category'. Use the new keyword if hiding was intended.
Assets/ProjectChimera/Data/Events/CannabisHolidaySO.cs(54,23): warning CS0108: 'CannabisHolidaySO.Description' hides inherited member 'ChimeraScriptableObject.Description'. Use the new keyword if hiding was intended.
Assets/ProjectChimera/Data/Narrative/StoryBeatSO.cs(31,23): warning CS0108: 'StoryBeatSO.Description' hides inherited member 'ChimeraScriptableObject.Description'. Use the new keyword if hiding was intended.
Assets/ProjectChimera/Data/Narrative/StoryCategorySO.cs(42,23): warning CS0108: 'StoryCategorySO.Description' hides inherited member 'ChimeraScriptableObject.Description'. Use the new keyword if hiding was intended.
Assets/ProjectChimera/Data/Events/CommunityChallengeSO.cs(106,23): warning CS0108: 'CommunityChallengeSO.Description' hides inherited member 'ChimeraScriptableObject.Description'. Use the new keyword if hiding was intended.
Assets/ProjectChimera/Data/Narrative/StoryChapterSO.cs(42,23): warning CS0108: 'StoryChapterSO.Description' hides inherited member 'ChimeraScriptableObject.Description'. Use the new keyword if hiding was intended.
Assets/ProjectChimera/Data/Narrative/StoryChoiceSO.cs(28,23): warning CS0108: 'StoryChoiceSO.Description' hides inherited member 'ChimeraScriptableObject.Description'. Use the new keyword if hiding was intended.
Assets/ProjectChimera/Data/Narrative/StoryChoiceOptionSO.cs(52,23): warning CS0108: 'StoryChoiceOptionSO.Description' hides inherited member 'ChimeraScriptableObject.Description'. Use the new keyword if hiding was intended.
Assets/ProjectChimera/Data/Narrative/StoryDatabaseSO.cs(88,22): warning CS0114: 'StoryDatabaseSO.OnEnable()' hides inherited member 'ChimeraScriptableObject.OnEnable()'. To make the current member override that implementation, add the override keyword. Otherwise add the new keyword.
Assets/ProjectChimera/Data/Events/GameEventChannelSO.cs(20,30): warning CS0108: 'GameEventChannelSO.Category' hides inherited member 'ChimeraDataSO.Category'. Use the new keyword if hiding was intended.
Assets/ProjectChimera/Data/Events/GameEventChannelSO.cs(235,32): warning CS0114: 'GameEventChannelSO.OnValidate()' hides inherited member 'ChimeraScriptableObject.OnValidate()'. To make the current member override that implementation, add the override keyword. Otherwise add the new keyword.
Assets/ProjectChimera/Data/Narrative/StoryEventSO.cs(42,23): warning CS0108: 'StoryEventSO.Description' hides inherited member 'ChimeraScriptableObject.Description'. Use the new keyword if hiding was intended.
Assets/ProjectChimera/Data/Narrative/StoryTagSO.cs(42,23): warning CS0108: 'StoryTagSO.Description' hides inherited member 'ChimeraScriptableObject.Description'. Use the new keyword if hiding was intended.
Assets/ProjectChimera/Data/Narrative/StoryThemeSO.cs(49,23): warning CS0108: 'StoryThemeSO.Description' hides inherited member 'ChimeraScriptableObject.Description'. Use the new keyword if hiding was intended.
Assets/ProjectChimera/Data/Events/GlobalCompetitionEventSO.cs(84,23): warning CS0108: 'GlobalCompetitionEventSO.Description' hides inherited member 'ChimeraScriptableObject.Description'. Use the new keyword if hiding was intended.
Assets/ProjectChimera/Data/Events/MissingEventTypes.cs(148,23): warning CS0108: 'WeatherEventSO.Description' hides inherited member 'ChimeraScriptableObject.Description'. Use the new keyword if hiding was intended.
Assets/ProjectChimera/Data/Events/MissingEventTypes.cs(180,23): warning CS0108: 'ParticipationRequirementSO.Description' hides inherited member 'ChimeraScriptableObject.Description'. Use the new keyword if hiding was intended.
Assets/ProjectChimera/Data/Events/MissingEventTypes.cs(284,23): warning CS0108: 'CompetitionCategorySO.Description' hides inherited member 'ChimeraScriptableObject.Description'. Use the new keyword if hiding was intended.
Assets/ProjectChimera/Data/Events/MissingEventTypes.cs(384,23): warning CS0108: 'SpecialRecognitionSO.Description' hides inherited member 'ChimeraScriptableObject.Description'. Use the new keyword if hiding was intended.
Assets/ProjectChimera/Data/Events/MissingEventTypes.cs(405,23): warning CS0108: 'EducationalContentSO.Description' hides inherited member 'ChimeraScriptableObject.Description'. Use the new keyword if hiding was intended.
Assets/ProjectChimera/Data/Events/MissingEventTypes.cs(516,23): warning CS0108: 'GlobalEventTemplateSO.Description' hides inherited member 'ChimeraScriptableObject.Description'. Use the new keyword if hiding was intended.
Assets/ProjectChimera/Data/Progression/AchievementSO.cs(58,23): warning CS0108: 'AchievementSO.Description' hides inherited member 'ChimeraScriptableObject.Description'. Use the new keyword if hiding was intended.
Assets/ProjectChimera/Data/Progression/AchievementSO.cs(61,36): warning CS0108: 'AchievementSO.Category' hides inherited member 'ChimeraDataSO.Category'. Use the new keyword if hiding was intended.
Assets/ProjectChimera/Data/Events/MissingEventTypes.cs(560,23): warning CS0108: 'HistoricalEventSO.Description' hides inherited member 'ChimeraScriptableObject.Description'. Use the new keyword if hiding was intended.
Assets/ProjectChimera/Data/Events/MissingEventTypes.cs(60,23): warning CS0108: 'LimitedReleaseEventSO.Description' hides inherited member 'ChimeraScriptableObject.Description'. Use the new keyword if hiding was intended.
Assets/ProjectChimera/Data/Events/LiveEventChannelSO.cs(56,23): warning CS0108: 'LiveEventChannelSO.Description' hides inherited member 'ChimeraScriptableObject.Description'. Use the new keyword if hiding was intended.
Assets/ProjectChimera/Data/Events/LiveEventChannelSO.cs(63,22): warning CS0114: 'LiveEventChannelSO.OnEnable()' hides inherited member 'ChimeraScriptableObject.OnEnable()'. To make the current member override that implementation, add the override keyword. Otherwise add the new keyword.
Assets/ProjectChimera/Data/Events/CulturalEventSO.cs(62,23): warning CS0108: 'CulturalEventSO.Description' hides inherited member 'ChimeraScriptableObject.Description'. Use the new keyword if hiding was intended.
Assets/ProjectChimera/Data/Events/MissingEventTypes.cs(93,23): warning CS0108: 'CrisisEventTemplateSO.Description' hides inherited member 'ChimeraScriptableObject.Description'. Use the new keyword if hiding was intended.
Assets/ProjectChimera/Data/Events/MissingEventTypes.cs(124,23): warning CS0108: 'EmergencyResponseSO.Description' hides inherited member 'ChimeraScriptableObject.Description'. Use the new keyword if hiding was intended.
Assets/ProjectChimera/Data/Events/DiscoveryEventSO.cs(48,23): warning CS0108: 'DiscoveryEventSO.Description' hides inherited member 'ChimeraScriptableObject.Description'. Use the new keyword if hiding was intended.
Assets/ProjectChimera/Data/Events/RewardTemplateSO.cs(29,23): warning CS0108: 'RewardTemplateSO.Description' hides inherited member 'ChimeraScriptableObject.Description'. Use the new keyword if hiding was intended.
Assets/ProjectChimera/Data/Events/EventCategorySO.cs(28,23): warning CS0108: 'EventCategorySO.Description' hides inherited member 'ChimeraScriptableObject.Description'. Use the new keyword if hiding was intended.
Assets/ProjectChimera/Data/Events/GlobalEventChannelSO.cs(61,23): warning CS0108: 'GlobalEventChannelSO.Description' hides inherited member 'ChimeraScriptableObject.Description'. Use the new keyword if hiding was intended.
Assets/ProjectChimera/Data/Events/SeasonalEventSO.cs(44,23): warning CS0108: 'SeasonalEventSO.Description' hides inherited member 'ChimeraScriptableObject.Description'. Use the new keyword if hiding was intended.
Assets/ProjectChimera/Data/Events/EventDatabaseSO.cs(69,22): warning CS0114: 'EventDatabaseSO.OnEnable()' hides inherited member 'ChimeraScriptableObject.OnEnable()'. To make the current member override that implementation, add the override keyword. Otherwise add the new keyword.
Assets/ProjectChimera/Data/Progression/SkillTreeSO.cs(43,23): warning CS0108: 'SkillTreeSO.Description' hides inherited member 'ChimeraScriptableObject.Description'. Use the new keyword if hiding was intended.
Assets/ProjectChimera/Data/Progression/SkillTreeSO.cs(45,30): warning CS0108: 'SkillTreeSO.Category' hides inherited member 'ChimeraDataSO.Category'. Use the new keyword if hiding was intended.
Assets/ProjectChimera/Data/Events/SeasonalContentLibrarySO.cs(70,22): warning CS0114: 'SeasonalContentLibrarySO.OnEnable()' hides inherited member 'ChimeraScriptableObject.OnEnable()'. To make the current member override that implementation, add the override keyword. Otherwise add the new keyword.
Assets/ProjectChimera/Data/Progression/SkillNodeLibrarySO.cs(29,59): error CS0246: The type or namespace name 'SkillCategory' could not be found (are you missing a using directive or an assembly reference?)
Assets/ProjectChimera/Data/Facilities/FacilityConfigSO.cs(49,23): warning CS0108: 'FacilityConfigSO.Description' hides inherited member 'ChimeraScriptableObject.Description'. Use the new keyword if hiding was intended.
Assets/ProjectChimera/Data/Facilities/FacilityEquipmentDataSO.cs(68,34): warning CS0108: 'FacilityEquipmentDataSO.Category' hides inherited member 'ChimeraDataSO.Category'. Use the new keyword if hiding was intended.
Assets/ProjectChimera/Data/Facilities/FacilityEquipmentDataSO.cs(71,23): warning CS0108: 'FacilityEquipmentDataSO.Description' hides inherited member 'ChimeraScriptableObject.Description'. Use the new keyword if hiding was intended.
AssetDatabase: script compilation time: 5.418354s
Scripts have compiler errors.
Total cache size 268178956
Total cache size after purge 268178956, took 00:00:00.1301945
[Package Manager] Server process was shutdown
[40m[32minfo[39m[22m[49m: Microsoft.Hosting.Lifetime[0]
      Application is shutting down...
